Component: ARM Compiler 6.16 Tool: armlink [5dfeaa00]

==============================================================================

Memory Map of the image

  Image Entry point : 0x08020195

  Load Region LR_IROM1 (Base: 0x08020000, Size: 0x00010270, Max: 0x00060000, ABSOLUTE)

    Execution Region ER_IROM1 (Base: 0x08020000, Size: 0x00010168, Max: 0x00060000, ABSOLUTE)

    Base Addr    Size         Type   Attr      Idx    E Section Name        Object

    0x08020000   0x00000194   Data   RO        26715    RESET               BUILD/NUCLEO_F401RE/ARMC6/mbed-os/targets/TARGET_STM/TARGET_STM32F4/TARGET_STM32F401xE/TOOLCHAIN_ARM/startup_stm32f401xe.o
    0x08020194   0x00000008   Code   RO        27637  * !!!main             c:\Users\supaw\AppData\Local\Mbed Studio\mbed-studio-tools\ac6\bin\..\lib\armlib\c_w.l(__main.o)
    0x0802019c   0x00000034   Code   RO        28619    !!!scatter          c:\Users\supaw\AppData\Local\Mbed Studio\mbed-studio-tools\ac6\bin\..\lib\armlib\c_w.l(__scatter.o)
    0x080201d0   0x0000001a   Code   RO        28621    !!handler_copy      c:\Users\supaw\AppData\Local\Mbed Studio\mbed-studio-tools\ac6\bin\..\lib\armlib\c_w.l(__scatter_copy.o)
    0x080201ea   0x00000002   PAD
    0x080201ec   0x0000001c   Code   RO        28623    !!handler_zi        c:\Users\supaw\AppData\Local\Mbed Studio\mbed-studio-tools\ac6\bin\..\lib\armlib\c_w.l(__scatter_zi.o)
    0x08020208   0x00000000   Code   RO        27505    .ARM.Collect$$_printf_percent$$00000000  c:\Users\supaw\AppData\Local\Mbed Studio\mbed-studio-tools\ac6\bin\..\lib\armlib\c_w.l(_printf_percent.o)
    0x08020208   0x00000006   Code   RO        27497    .ARM.Collect$$_printf_percent$$00000001  c:\Users\supaw\AppData\Local\Mbed Studio\mbed-studio-tools\ac6\bin\..\lib\armlib\c_w.l(_printf_n.o)
    0x0802020e   0x00000006   Code   RO        27499    .ARM.Collect$$_printf_percent$$00000002  c:\Users\supaw\AppData\Local\Mbed Studio\mbed-studio-tools\ac6\bin\..\lib\armlib\c_w.l(_printf_p.o)
    0x08020214   0x00000006   Code   RO        27504    .ARM.Collect$$_printf_percent$$00000003  c:\Users\supaw\AppData\Local\Mbed Studio\mbed-studio-tools\ac6\bin\..\lib\armlib\c_w.l(_printf_f.o)
    0x0802021a   0x00000006   Code   RO        27853    .ARM.Collect$$_printf_percent$$00000004  c:\Users\supaw\AppData\Local\Mbed Studio\mbed-studio-tools\ac6\bin\..\lib\armlib\c_w.l(_printf_e.o)
    0x08020220   0x00000006   Code   RO        27854    .ARM.Collect$$_printf_percent$$00000005  c:\Users\supaw\AppData\Local\Mbed Studio\mbed-studio-tools\ac6\bin\..\lib\armlib\c_w.l(_printf_g.o)
    0x08020226   0x00000006   Code   RO        27855    .ARM.Collect$$_printf_percent$$00000006  c:\Users\supaw\AppData\Local\Mbed Studio\mbed-studio-tools\ac6\bin\..\lib\armlib\c_w.l(_printf_a.o)
    0x0802022c   0x0000000a   Code   RO        27860    .ARM.Collect$$_printf_percent$$00000007  c:\Users\supaw\AppData\Local\Mbed Studio\mbed-studio-tools\ac6\bin\..\lib\armlib\c_w.l(_printf_ll.o)
    0x08020236   0x00000006   Code   RO        27501    .ARM.Collect$$_printf_percent$$00000008  c:\Users\supaw\AppData\Local\Mbed Studio\mbed-studio-tools\ac6\bin\..\lib\armlib\c_w.l(_printf_i.o)
    0x0802023c   0x00000006   Code   RO        27502    .ARM.Collect$$_printf_percent$$00000009  c:\Users\supaw\AppData\Local\Mbed Studio\mbed-studio-tools\ac6\bin\..\lib\armlib\c_w.l(_printf_d.o)
    0x08020242   0x00000006   Code   RO        27503    .ARM.Collect$$_printf_percent$$0000000A  c:\Users\supaw\AppData\Local\Mbed Studio\mbed-studio-tools\ac6\bin\..\lib\armlib\c_w.l(_printf_u.o)
    0x08020248   0x00000006   Code   RO        27500    .ARM.Collect$$_printf_percent$$0000000B  c:\Users\supaw\AppData\Local\Mbed Studio\mbed-studio-tools\ac6\bin\..\lib\armlib\c_w.l(_printf_o.o)
    0x0802024e   0x00000006   Code   RO        27498    .ARM.Collect$$_printf_percent$$0000000C  c:\Users\supaw\AppData\Local\Mbed Studio\mbed-studio-tools\ac6\bin\..\lib\armlib\c_w.l(_printf_x.o)
    0x08020254   0x00000006   Code   RO        27857    .ARM.Collect$$_printf_percent$$0000000D  c:\Users\supaw\AppData\Local\Mbed Studio\mbed-studio-tools\ac6\bin\..\lib\armlib\c_w.l(_printf_lli.o)
    0x0802025a   0x00000006   Code   RO        27858    .ARM.Collect$$_printf_percent$$0000000E  c:\Users\supaw\AppData\Local\Mbed Studio\mbed-studio-tools\ac6\bin\..\lib\armlib\c_w.l(_printf_lld.o)
    0x08020260   0x00000006   Code   RO        27859    .ARM.Collect$$_printf_percent$$0000000F  c:\Users\supaw\AppData\Local\Mbed Studio\mbed-studio-tools\ac6\bin\..\lib\armlib\c_w.l(_printf_llu.o)
    0x08020266   0x00000006   Code   RO        27863    .ARM.Collect$$_printf_percent$$00000010  c:\Users\supaw\AppData\Local\Mbed Studio\mbed-studio-tools\ac6\bin\..\lib\armlib\c_w.l(_printf_llo.o)
    0x0802026c   0x00000006   Code   RO        27864    .ARM.Collect$$_printf_percent$$00000011  c:\Users\supaw\AppData\Local\Mbed Studio\mbed-studio-tools\ac6\bin\..\lib\armlib\c_w.l(_printf_llx.o)
[...]
    0x08026fa8   0x0000007e   Code   RO        20121    .text._ZN6USBCDC7send_nbEPhjPjb  BUILD/NUCLEO_F401RE/ARMC6/mbed-os/drivers/usb/source/USBCDC.o
    0x08027026   0x00000060   Code   RO        20163    .text._ZN6USBCDC9AsyncRead7processEv  BUILD/NUCLEO_F401RE/ARMC6/mbed-os/drivers/usb/source/USBCDC.o
    0x08027086   0x0000000e   Code   RO        20161    .text._ZN6USBCDC9AsyncReadD0Ev  BUILD/NUCLEO_F401RE/ARMC6/mbed-os/drivers/usb/source/USBCDC.o
    0x08027094   0x00000008   Code   RO        20155    .text._ZN6USBCDC9AsyncWait7processEv  BUILD/NUCLEO_F401RE/ARMC6/mbed-os/drivers/usb/source/USBCDC.o
    0x0802709c   0x0000000e   Code   RO        20153    .text._ZN6USBCDC9AsyncWaitD0Ev  BUILD/NUCLEO_F401RE/ARMC6/mbed-os/drivers/usb/source/USBCDC.o
    0x080270aa   0x00000042   Code   RO        20111    .text._ZN6USBCDC9_send_isrEv  BUILD/NUCLEO_F401RE/ARMC6/mbed-os/drivers/usb/source/USBCDC.o
    0x080270ec   0x00000042   Code   RO        20093    .text._ZN6USBCDCC2EP6USBPhyttt  BUILD/NUCLEO_F401RE/ARMC6/mbed-os/drivers/usb/source/USBCDC.o
    0x0802712e   0x0000000e   Code   RO        20097    .text._ZN6USBCDCD0Ev  BUILD/NUCLEO_F401RE/ARMC6/mbed-os/drivers/usb/source/USBCDC.o
    0x0802713c   0x00000038   Code   RO        20095    .text._ZN6USBCDCD2Ev  BUILD/NUCLEO_F401RE/ARMC6/mbed-os/drivers/usb/source/USBCDC.o
    0x08027174   0x0000002a   Code   RO           53    .text._ZN6events10EventQueue13function_callIN4mbed8CallbackIFvvEEEEEvPv  BUILD/NUCLEO_F401RE/ARMC6/TimerTPL5010/TimerTPL5010.o
    0x0802719e   0x0000002a   Code   RO           39    .text._ZN6events10EventQueue13function_callINS0_7contextIN4mbed8CallbackIFvvEEEJEEEEEvPv  BUILD/NUCLEO_F401RE/ARMC6/TimerTPL5010/TimerTPL5010.o
    0x080271c8   0x0000000a   Code   RO           59    .text._ZN6events10EventQueue13function_callINS0_7contextIPFiPKczEJS4_PvEEEEEvS7_  BUILD/NUCLEO_F401RE/ARMC6/TimerTPL5010/TimerTPL5010.o
    0x080271d2   0x0000000a   Code   RO           51    .text._ZN6events10EventQueue13function_dtorIN4mbed8CallbackIFvvEEEEEvPv  BUILD/NUCLEO_F401RE/ARMC6/TimerTPL5010/TimerTPL5010.o
    0x080271dc   0x0000000a   Code   RO           37    .text._ZN6events10EventQueue13function_dtorINS0_7contextIN4mbed8CallbackIFvvEEEJEEEEEvPv  BUILD/NUCLEO_F401RE/ARMC6/TimerTPL5010/TimerTPL5010.o
    0x080271e6   0x00000002   Code   RO           57    .text._ZN6events10EventQueue13function_dtorINS0_7contextIPFiPKczEJS4_PvEEEEEvS7_  BUILD/NUCLEO_F401RE/ARMC6/TimerTPL5010/TimerTPL5010.o
    0x080271e8   0x00000008   Code   RO        20845    .text._ZN6events10EventQueue16dispatch_foreverEv  BUILD/NUCLEO_F401RE/ARMC6/mbed-os/events/source/EventQueue.o
    0x080271f0   0x00000028   Code   RO           19    .text._ZN6events10EventQueue5eventI12TimerTPL5010vJEEENS_5EventIFvDpT1_EEEPT_MS8_FT0_S5_E  BUILD/NUCLEO_F401RE/ARMC6/TimerTPL5010/TimerTPL5010.o
    0x08027218   0x0000002e   Code   RO           23    .text._ZN6events10EventQueue7call_inI12TimerTPL5010vJEEEiNSt3__26chrono8durationIiNS3_5ratioILx1ELx1000EEEEEPT_MS9_FT0_DpT1_ESD_  BUILD/NUCLEO_F401RE/ARMC6/TimerTPL5010/TimerTPL5010.o
    0x08027246   0x0000005e   Code   RO           49    .text._ZN6events10EventQueue7call_inIN4mbed8CallbackIFvvEEEEEiNSt3__26chrono8durationIiNS6_5ratioILx1ELx1000EEEEET_  BUILD/NUCLEO_F401RE/ARMC6/TimerTPL5010/TimerTPL5010.o
    0x080272a4   0x00000052   Code   RO           55    .text._ZN6events10EventQueue7call_inINS0_7contextIPFiPKczEJS4_PvEEEEEiNSt3__26chrono8durationIiNS9_5ratioILx1ELx1000EEEEET_  BUILD/NUCLEO_F401RE/ARMC6/TimerTPL5010/TimerTPL5010.o
    0x080272f6   0x00000020   Code   RO        20837    .text._ZN6events10EventQueueC2EjPh  BUILD/NUCLEO_F401RE/ARMC6/mbed-os/events/source/EventQueue.o
    0x08027316   0x0000000c   Code   RO           35    .text._ZN6events5EventIFvvEE10event_dtorIN4mbed8CallbackIS1_EEEEvPNS2_5eventE  BUILD/NUCLEO_F401RE/ARMC6/TimerTPL5010/TimerTPL5010.o
    0x08027322   0x00000082   Code   RO           33    .text._ZN6events5EventIFvvEE10event_postIN4mbed8CallbackIS1_EEEEiPNS2_5eventE  BUILD/NUCLEO_F401RE/ARMC6/TimerTPL5010/TimerTPL5010.o
    0x080273a4   0x00000052   Code   RO           25    .text._ZN6events5EventIFvvEEC2IN4mbed8CallbackIS1_EEEEPNS_10EventQueueET_  BUILD/NUCLEO_F401RE/ARMC6/TimerTPL5010/TimerTPL5010.o
    0x080273f6   0x00000020   Code   RO           21    .text._ZN6events5EventIFvvEED2Ev  BUILD/NUCLEO_F401RE/ARMC6/TimerTPL5010/TimerTPL5010.o
    0x08027416   0x00000002   PAD
    0x08027418   0x0000009c   Code   RO        19835    .text._ZN7AsyncOp4waitEPN4rtos5MutexENSt3__26chrono8durationIjNS3_5ratioILx1ELx1000EEEEE  BUILD/NUCLEO_F401RE/ARMC6/mbed-os/drivers/usb/source/AsyncOp.o
    0x080274b4   0x00000044   Code   RO        19839    .text._ZN7AsyncOp6_abortEb  BUILD/NUCLEO_F401RE/ARMC6/mbed-os/drivers/usb/source/AsyncOp.o
    0x080274f8   0x00000056   Code   RO        19845    .text._ZN7AsyncOp8completeEv  BUILD/NUCLEO_F401RE/ARMC6/mbed-os/drivers/usb/source/AsyncOp.o
    0x0802754e   0x0000001a   Code   RO        19827    .text._ZN7AsyncOpC2Ev  BUILD/NUCLEO_F401RE/ARMC6/mbed-os/drivers/usb/source/AsyncOp.o
    0x08027568   0x00000002   Code   RO        19833    .text._ZN7AsyncOpD0Ev  BUILD/NUCLEO_F401RE/ARMC6/mbed-os/drivers/usb/source/AsyncOp.o
    0x0802756a   0x00000002   PAD
    0x0802756c   0x00000048   Code   RO        19831    .text._ZN7AsyncOpD2Ev  BUILD/NUCLEO_F401RE/ARMC6/mbed-os/drivers/usb/source/AsyncOp.o
    0x080275b4   0x0000003a   Code   RO        26848    .text._ZN8USBPhyHw10disconnectEv  BUILD/NUCLEO_F401RE/ARMC6/mbed-os/targets/TARGET_STM/USBPhy_STM32.o
    0x080275ee   0x00000006   Code   RO        26854    .text._ZN8USBPhyHw10sof_enableEv  BUILD/NUCLEO_F401RE/ARMC6/mbed-os/targets/TARGET_STM/USBPhy_STM32.o
    0x080275f4   0x00000028   Code   RO        26858    .text._ZN8USBPhyHw11set_addressEh  BUILD/NUCLEO_F401RE/ARMC6/mbed-os/targets/TARGET_STM/USBPhy_STM32.o
    0x0802761c   0x00000006   Code   RO        26856    .text._ZN8USBPhyHw11sof_disableEv  BUILD/NUCLEO_F401RE/ARMC6/mbed-os/targets/TARGET_STM/USBPhy_STM32.o
    0x08027622   0x00000002   Code   RO        26852    .text._ZN8USBPhyHw11unconfigureEv  BUILD/NUCLEO_F401RE/ARMC6/mbed-os/targets/TARGET_STM/USBPhy_STM32.o
    0x08027624   0x00000094   Code   RO        26876    .text._ZN8USBPhyHw12endpoint_addEhj13usb_ep_type_t  BUILD/NUCLEO_F401RE/ARMC6/mbed-os/targets/TARGET_STM/USBPhy_STM32.o
    0x080276b8   0x0000002c   Code   RO        26884    .text._ZN8USBPhyHw13endpoint_readEhPhj  BUILD/NUCLEO_F401RE/ARMC6/mbed-os/targets/TARGET_STM/USBPhy_STM32.o
    0x080276e4   0x00000002   Code   RO        26860    .text._ZN8USBPhyHw13remote_wakeupEv  BUILD/NUCLEO_F401RE/ARMC6/mbed-os/targets/TARGET_STM/USBPhy_STM32.o
    0x080276e6   0x00000028   Code   RO        26890    .text._ZN8USBPhyHw14endpoint_abortEh  BUILD/NUCLEO_F401RE/ARMC6/mbed-os/targets/TARGET_STM/USBPhy_STM32.o
    0x0802770e   0x0000002a   Code   RO        26880    .text._ZN8USBPhyHw14endpoint_stallEh  BUILD/NUCLEO_F401RE/ARMC6/mbed-os/targets/TARGET_STM/USBPhy_STM32.o
    0x08027738   0x0000000a   Code   RO        26862    .text._ZN8USBPhyHw14endpoint_tableEv  BUILD/NUCLEO_F401RE/ARMC6/mbed-os/targets/TARGET_STM/USBPhy_STM32.o
    0x08027742   0x00000042   Code   RO        26888    .text._ZN8USBPhyHw14endpoint_writeEhPhj  BUILD/NUCLEO_F401RE/ARMC6/mbed-os/targets/TARGET_STM/USBPhy_STM32.o
    0x08027784   0x00000028   Code   RO        26878    .text._ZN8USBPhyHw15endpoint_removeEh  BUILD/NUCLEO_F401RE/ARMC6/mbed-os/targets/TARGET_STM/USBPhy_STM32.o
    0x080277ac   0x0000000e   Code   RO        26870    .text._ZN8USBPhyHw15ep0_read_resultEv  BUILD/NUCLEO_F401RE/ARMC6/mbed-os/targets/TARGET_STM/USBPhy_STM32.o
    0x080277ba   0x0000002a   Code   RO        26882    .text._ZN8USBPhyHw16endpoint_unstallEh  BUILD/NUCLEO_F401RE/ARMC6/mbed-os/targets/TARGET_STM/USBPhy_STM32.o
    0x080277e4   0x00000004   Code   RO        26864    .text._ZN8USBPhyHw18ep0_set_max_packetEj  BUILD/NUCLEO_F401RE/ARMC6/mbed-os/targets/TARGET_STM/USBPhy_STM32.o
    0x080277e8   0x0000001e   Code   RO        26886    .text._ZN8USBPhyHw20endpoint_read_resultEh  BUILD/NUCLEO_F401RE/ARMC6/mbed-os/targets/TARGET_STM/USBPhy_STM32.o
    0x08027806   0x00000020   Code   RO        26866    .text._ZN8USBPhyHw21ep0_setup_read_resultEPhj  BUILD/NUCLEO_F401RE/ARMC6/mbed-os/targets/TARGET_STM/USBPhy_STM32.o
    0x08027826   0x00000002   PAD
    0x08027828   0x0000019c   Code   RO        26838    .text._ZN8USBPhyHw4initEP12USBPhyEvents  BUILD/NUCLEO_F401RE/ARMC6/mbed-os/targets/TARGET_STM/USBPhy_STM32.o
    0x080279c4   0x0000004a   Code   RO        26842    .text._ZN8USBPhyHw6deinitEv  BUILD/NUCLEO_F401RE/ARMC6/mbed-os/targets/TARGET_STM/USBPhy_STM32.o
    0x08027a0e   0x00000026   Code   RO        26840    .text._ZN8USBPhyHw7_usbisrEv  BUILD/NUCLEO_F401RE/ARMC6/mbed-os/targets/TARGET_STM/USBPhy_STM32.o
    0x08027a34   0x00000032   Code   RO        26846    .text._ZN8USBPhyHw7connectEv  BUILD/NUCLEO_F401RE/ARMC6/mbed-os/targets/TARGET_STM/USBPhy_STM32.o
    0x08027a66   0x00000004   Code   RO        26844    .text._ZN8USBPhyHw7poweredEv  BUILD/NUCLEO_F401RE/ARMC6/mbed-os/targets/TARGET_STM/USBPhy_STM32.o
    0x08027a6a   0x00000024   Code   RO        26892    .text._ZN8USBPhyHw7processEv  BUILD/NUCLEO_F401RE/ARMC6/mbed-os/targets/TARGET_STM/USBPhy_STM32.o
    0x08027a8e   0x0000003a   Code   RO        26868    .text._ZN8USBPhyHw8ep0_readEPhj  BUILD/NUCLEO_F401RE/ARMC6/mbed-os/targets/TARGET_STM/USBPhy_STM32.o
    0x08027ac8   0x00000002   Code   RO        26850    .text._ZN8USBPhyHw9configureEv  BUILD/NUCLEO_F401RE/ARMC6/mbed-os/targets/TARGET_STM/USBPhy_STM32.o
    0x08027aca   0x0000001c   Code   RO        26874    .text._ZN8USBPhyHw9ep0_stallEv  BUILD/NUCLEO_F401RE/ARMC6/mbed-os/targets/TARGET_STM/USBPhy_STM32.o
    0x08027ae6   0x00000002   PAD
    0x08027ae8   0x00000054   Code   RO        26872    .text._ZN8USBPhyHw9ep0_writeEPhj  BUILD/NUCLEO_F401RE/ARMC6/mbed-os/targets/TARGET_STM/USBPhy_STM32.o
    0x08027b3c   0x00000004   Code   RO        26836    .text._ZN8USBPhyHwD0Ev  BUILD/NUCLEO_F401RE/ARMC6/mbed-os/targets/TARGET_STM/USBPhy_STM32.o
    0x08027b40   0x00000002   Code   RO        26834    .text._ZN8USBPhyHwD2Ev  BUILD/NUCLEO_F401RE/ARMC6/mbed-os/targets/TARGET_STM/USBPhy_STM32.o
    0x08027b42   0x00000044   Code   RO        20319    .text._ZN9USBDevice10disconnectEv  BUILD/NUCLEO_F401RE/ARMC6/mbed-os/drivers/usb/source/USBDevice.o
    0x08027b86   0x000000e0   Code   RO        20353    .text._ZN9USBDevice10read_startEhPhj  BUILD/NUCLEO_F401RE/ARMC6/mbed-os/drivers/usb/source/USBDevice.o
    0x08027c66   0x0000008a   Code   RO        20251    .text._ZN9USBDevice11_control_inEv  BUILD/NUCLEO_F401RE/ARMC6/mbed-os/drivers/usb/source/USBDevice.o
    0x08027cf0   0x0000004c   Code   RO        20361    .text._ZN9USBDevice11device_descEv  BUILD/NUCLEO_F401RE/ARMC6/mbed-os/drivers/usb/source/USBDevice.o
    0x08027d3c   0x000000b0   Code   RO        20355    .text._ZN9USBDevice11read_finishEh  BUILD/NUCLEO_F401RE/ARMC6/mbed-os/drivers/usb/source/USBDevice.o
    0x08027dec   0x0000012c   Code   RO        20357    .text._ZN9USBDevice11write_startEhPhj  BUILD/NUCLEO_F401RE/ARMC6/mbed-os/drivers/usb/source/USBDevice.o
    0x08027f18   0x0000007e   Code   RO        20247    .text._ZN9USBDevice12_control_outEv  BUILD/NUCLEO_F401RE/ARMC6/mbed-os/drivers/usb/source/USBDevice.o
    0x08027f96   0x00000002   Code   RO        20066    .text._ZN9USBDevice12callback_sofEi  BUILD/NUCLEO_F401RE/ARMC6/mbed-os/drivers/usb/source/USBAudio.o
    0x08027f98   0x00000138   Code   RO        20327    .text._ZN9USBDevice12endpoint_addEhj13usb_ep_type_tN4mbed8CallbackIFvvEEE  BUILD/NUCLEO_F401RE/ARMC6/mbed-os/drivers/usb/source/USBDevice.o
    0x080280d0   0x00000032   Code   RO        20145    .text._ZN9USBDevice12endpoint_addI6USBCDCEEbhj13usb_ep_type_tMT_FvvE  BUILD/NUCLEO_F401RE/ARMC6/mbed-os/drivers/usb/source/USBCDC.o
    0x08028102   0x000000a0   Code   RO        20359    .text._ZN9USBDevice12write_finishEh  BUILD/NUCLEO_F401RE/ARMC6/mbed-os/drivers/usb/source/USBDevice.o
    0x080281a2   0x0000008e   Code   RO        20261    .text._ZN9USBDevice13_change_stateENS_11DeviceStateE  BUILD/NUCLEO_F401RE/ARMC6/mbed-os/drivers/usb/source/USBDevice.o
    0x08028230   0x00000026   Code   RO        20381    .text._ZN9USBDevice13assert_lockedEv  BUILD/NUCLEO_F401RE/ARMC6/mbed-os/drivers/usb/source/USBDevice.o
    0x08028256   0x00000022   Code   RO        20375    .text._ZN9USBDevice13start_processEv  BUILD/NUCLEO_F401RE/ARMC6/mbed-os/drivers/usb/source/USBDevice.o
    0x08028278   0x0000006e   Code   RO        20295    .text._ZN9USBDevice14_control_setupEv  BUILD/NUCLEO_F401RE/ARMC6/mbed-os/drivers/usb/source/USBDevice.o
    0x080282e6   0x00000002   PAD
    0x080282e8   0x000000c6   Code   RO        20293    .text._ZN9USBDevice14_request_setupEv  BUILD/NUCLEO_F401RE/ARMC6/mbed-os/drivers/usb/source/USBDevice.o
    0x080283ae   0x00000002   Code   RO        20064    .text._ZN9USBDevice14callback_powerEb  BUILD/NUCLEO_F401RE/ARMC6/mbed-os/drivers/usb/source/USBAudio.o
    0x080283b0   0x00000002   Code   RO        20068    .text._ZN9USBDevice14callback_resetEv  BUILD/NUCLEO_F401RE/ARMC6/mbed-os/drivers/usb/source/USBAudio.o
    0x080283b2   0x000000a8   Code   RO        20333    .text._ZN9USBDevice14endpoint_abortEh  BUILD/NUCLEO_F401RE/ARMC6/mbed-os/drivers/usb/source/USBDevice.o
    0x0802845a   0x000000b4   Code   RO        20285    .text._ZN9USBDevice14endpoint_stallEh  BUILD/NUCLEO_F401RE/ARMC6/mbed-os/drivers/usb/source/USBDevice.o
    0x0802850e   0x0000000a   Code   RO        20337    .text._ZN9USBDevice14endpoint_tableEv  BUILD/NUCLEO_F401RE/ARMC6/mbed-os/drivers/usb/source/USBDevice.o
    0x08028518   0x00000080   Code   RO        20297    .text._ZN9USBDevice16complete_requestENS_13RequestResultEPhj  BUILD/NUCLEO_F401RE/ARMC6/mbed-os/drivers/usb/source/USBDevice.o
    0x08028598   0x000000b6   Code   RO        20289    .text._ZN9USBDevice16endpoint_unstallEh  BUILD/NUCLEO_F401RE/ARMC6/mbed-os/drivers/usb/source/USBDevice.o
    0x0802864e   0x00000096   Code   RO        20299    .text._ZN9USBDevice17_complete_requestEv  BUILD/NUCLEO_F401RE/ARMC6/mbed-os/drivers/usb/source/USBDevice.o
    0x080286e4   0x00000004   Code   RO        20062    .text._ZN9USBDevice18report_desc_dengthEv  BUILD/NUCLEO_F401RE/ARMC6/mbed-os/drivers/usb/source/USBAudio.o
    0x080286e8   0x0000000a   Code   RO        20363    .text._ZN9USBDevice18string_langid_descEv  BUILD/NUCLEO_F401RE/ARMC6/mbed-os/drivers/usb/source/USBDevice.o
    0x080286f2   0x0000007c   Code   RO        20291    .text._ZN9USBDevice19_request_get_statusEv  BUILD/NUCLEO_F401RE/ARMC6/mbed-os/drivers/usb/source/USBDevice.o
    0x0802876e   0x0000000a   Code   RO        20367    .text._ZN9USBDevice19string_iserial_descEv  BUILD/NUCLEO_F401RE/ARMC6/mbed-os/drivers/usb/source/USBDevice.o
    0x08028778   0x00000030   Code   RO        20259    .text._ZN9USBDevice20_request_set_addressEv  BUILD/NUCLEO_F401RE/ARMC6/mbed-os/drivers/usb/source/USBDevice.o
    0x080287a8   0x00000050   Code   RO        20283    .text._ZN9USBDevice20_request_set_featureEv  BUILD/NUCLEO_F401RE/ARMC6/mbed-os/drivers/usb/source/USBDevice.o
    0x080287f8   0x0000000a   Code   RO        20373    .text._ZN9USBDevice20string_iproduct_descEv  BUILD/NUCLEO_F401RE/ARMC6/mbed-os/drivers/usb/source/USBDevice.o
    0x08028802   0x00000050   Code   RO        20287    .text._ZN9USBDevice22_request_clear_featureEv  BUILD/NUCLEO_F401RE/ARMC6/mbed-os/drivers/usb/source/USBDevice.o
    0x08028852   0x00000002   PAD
    0x08028854   0x00000078   Code   RO        20279    .text._ZN9USBDevice22complete_set_interfaceEb  BUILD/NUCLEO_F401RE/ARMC6/mbed-os/drivers/usb/source/USBDevice.o
    0x080288cc   0x0000000a   Code   RO        20371    .text._ZN9USBDevice22string_iinterface_descEv  BUILD/NUCLEO_F401RE/ARMC6/mbed-os/drivers/usb/source/USBDevice.o
    0x080288d6   0x0000005a   Code   RO        20281    .text._ZN9USBDevice23_complete_set_interfaceEv  BUILD/NUCLEO_F401RE/ARMC6/mbed-os/drivers/usb/source/USBDevice.o
    0x08028930   0x000000aa   Code   RO        20271    .text._ZN9USBDevice23_control_setup_continueEv  BUILD/NUCLEO_F401RE/ARMC6/mbed-os/drivers/usb/source/USBDevice.o
    0x080289da   0x00000002   PAD
    0x080289dc   0x0000014a   Code   RO        20243    .text._ZN9USBDevice23_request_get_descriptorEv  BUILD/NUCLEO_F401RE/ARMC6/mbed-os/drivers/usb/source/USBDevice.o
    0x08028b26   0x0000003c   Code   RO        20351    .text._ZN9USBDevice24endpoint_max_packet_sizeEh  BUILD/NUCLEO_F401RE/ARMC6/mbed-os/drivers/usb/source/USBDevice.o
    0x08028b62   0x0000000a   Code   RO        20365    .text._ZN9USBDevice25string_imanufacturer_descEv  BUILD/NUCLEO_F401RE/ARMC6/mbed-os/drivers/usb/source/USBDevice.o
    0x08028b6c   0x00000044   Code   RO        20263    .text._ZN9USBDevice26_request_set_configurationEv  BUILD/NUCLEO_F401RE/ARMC6/mbed-os/drivers/usb/source/USBDevice.o
    0x08028bb0   0x0000007c   Code   RO        20249    .text._ZN9USBDevice26complete_request_xfer_doneEb  BUILD/NUCLEO_F401RE/ARMC6/mbed-os/drivers/usb/source/USBDevice.o
    0x08028c2c   0x0000007c   Code   RO        20265    .text._ZN9USBDevice26complete_set_configurationEb  BUILD/NUCLEO_F401RE/ARMC6/mbed-os/drivers/usb/source/USBDevice.o
    0x08028ca8   0x0000000a   Code   RO        20369    .text._ZN9USBDevice26string_iconfiguration_descEv  BUILD/NUCLEO_F401RE/ARMC6/mbed-os/drivers/usb/source/USBDevice.o
    0x08028cb2   0x00000076   Code   RO        20255    .text._ZN9USBDevice27_complete_request_xfer_doneEv  BUILD/NUCLEO_F401RE/ARMC6/mbed-os/drivers/usb/source/USBDevice.o
    0x08028d28   0x000000ac   Code   RO        20267    .text._ZN9USBDevice27_complete_set_configurationEv  BUILD/NUCLEO_F401RE/ARMC6/mbed-os/drivers/usb/source/USBDevice.o
    0x08028dd4   0x00000084   Code   RO        20313    .text._ZN9USBDevice2inEh  BUILD/NUCLEO_F401RE/ARMC6/mbed-os/drivers/usb/source/USBDevice.o
    0x08028e58   0x00000084   Code   RO        20311    .text._ZN9USBDevice3outEh  BUILD/NUCLEO_F401RE/ARMC6/mbed-os/drivers/usb/source/USBDevice.o
    0x08028edc   0x00000006   Code   RO        20343    .text._ZN9USBDevice3sofEi  BUILD/NUCLEO_F401RE/ARMC6/mbed-os/drivers/usb/source/USBDevice.o
    0x08028ee2   0x00000040   Code   RO        20315    .text._ZN9USBDevice4initEv  BUILD/NUCLEO_F401RE/ARMC6/mbed-os/drivers/usb/source/USBDevice.o
    0x08028f22   0x00000032   Code   RO        20377    .text._ZN9USBDevice4lockEv  BUILD/NUCLEO_F401RE/ARMC6/mbed-os/drivers/usb/source/USBDevice.o
    0x08028f54   0x00000024   Code   RO        20339    .text._ZN9USBDevice5powerEb  BUILD/NUCLEO_F401RE/ARMC6/mbed-os/drivers/usb/source/USBDevice.o
    0x08028f78   0x00000050   Code   RO        20303    .text._ZN9USBDevice5resetEv  BUILD/NUCLEO_F401RE/ARMC6/mbed-os/drivers/usb/source/USBDevice.o
    0x08028fc8   0x00000034   Code   RO        20317    .text._ZN9USBDevice6deinitEv  BUILD/NUCLEO_F401RE/ARMC6/mbed-os/drivers/usb/source/USBDevice.o
    0x08028ffc   0x00000056   Code   RO        20309    .text._ZN9USBDevice6ep0_inEv  BUILD/NUCLEO_F401RE/ARMC6/mbed-os/drivers/usb/source/USBDevice.o
    0x08029052   0x00000002   PAD
    0x08029054   0x00000090   Code   RO        20379    .text._ZN9USBDevice6unlockEv  BUILD/NUCLEO_F401RE/ARMC6/mbed-os/drivers/usb/source/USBDevice.o
    0x080290e4   0x00000034   Code   RO        20321    .text._ZN9USBDevice7connectEv  BUILD/NUCLEO_F401RE/ARMC6/mbed-os/drivers/usb/source/USBDevice.o
    0x08029118   0x00000068   Code   RO        20307    .text._ZN9USBDevice7ep0_outEv  BUILD/NUCLEO_F401RE/ARMC6/mbed-os/drivers/usb/source/USBDevice.o
    0x08029180   0x00000002   Code   RO        20341    .text._ZN9USBDevice7suspendEb  BUILD/NUCLEO_F401RE/ARMC6/mbed-os/drivers/usb/source/USBDevice.o
    0x08029182   0x00000052   Code   RO        20305    .text._ZN9USBDevice9ep0_setupEv  BUILD/NUCLEO_F401RE/ARMC6/mbed-os/drivers/usb/source/USBDevice.o
    0x080291d4   0x00000078   Code   RO        20345    .text._ZN9USBDeviceC2EP6USBPhyttt  BUILD/NUCLEO_F401RE/ARMC6/mbed-os/drivers/usb/source/USBDevice.o
    0x0802924c   0x00000002   Code   RO        20349    .text._ZN9USBDeviceD0Ev  BUILD/NUCLEO_F401RE/ARMC6/mbed-os/drivers/usb/source/USBDevice.o
    0x0802924e   0x00000002   PAD
    0x08029250   0x0000005c   Code   RO        20347    .text._ZN9USBDeviceD2Ev  BUILD/NUCLEO_F401RE/ARMC6/mbed-os/drivers/usb/source/USBDevice.o
    0x080292ac   0x00000032   Code   RO        20834    .text._ZN9USBSerial19line_coding_changedEiiii  BUILD/NUCLEO_F401RE/ARMC6/mbed-os/drivers/usb/source/USBSerial.o
    0x080292de   0x00000028   Code   RO        20822    .text._ZN9USBSerial5_getcEv  BUILD/NUCLEO_F401RE/ARMC6/mbed-os/drivers/usb/source/USBSerial.o
    0x08029306   0x0000001e   Code   RO        20818    .text._ZN9USBSerial5_putcEi  BUILD/NUCLEO_F401RE/ARMC6/mbed-os/drivers/usb/source/USBSerial.o
    0x08029324   0x00000020   Code   RO        20826    .text._ZN9USBSerial7data_rxEv  BUILD/NUCLEO_F401RE/ARMC6/mbed-os/drivers/usb/source/USBSerial.o
    0x08029344   0x00000026   Code   RO        20828    .text._ZN9USBSerial9availableEv  BUILD/NUCLEO_F401RE/ARMC6/mbed-os/drivers/usb/source/USBSerial.o
    0x0802936a   0x00000074   Code   RO        20802    .text._ZN9USBSerialC2Ebttt  BUILD/NUCLEO_F401RE/ARMC6/mbed-os/drivers/usb/source/USBSerial.o
    0x080293de   0x0000000e   Code   RO        20812    .text._ZN9USBSerialD0Ev  BUILD/NUCLEO_F401RE/ARMC6/mbed-os/drivers/usb/source/USBSerial.o
    0x080293ec   0x0000004a   Code   RO        20806    .text._ZN9USBSerialD2Ev  BUILD/NUCLEO_F401RE/ARMC6/mbed-os/drivers/usb/source/USBSerial.o
    0x08029436   0x0000003a   Code   RO        22425    .text._ZNK12DirectSerial4pollEs  BUILD/NUCLEO_F401RE/ARMC6/mbed-os/platform/source/mbed_retarget.o
    0x08029470   0x00000056   Code   RO        18396    .text._ZNK12SingletonPtrIN4rtos5MutexEE3getEv  BUILD/NUCLEO_F401RE/ARMC6/mbed-os/connectivity/netsocket/source/nsapi_dns.o
    0x080294c6   0x00000004   Code   RO        19801    .text._ZNK4mbed10FileHandle11is_blockingEv  BUILD/NUCLEO_F401RE/ARMC6/mbed-os/drivers/source/UnbufferedSerial.o
    0x080294ca   0x00000004   Code   RO        20512    .text._ZNK4mbed10FileHandle4pollEs  BUILD/NUCLEO_F401RE/ARMC6/mbed-os/drivers/usb/source/USBKeyboard.o
    0x080294ce   0x00000030   Code   RO        19757    .text._ZNK4mbed16UnbufferedSerial4pollEs  BUILD/NUCLEO_F401RE/ARMC6/mbed-os/drivers/source/UnbufferedSerial.o
    0x080294fe   0x00000002   PAD
    0x08029500   0x00000050   Code   RO           47    .text._ZNK6events5EventIFvvEE4callEv  BUILD/NUCLEO_F401RE/ARMC6/TimerTPL5010/TimerTPL5010.o
    0x08029550   0x0000002c   Code   RO        20824    .text._ZThn1100_N9USBSerial5_getcEv  BUILD/NUCLEO_F401RE/ARMC6/mbed-os/drivers/usb/source/USBSerial.o
    0x0802957c   0x00000022   Code   RO        20820    .text._ZThn1100_N9USBSerial5_putcEi  BUILD/NUCLEO_F401RE/ARMC6/mbed-os/drivers/usb/source/USBSerial.o
    0x0802959e   0x00000012   Code   RO        20814    .text._ZThn1100_N9USBSerialD0Ev  BUILD/NUCLEO_F401RE/ARMC6/mbed-os/drivers/usb/source/USBSerial.o
    0x080295b0   0x00000008   Code   RO        20808    .text._ZThn1100_N9USBSerialD1Ev  BUILD/NUCLEO_F401RE/ARMC6/mbed-os/drivers/usb/source/USBSerial.o
    0x080295b8   0x00000012   Code   RO        20816    .text._ZThn1104_N9USBSerialD0Ev  BUILD/NUCLEO_F401RE/ARMC6/mbed-os/drivers/usb/source/USBSerial.o
    0x080295ca   0x00000008   Code   RO        20810    .text._ZThn1104_N9USBSerialD1Ev  BUILD/NUCLEO_F401RE/ARMC6/mbed-os/drivers/usb/source/USBSerial.o
    0x080295d2   0x0000000c   Code   RO        19763    .text._ZThn228_N4mbed16UnbufferedSerial12enable_inputEb  BUILD/NUCLEO_F401RE/ARMC6/mbed-os/drivers/source/UnbufferedSerial.o
    0x080295de   0x0000000c   Code   RO        19767    .text._ZThn228_N4mbed16UnbufferedSerial13enable_outputEb  BUILD/NUCLEO_F401RE/ARMC6/mbed-os/drivers/source/UnbufferedSerial.o
    0x080295ea   0x0000002a   Code   RO        19755    .text._ZThn228_N4mbed16UnbufferedSerial4readEPvj  BUILD/NUCLEO_F401RE/ARMC6/mbed-os/drivers/source/UnbufferedSerial.o
    0x08029614   0x0000000a   Code   RO        19789    .text._ZThn228_N4mbed16UnbufferedSerial4seekEli  BUILD/NUCLEO_F401RE/ARMC6/mbed-os/drivers/source/UnbufferedSerial.o
    0x0802961e   0x00000006   Code   RO        19797    .text._ZThn228_N4mbed16UnbufferedSerial4sizeEv  BUILD/NUCLEO_F401RE/ARMC6/mbed-os/drivers/source/UnbufferedSerial.o
    0x08029624   0x00000004   Code   RO        19791    .text._ZThn228_N4mbed16UnbufferedSerial5closeEv  BUILD/NUCLEO_F401RE/ARMC6/mbed-os/drivers/source/UnbufferedSerial.o
    0x08029628   0x00000006   Code   RO        19751    .text._ZThn228_N4mbed16UnbufferedSerial5writeEPKvj  BUILD/NUCLEO_F401RE/ARMC6/mbed-os/drivers/source/UnbufferedSerial.o
    0x0802962e   0x00000004   Code   RO        19795    .text._ZThn228_N4mbed16UnbufferedSerial6isattyEv  BUILD/NUCLEO_F401RE/ARMC6/mbed-os/drivers/source/UnbufferedSerial.o
    0x08029632   0x00000010   Code   RO        19787    .text._ZThn228_N4mbed16UnbufferedSerialD0Ev  BUILD/NUCLEO_F401RE/ARMC6/mbed-os/drivers/source/UnbufferedSerial.o
    0x08029642   0x00000006   Code   RO        19785    .text._ZThn228_N4mbed16UnbufferedSerialD1Ev  BUILD/NUCLEO_F401RE/ARMC6/mbed-os/drivers/source/UnbufferedSerial.o
    0x08029648   0x00000006   Code   RO        19759    .text._ZThn228_NK4mbed16UnbufferedSerial4pollEs  BUILD/NUCLEO_F401RE/ARMC6/mbed-os/drivers/source/UnbufferedSerial.o
    0x0802964e   0x00000002   Code   RO        21947    .text._ZThn4_N4mbed6StreamD0Ev  BUILD/NUCLEO_F401RE/ARMC6/mbed-os/platform/source/Stream.o
    0x08029650   0x0000002a   Code   RO        21943    .text._ZThn4_N4mbed6StreamD1Ev  BUILD/NUCLEO_F401RE/ARMC6/mbed-os/platform/source/Stream.o
    0x0802967a   0x00000004   Code   RO        22565    .text._ZdaPv        BUILD/NUCLEO_F401RE/ARMC6/mbed-os/platform/source/mbed_retarget.o
    0x0802967e   0x00000004   Code   RO        22509    .text._ZdlPv        BUILD/NUCLEO_F401RE/ARMC6/mbed-os/platform/source/mbed_retarget.o
    0x08029682   0x00000004   Code   RO        22561    .text._ZnajRKSt9nothrow_t  BUILD/NUCLEO_F401RE/ARMC6/mbed-os/platform/source/mbed_retarget.o
    0x08029686   0x00000002   PAD
    0x08029688   0x0000007c   Code   RO        22551    .text.__cxa_guard_acquire  BUILD/NUCLEO_F401RE/ARMC6/mbed-os/platform/source/mbed_retarget.o
    0x08029704   0x00000046   Code   RO        22553    .text.__cxa_guard_release  BUILD/NUCLEO_F401RE/ARMC6/mbed-os/platform/source/mbed_retarget.o
    0x0802974a   0x00000002   PAD
    0x0802974c   0x00000028   Code   RO        27763    .text.__cxa_pure_virtual  c:\Users\supaw\AppData\Local\Mbed Studio\mbed-studio-tools\ac6\bin\..\lib\libcxx\libcppabi_w.l(cxa_virtual.cpp.o)
    0x08029774   0x0000004e   Code   RO          661    .text.__rt_entry    BUILD/NUCLEO_F401RE/ARMC6/mbed-os/cmsis/device/rtos/TOOLCHAIN_ARM_STD/mbed_boot_arm_std.o
    0x080297c2   0x00000002   PAD
    0x080297c4   0x00000068   Code   RO          665    .text.__user_perthread_libspace  BUILD/NUCLEO_F401RE/ARMC6/mbed-os/cmsis/device/rtos/TOOLCHAIN_ARM_STD/mbed_boot_arm_std.o
    0x0802982c   0x00000004   Code   RO        22487    .text.__user_setup_stackheap  BUILD/NUCLEO_F401RE/ARMC6/mbed-os/platform/source/mbed_retarget.o
    0x08029830   0x00000032   Code   RO        22483    .text._mbed_user_setup_stackheap  BUILD/NUCLEO_F401RE/ARMC6/mbed-os/platform/source/mbed_retarget.o
    0x08029862   0x00000034   Code   RO          669    .text._mutex_acquire  BUILD/NUCLEO_F401RE/ARMC6/mbed-os/cmsis/device/rtos/TOOLCHAIN_ARM_STD/mbed_boot_arm_std.o
    0x08029896   0x00000002   PAD
    0x08029898   0x00000042   Code   RO          673    .text._mutex_free   BUILD/NUCLEO_F401RE/ARMC6/mbed-os/cmsis/device/rtos/TOOLCHAIN_ARM_STD/mbed_boot_arm_std.o
    0x080298da   0x00000002   PAD
    0x080298dc   0x000000a4   Code   RO          667    .text._mutex_initialize  BUILD/NUCLEO_F401RE/ARMC6/mbed-os/cmsis/device/rtos/TOOLCHAIN_ARM_STD/mbed_boot_arm_std.o
    0x08029980   0x00000030   Code   RO          671    .text._mutex_release  BUILD/NUCLEO_F401RE/ARMC6/mbed-os/cmsis/device/rtos/TOOLCHAIN_ARM_STD/mbed_boot_arm_std.o
    0x080299b0   0x00000004   Code   RO          293    .text._platform_post_stackheap_init  BUILD/NUCLEO_F401RE/ARMC6/mbed-os/cmsis/CMSIS_5/CMSIS/RTOS2/RTX/Source/rtx_lib.o
    0x080299b4   0x00000004   Code   RO        22453    .text._sys_close    BUILD/NUCLEO_F401RE/ARMC6/mbed-os/platform/source/mbed_retarget.o
    0x080299b8   0x00000002   Code   RO        22461    .text._sys_exit     BUILD/NUCLEO_F401RE/ARMC6/mbed-os/platform/source/mbed_retarget.o
    0x080299ba   0x0000002a   Code   RO        22481    .text._sys_flen     BUILD/NUCLEO_F401RE/ARMC6/mbed-os/platform/source/mbed_retarget.o
    0x080299e4   0x00000004   Code   RO        22469    .text._sys_istty    BUILD/NUCLEO_F401RE/ARMC6/mbed-os/platform/source/mbed_retarget.o
    0x080299e8   0x0000008a   Code   RO        22449    .text._sys_open     BUILD/NUCLEO_F401RE/ARMC6/mbed-os/platform/source/mbed_retarget.o
    0x08029a72   0x00000002   PAD
    0x08029a74   0x00000108   Code   RO        22465    .text._sys_read     BUILD/NUCLEO_F401RE/ARMC6/mbed-os/platform/source/mbed_retarget.o
    0x08029b7c   0x00000006   Code   RO        22471    .text._sys_seek     BUILD/NUCLEO_F401RE/ARMC6/mbed-os/platform/source/mbed_retarget.o
    0x08029b82   0x00000002   PAD
    0x08029b84   0x00000130   Code   RO        22457    .text._sys_write    BUILD/NUCLEO_F401RE/ARMC6/mbed-os/platform/source/mbed_retarget.o
    0x08029cb4   0x00000018   Code   RO        22463    .text._ttywrch      BUILD/NUCLEO_F401RE/ARMC6/mbed-os/platform/source/mbed_retarget.o
    0x08029ccc   0x00000016   Code   RO        22662    .text._wait_us_ticks  BUILD/NUCLEO_F401RE/ARMC6/mbed-os/platform/source/mbed_wait_api_no_rtos.o
    0x08029ce2   0x00000004   Code   RO        28055    .text.abort_message  c:\Users\supaw\AppData\Local\Mbed Studio\mbed-studio-tools\ac6\bin\..\lib\libcxx\libcppabi_w.l(abort_message.cpp.o)
    0x08029ce6   0x00000002   Code   RO        21668    .text.block_us_ticker_free  BUILD/NUCLEO_F401RE/ARMC6/mbed-os/hal/source/mbed_us_ticker_api.o
    0x08029ce8   0x00000040   Code   RO        22455    .text.close         BUILD/NUCLEO_F401RE/ARMC6/mbed-os/platform/source/mbed_retarget.o
    0x08029d28   0x0000000c   Code   RO        22261    .text.core_util_are_interrupts_enabled  BUILD/NUCLEO_F401RE/ARMC6/mbed-os/platform/source/mbed_critical.o
    0x08029d34   0x00000088   Code   RO        22267    .text.core_util_critical_section_enter  BUILD/NUCLEO_F401RE/ARMC6/mbed-os/platform/source/mbed_critical.o
    0x08029dbc   0x00000018   Code   RO        22269    .text.core_util_critical_section_exit  BUILD/NUCLEO_F401RE/ARMC6/mbed-os/platform/source/mbed_critical.o
    0x08029dd4   0x00000004   Code   RO        22265    .text.core_util_in_critical_section  BUILD/NUCLEO_F401RE/ARMC6/mbed-os/platform/source/mbed_critical.o
    0x08029dd8   0x0000000c   Code   RO        22263    .text.core_util_is_isr_active  BUILD/NUCLEO_F401RE/ARMC6/mbed-os/platform/source/mbed_critical.o
    0x08029de4   0x00000054   Code   RO        27179    .text.debug         BUILD/NUCLEO_F401RE/ARMC6/mbed-os/targets/TARGET_STM/serial_api.o
    0x08029e38   0x00000082   Code   RO        20871    .text.equeue_alloc  BUILD/NUCLEO_F401RE/ARMC6/mbed-os/events/source/equeue.o
    0x08029eba   0x00000024   Code   RO        20865    .text.equeue_create  BUILD/NUCLEO_F401RE/ARMC6/mbed-os/events/source/equeue.o
    0x08029ede   0x00000072   Code   RO        20867    .text.equeue_create_inplace  BUILD/NUCLEO_F401RE/ARMC6/mbed-os/events/source/equeue.o
    0x08029f50   0x00000086   Code   RO        20873    .text.equeue_dealloc  BUILD/NUCLEO_F401RE/ARMC6/mbed-os/events/source/equeue.o
    0x08029fd6   0x00000002   PAD
    0x08029fd8   0x000001aa   Code   RO        20893    .text.equeue_dispatch  BUILD/NUCLEO_F401RE/ARMC6/mbed-os/events/source/equeue.o
    0x0802a182   0x00000002   PAD
    0x0802a184   0x000000b4   Code   RO        20875    .text.equeue_enqueue  BUILD/NUCLEO_F401RE/ARMC6/mbed-os/events/source/equeue.o
    0x0802a238   0x00000004   Code   RO        20927    .text.equeue_mutex_lock  BUILD/NUCLEO_F401RE/ARMC6/mbed-os/events/source/equeue_mbed.o
    0x0802a23c   0x00000004   Code   RO        20929    .text.equeue_mutex_unlock  BUILD/NUCLEO_F401RE/ARMC6/mbed-os/events/source/equeue_mbed.o
    0x0802a240   0x00000048   Code   RO        20877    .text.equeue_post   BUILD/NUCLEO_F401RE/ARMC6/mbed-os/events/source/equeue.o
    0x0802a288   0x00000014   Code   RO        20931    .text.equeue_sema_create  BUILD/NUCLEO_F401RE/ARMC6/mbed-os/events/source/equeue_mbed.o
    0x0802a29c   0x00000006   Code   RO        20935    .text.equeue_sema_signal  BUILD/NUCLEO_F401RE/ARMC6/mbed-os/events/source/equeue_mbed.o
    0x0802a2a2   0x00000018   Code   RO        20937    .text.equeue_sema_wait  BUILD/NUCLEO_F401RE/ARMC6/mbed-os/events/source/equeue_mbed.o
    0x0802a2ba   0x00000008   Code   RO        20921    .text.equeue_tick   BUILD/NUCLEO_F401RE/ARMC6/mbed-os/events/source/equeue_mbed.o
    0x0802a2c2   0x00000002   PAD
    0x0802a2c4   0x00000070   Code   RO        22274    .text.error         BUILD/NUCLEO_F401RE/ARMC6/mbed-os/platform/source/mbed_error.o
    0x0802a334   0x00000034   Code   RO          740    .text.error_msg     BUILD/NUCLEO_F401RE/ARMC6/mbed-os/cmsis/device/rtos/source/mbed_rtx_handlers.o
    0x0802a368   0x0000002e   Code   RO        22527    .text.exit          BUILD/NUCLEO_F401RE/ARMC6/mbed-os/platform/source/mbed_retarget.o
    0x0802a396   0x00000030   Code   RO        22441    .text.fdopen        BUILD/NUCLEO_F401RE/ARMC6/mbed-os/platform/source/mbed_retarget.o
    0x0802a3c6   0x0000002c   Code   RO        22479    .text.fsync         BUILD/NUCLEO_F401RE/ARMC6/mbed-os/platform/source/mbed_retarget.o
    0x0802a3f2   0x00000034   Code   RO        27199    .text.get_uart_index  BUILD/NUCLEO_F401RE/ARMC6/mbed-os/targets/TARGET_STM/serial_api.o
    0x0802a426   0x0000002e   Code   RO        26918    .text.gpio_dir      BUILD/NUCLEO_F401RE/ARMC6/mbed-os/targets/TARGET_STM/gpio_api.o
    0x0802a454   0x00000046   Code   RO        26914    .text.gpio_init     BUILD/NUCLEO_F401RE/ARMC6/mbed-os/targets/TARGET_STM/gpio_api.o
    0x0802a49a   0x00000006   Code   RO        21520    .text.gpio_init_in  BUILD/NUCLEO_F401RE/ARMC6/mbed-os/hal/source/mbed_gpio.o
    0x0802a4a0   0x00000026   Code   RO        21522    .text.gpio_init_in_ex  BUILD/NUCLEO_F401RE/ARMC6/mbed-os/hal/source/mbed_gpio.o
    0x0802a4c6   0x00000006   Code   RO        21524    .text.gpio_init_out  BUILD/NUCLEO_F401RE/ARMC6/mbed-os/hal/source/mbed_gpio.o
    0x0802a4cc   0x00000038   Code   RO        21526    .text.gpio_init_out_ex  BUILD/NUCLEO_F401RE/ARMC6/mbed-os/hal/source/mbed_gpio.o
    0x0802a504   0x00000008   Code   RO        26924    .text.gpio_irq0     BUILD/NUCLEO_F401RE/ARMC6/mbed-os/targets/TARGET_STM/gpio_irq_api.o
    0x0802a50c   0x00000008   Code   RO        26926    .text.gpio_irq1     BUILD/NUCLEO_F401RE/ARMC6/mbed-os/targets/TARGET_STM/gpio_irq_api.o
    0x0802a514   0x00000008   Code   RO        26928    .text.gpio_irq2     BUILD/NUCLEO_F401RE/ARMC6/mbed-os/targets/TARGET_STM/gpio_irq_api.o
    0x0802a51c   0x00000008   Code   RO        26930    .text.gpio_irq3     BUILD/NUCLEO_F401RE/ARMC6/mbed-os/targets/TARGET_STM/gpio_irq_api.o
    0x0802a524   0x00000008   Code   RO        26932    .text.gpio_irq4     BUILD/NUCLEO_F401RE/ARMC6/mbed-os/targets/TARGET_STM/gpio_irq_api.o
    0x0802a52c   0x00000008   Code   RO        26934    .text.gpio_irq5     BUILD/NUCLEO_F401RE/ARMC6/mbed-os/targets/TARGET_STM/gpio_irq_api.o
    0x0802a534   0x00000008   Code   RO        26936    .text.gpio_irq6     BUILD/NUCLEO_F401RE/ARMC6/mbed-os/targets/TARGET_STM/gpio_irq_api.o
    0x0802a53c   0x000000bc   Code   RO        26942    .text.gpio_irq_disable  BUILD/NUCLEO_F401RE/ARMC6/mbed-os/targets/TARGET_STM/gpio_irq_api.o
    0x0802a5f8   0x000000a8   Code   RO        26938    .text.gpio_irq_enable  BUILD/NUCLEO_F401RE/ARMC6/mbed-os/targets/TARGET_STM/gpio_irq_api.o
    0x0802a6a0   0x00000074   Code   RO        26940    .text.gpio_irq_free  BUILD/NUCLEO_F401RE/ARMC6/mbed-os/targets/TARGET_STM/gpio_irq_api.o
    0x0802a714   0x000001a8   Code   RO        26922    .text.gpio_irq_init  BUILD/NUCLEO_F401RE/ARMC6/mbed-os/targets/TARGET_STM/gpio_irq_api.o
    0x0802a8bc   0x0000007a   Code   RO        26944    .text.gpio_irq_set  BUILD/NUCLEO_F401RE/ARMC6/mbed-os/targets/TARGET_STM/gpio_irq_api.o
    0x0802a936   0x00000008   Code   RO        26916    .text.gpio_mode     BUILD/NUCLEO_F401RE/ARMC6/mbed-os/targets/TARGET_STM/gpio_api.o
    0x0802a93e   0x00000002   PAD
    0x0802a940   0x00000068   Code   RO        26912    .text.gpio_set      BUILD/NUCLEO_F401RE/ARMC6/mbed-os/targets/TARGET_STM/gpio_api.o
    0x0802a9a8   0x00000026   Code   RO        21506    .text.hal_critical_section_enter  BUILD/NUCLEO_F401RE/ARMC6/mbed-os/hal/source/mbed_critical_section_api.o
    0x0802a9ce   0x00000002   PAD
    0x0802a9d0   0x00000084   Code   RO        21508    .text.hal_critical_section_exit  BUILD/NUCLEO_F401RE/ARMC6/mbed-os/hal/source/mbed_critical_section_api.o
    0x0802aa54   0x0000004a   Code   RO        27216    .text.hal_deepsleep  BUILD/NUCLEO_F401RE/ARMC6/mbed-os/targets/TARGET_STM/sleep.o
    0x0802aa9e   0x0000000c   Code   RO        21510    .text.hal_in_critical_section  BUILD/NUCLEO_F401RE/ARMC6/mbed-os/hal/source/mbed_critical_section_api.o
    0x0802aaaa   0x00000022   Code   RO        27214    .text.hal_sleep     BUILD/NUCLEO_F401RE/ARMC6/mbed-os/targets/TARGET_STM/sleep.o
    0x0802aacc   0x00000108   Code   RO        22276    .text.handle_error  BUILD/NUCLEO_F401RE/ARMC6/mbed-os/platform/source/mbed_error.o
    0x0802abd4   0x000000d0   Code   RO        26946    .text.handle_interrupt_in  BUILD/NUCLEO_F401RE/ARMC6/mbed-os/targets/TARGET_STM/gpio_irq_api.o
    0x0802aca4   0x000000bc   Code   RO        27287    .text.init_32bit_timer  BUILD/NUCLEO_F401RE/ARMC6/mbed-os/targets/TARGET_STM/us_ticker.o
    0x0802ad60   0x00000064   Code   RO        27177    .text.init_uart     BUILD/NUCLEO_F401RE/ARMC6/mbed-os/targets/TARGET_STM/serial_api.o
    0x0802adc4   0x00000028   Code   RO        22443    .text.isatty        BUILD/NUCLEO_F401RE/ARMC6/mbed-os/platform/source/mbed_retarget.o
    0x0802adec   0x00000032   Code   RO        22473    .text.lseek         BUILD/NUCLEO_F401RE/ARMC6/mbed-os/platform/source/mbed_retarget.o
    0x0802ae1e   0x00000002   PAD
    0x0802ae20   0x0000013c   Code   RO           66    .text.main          BUILD/NUCLEO_F401RE/ARMC6/main.o
    0x0802af5c   0x0000001a   Code   RO        22150    .text.mbed_assert_internal  BUILD/NUCLEO_F401RE/ARMC6/mbed-os/platform/source/mbed_assert.o
    0x0802af76   0x00000002   PAD
    0x0802af78   0x00000064   Code   RO        22250    .text.mbed_die      BUILD/NUCLEO_F401RE/ARMC6/mbed-os/platform/source/mbed_board.o
    0x0802afdc   0x0000003a   Code   RO        22298    .text.mbed_error    BUILD/NUCLEO_F401RE/ARMC6/mbed-os/platform/source/mbed_error.o
    0x0802b016   0x00000020   Code   RO        22252    .text.mbed_error_printf  BUILD/NUCLEO_F401RE/ARMC6/mbed-os/platform/source/mbed_board.o
    0x0802b036   0x00000002   PAD
    0x0802b038   0x00000052   Code   RO        22256    .text.mbed_error_puts  BUILD/NUCLEO_F401RE/ARMC6/mbed-os/platform/source/mbed_board.o
    0x0802b08a   0x00000034   Code   RO        22254    .text.mbed_error_vprintf  BUILD/NUCLEO_F401RE/ARMC6/mbed-os/platform/source/mbed_board.o
    0x0802b0be   0x00000002   PAD
    0x0802b0c0   0x00000100   Code   RO        22132    .text.mbed_fault_handler  BUILD/NUCLEO_F401RE/ARMC6/mbed-os/platform/source/TARGET_CORTEX_M/mbed_fault_handler.o
    0x0802b1c0   0x0000000c   Code   RO        22294    .text.mbed_get_error_in_progress  BUILD/NUCLEO_F401RE/ARMC6/mbed-os/platform/source/mbed_error.o
    0x0802b1cc   0x0000003e   Code   RO        22280    .text.mbed_halt_system  BUILD/NUCLEO_F401RE/ARMC6/mbed-os/platform/source/mbed_error.o
    0x0802b20a   0x00000002   PAD
    0x0802b20c   0x0000003c   Code   RO          681    .text.mbed_init     BUILD/NUCLEO_F401RE/ARMC6/mbed-os/cmsis/device/rtos/source/mbed_boot.o
    0x0802b248   0x000000b4   Code   RO        21676    .text.mbed_mpu_init  BUILD/NUCLEO_F401RE/ARMC6/mbed-os/hal/source/mpu/mbed_mpu_v7m.o
    0x0802b2fc   0x00000004   Code   RO          697    .text.mbed_rtos_init  BUILD/NUCLEO_F401RE/ARMC6/mbed-os/cmsis/device/rtos/source/mbed_rtos_rtx.o
    0x0802b300   0x0000002c   Code   RO          701    .text.mbed_rtos_init_singleton_mutex  BUILD/NUCLEO_F401RE/ARMC6/mbed-os/cmsis/device/rtos/source/mbed_rtos_rtx.o
    0x0802b32c   0x000000a8   Code   RO          699    .text.mbed_rtos_start  BUILD/NUCLEO_F401RE/ARMC6/mbed-os/cmsis/device/rtos/source/mbed_rtos_rtx.o
    0x0802b3d4   0x00000024   Code   RO        27075    .text.mbed_sdk_init  BUILD/NUCLEO_F401RE/ARMC6/mbed-os/targets/TARGET_STM/mbed_overrides.o
    0x0802b3f8   0x0000001e   Code   RO          685    .text.mbed_start    BUILD/NUCLEO_F401RE/ARMC6/mbed-os/cmsis/device/rtos/source/mbed_boot.o
    0x0802b416   0x0000001a   Code   RO          663    .text.mbed_toolchain_init  BUILD/NUCLEO_F401RE/ARMC6/mbed-os/cmsis/device/rtos/TOOLCHAIN_ARM_STD/mbed_boot_arm_std.o
    0x0802b430   0x000000be   Code   RO        22451    .text.open          BUILD/NUCLEO_F401RE/ARMC6/mbed-os/platform/source/mbed_retarget.o
    0x0802b4ee   0x0000002e   Code   RO          159    .text.osDelay       BUILD/NUCLEO_F401RE/ARMC6/mbed-os/cmsis/CMSIS_5/CMSIS/RTOS2/RTX/Source/rtx_delay.o
    0x0802b51c   0x00000032   Code   RO          169    .text.osEventFlagsNew  BUILD/NUCLEO_F401RE/ARMC6/mbed-os/cmsis/CMSIS_5/CMSIS/RTOS2/RTX/Source/rtx_evflags.o
    0x0802b54e   0x00000056   Code   RO          173    .text.osEventFlagsSet  BUILD/NUCLEO_F401RE/ARMC6/mbed-os/cmsis/CMSIS_5/CMSIS/RTOS2/RTX/Source/rtx_evflags.o
    0x0802b5a4   0x0000004e   Code   RO          183    .text.osEventFlagsWait  BUILD/NUCLEO_F401RE/ARMC6/mbed-os/cmsis/CMSIS_5/CMSIS/RTOS2/RTX/Source/rtx_evflags.o
    0x0802b5f2   0x00000032   Code   RO          243    .text.osKernelGetState  BUILD/NUCLEO_F401RE/ARMC6/mbed-os/cmsis/CMSIS_5/CMSIS/RTOS2/RTX/Source/rtx_kernel.o
    0x0802b624   0x0000002a   Code   RO          259    .text.osKernelGetTickCount  BUILD/NUCLEO_F401RE/ARMC6/mbed-os/cmsis/CMSIS_5/CMSIS/RTOS2/RTX/Source/rtx_kernel.o
    0x0802b64e   0x00000032   Code   RO          237    .text.osKernelInitialize  BUILD/NUCLEO_F401RE/ARMC6/mbed-os/cmsis/CMSIS_5/CMSIS/RTOS2/RTX/Source/rtx_kernel.o
    0x0802b680   0x0000002e   Code   RO          247    .text.osKernelStart  BUILD/NUCLEO_F401RE/ARMC6/mbed-os/cmsis/CMSIS_5/CMSIS/RTOS2/RTX/Source/rtx_kernel.o
    0x0802b6ae   0x0000007c   Code   RO          374    .text.osMessageQueueGet  BUILD/NUCLEO_F401RE/ARMC6/mbed-os/cmsis/CMSIS_5/CMSIS/RTOS2/RTX/Source/rtx_msgqueue.o
    0x0802b72a   0x00000084   Code   RO          372    .text.osMessageQueuePut  BUILD/NUCLEO_F401RE/ARMC6/mbed-os/cmsis/CMSIS_5/CMSIS/RTOS2/RTX/Source/rtx_msgqueue.o
    0x0802b7ae   0x0000002e   Code   RO          422    .text.osMutexAcquire  BUILD/NUCLEO_F401RE/ARMC6/mbed-os/cmsis/CMSIS_5/CMSIS/RTOS2/RTX/Source/rtx_mutex.o
    0x0802b7dc   0x0000002e   Code   RO          428    .text.osMutexDelete  BUILD/NUCLEO_F401RE/ARMC6/mbed-os/cmsis/CMSIS_5/CMSIS/RTOS2/RTX/Source/rtx_mutex.o
    0x0802b80a   0x00000032   Code   RO          418    .text.osMutexNew    BUILD/NUCLEO_F401RE/ARMC6/mbed-os/cmsis/CMSIS_5/CMSIS/RTOS2/RTX/Source/rtx_mutex.o
    0x0802b83c   0x0000002e   Code   RO          424    .text.osMutexRelease  BUILD/NUCLEO_F401RE/ARMC6/mbed-os/cmsis/CMSIS_5/CMSIS/RTOS2/RTX/Source/rtx_mutex.o
    0x0802b86a   0x00000002   PAD
    0x0802b86c   0x000000fc   Code   RO          716    .text.osRtxErrorNotify  BUILD/NUCLEO_F401RE/ARMC6/mbed-os/cmsis/device/rtos/source/mbed_rtx_handlers.o
    0x0802b968   0x00000038   Code   RO          189    .text.osRtxEventFlagsPostProcess  BUILD/NUCLEO_F401RE/ARMC6/mbed-os/cmsis/CMSIS_5/CMSIS/RTOS2/RTX/Source/rtx_evflags.o
    0x0802b9a0   0x00000004   Code   RO          714    .text.osRtxIdleThread  BUILD/NUCLEO_F401RE/ARMC6/mbed-os/cmsis/device/rtos/source/mbed_rtx_handlers.o
    0x0802b9a4   0x00000016   Code   RO          235    .text.osRtxKernelErrorNotify  BUILD/NUCLEO_F401RE/ARMC6/mbed-os/cmsis/CMSIS_5/CMSIS/RTOS2/RTX/Source/rtx_kernel.o
    0x0802b9ba   0x00000002   PAD
    0x0802b9bc   0x00000086   Code   RO          312    .text.osRtxMemoryAlloc  BUILD/NUCLEO_F401RE/ARMC6/mbed-os/cmsis/CMSIS_5/CMSIS/RTOS2/RTX/Source/rtx_memory.o
    0x0802ba42   0x00000002   PAD
    0x0802ba44   0x0000004e   Code   RO          314    .text.osRtxMemoryFree  BUILD/NUCLEO_F401RE/ARMC6/mbed-os/cmsis/CMSIS_5/CMSIS/RTOS2/RTX/Source/rtx_memory.o
    0x0802ba92   0x00000038   Code   RO          310    .text.osRtxMemoryInit  BUILD/NUCLEO_F401RE/ARMC6/mbed-os/cmsis/CMSIS_5/CMSIS/RTOS2/RTX/Source/rtx_memory.o
    0x0802baca   0x0000003a   Code   RO          320    .text.osRtxMemoryPoolAlloc  BUILD/NUCLEO_F401RE/ARMC6/mbed-os/cmsis/CMSIS_5/CMSIS/RTOS2/RTX/Source/rtx_mempool.o
    0x0802bb04   0x0000004a   Code   RO          322    .text.osRtxMemoryPoolFree  BUILD/NUCLEO_F401RE/ARMC6/mbed-os/cmsis/CMSIS_5/CMSIS/RTOS2/RTX/Source/rtx_mempool.o
    0x0802bb4e   0x00000002   PAD
    0x0802bb50   0x00000052   Code   RO          318    .text.osRtxMemoryPoolInit  BUILD/NUCLEO_F401RE/ARMC6/mbed-os/cmsis/CMSIS_5/CMSIS/RTOS2/RTX/Source/rtx_mempool.o
    0x0802bba2   0x000000d6   Code   RO          396    .text.osRtxMessageQueuePostProcess  BUILD/NUCLEO_F401RE/ARMC6/mbed-os/cmsis/CMSIS_5/CMSIS/RTOS2/RTX/Source/rtx_msgqueue.o
    0x0802bc78   0x0000002c   Code   RO          364    .text.osRtxMessageQueueTimerSetup  BUILD/NUCLEO_F401RE/ARMC6/mbed-os/cmsis/CMSIS_5/CMSIS/RTOS2/RTX/Source/rtx_msgqueue.o
    0x0802bca4   0x0000004a   Code   RO          414    .text.osRtxMutexOwnerRelease  BUILD/NUCLEO_F401RE/ARMC6/mbed-os/cmsis/CMSIS_5/CMSIS/RTOS2/RTX/Source/rtx_mutex.o
    0x0802bcee   0x00000002   PAD
    0x0802bcf0   0x00000050   Code   RO          416    .text.osRtxMutexOwnerRestore  BUILD/NUCLEO_F401RE/ARMC6/mbed-os/cmsis/CMSIS_5/CMSIS/RTOS2/RTX/Source/rtx_mutex.o
    0x0802bd40   0x000000a4   Code   RO          474    .text.osRtxPendSV_Handler  BUILD/NUCLEO_F401RE/ARMC6/mbed-os/cmsis/CMSIS_5/CMSIS/RTOS2/RTX/Source/rtx_system.o
    0x0802bde4   0x00000076   Code   RO          476    .text.osRtxPostProcess  BUILD/NUCLEO_F401RE/ARMC6/mbed-os/cmsis/CMSIS_5/CMSIS/RTOS2/RTX/Source/rtx_system.o
    0x0802be5a   0x00000036   Code   RO          460    .text.osRtxSemaphorePostProcess  BUILD/NUCLEO_F401RE/ARMC6/mbed-os/cmsis/CMSIS_5/CMSIS/RTOS2/RTX/Source/rtx_semaphore.o
    0x0802be90   0x000000a2   Code   RO          504    .text.osRtxThreadDelayInsert  BUILD/NUCLEO_F401RE/ARMC6/mbed-os/cmsis/CMSIS_5/CMSIS/RTOS2/RTX/Source/rtx_thread.o
    0x0802bf32   0x00000046   Code   RO          500    .text.osRtxThreadDelayRemove  BUILD/NUCLEO_F401RE/ARMC6/mbed-os/cmsis/CMSIS_5/CMSIS/RTOS2/RTX/Source/rtx_thread.o
    0x0802bf78   0x000000a2   Code   RO          490    .text.osRtxThreadDelayTick  BUILD/NUCLEO_F401RE/ARMC6/mbed-os/cmsis/CMSIS_5/CMSIS/RTOS2/RTX/Source/rtx_thread.o
    0x0802c01a   0x00000026   Code   RO          586    .text.osRtxThreadDestroy  BUILD/NUCLEO_F401RE/ARMC6/mbed-os/cmsis/CMSIS_5/CMSIS/RTOS2/RTX/Source/rtx_thread.o
    0x0802c040   0x000000f8   Code   RO          496    .text.osRtxThreadDispatch  BUILD/NUCLEO_F401RE/ARMC6/mbed-os/cmsis/CMSIS_5/CMSIS/RTOS2/RTX/Source/rtx_thread.o
    0x0802c138   0x00000064   Code   RO          578    .text.osRtxThreadFree  BUILD/NUCLEO_F401RE/ARMC6/mbed-os/cmsis/CMSIS_5/CMSIS/RTOS2/RTX/Source/rtx_thread.o
    0x0802c19c   0x00000020   Code   RO          584    .text.osRtxThreadJoinWakeup  BUILD/NUCLEO_F401RE/ARMC6/mbed-os/cmsis/CMSIS_5/CMSIS/RTOS2/RTX/Source/rtx_thread.o
    0x0802c1bc   0x00000012   Code   RO          482    .text.osRtxThreadListGet  BUILD/NUCLEO_F401RE/ARMC6/mbed-os/cmsis/CMSIS_5/CMSIS/RTOS2/RTX/Source/rtx_thread.o
    0x0802c1ce   0x00000002   PAD
    0x0802c1d0   0x0000002a   Code   RO          480    .text.osRtxThreadListPut  BUILD/NUCLEO_F401RE/ARMC6/mbed-os/cmsis/CMSIS_5/CMSIS/RTOS2/RTX/Source/rtx_thread.o
    0x0802c1fa   0x00000014   Code   RO          486    .text.osRtxThreadListRemove  BUILD/NUCLEO_F401RE/ARMC6/mbed-os/cmsis/CMSIS_5/CMSIS/RTOS2/RTX/Source/rtx_thread.o
    0x0802c20e   0x00000002   PAD
    0x0802c210   0x00000046   Code   RO          484    .text.osRtxThreadListSort  BUILD/NUCLEO_F401RE/ARMC6/mbed-os/cmsis/CMSIS_5/CMSIS/RTOS2/RTX/Source/rtx_thread.o
    0x0802c256   0x0000002a   Code   RO          554    .text.osRtxThreadPostProcess  BUILD/NUCLEO_F401RE/ARMC6/mbed-os/cmsis/CMSIS_5/CMSIS/RTOS2/RTX/Source/rtx_thread.o
    0x0802c280   0x0000003a   Code   RO          488    .text.osRtxThreadReadyPut  BUILD/NUCLEO_F401RE/ARMC6/mbed-os/cmsis/CMSIS_5/CMSIS/RTOS2/RTX/Source/rtx_thread.o
    0x0802c2ba   0x00000014   Code   RO          492    .text.osRtxThreadRegPtr  BUILD/NUCLEO_F401RE/ARMC6/mbed-os/cmsis/CMSIS_5/CMSIS/RTOS2/RTX/Source/rtx_thread.o
    0x0802c2ce   0x00000048   Code   RO          506    .text.osRtxThreadStartup  BUILD/NUCLEO_F401RE/ARMC6/mbed-os/cmsis/CMSIS_5/CMSIS/RTOS2/RTX/Source/rtx_thread.o
    0x0802c316   0x00000010   Code   RO          494    .text.osRtxThreadSwitch  BUILD/NUCLEO_F401RE/ARMC6/mbed-os/cmsis/CMSIS_5/CMSIS/RTOS2/RTX/Source/rtx_thread.o
    0x0802c326   0x00000048   Code   RO          502    .text.osRtxThreadWaitEnter  BUILD/NUCLEO_F401RE/ARMC6/mbed-os/cmsis/CMSIS_5/CMSIS/RTOS2/RTX/Source/rtx_thread.o
    0x0802c36e   0x00000002   PAD
    0x0802c370   0x00000062   Code   RO          498    .text.osRtxThreadWaitExit  BUILD/NUCLEO_F401RE/ARMC6/mbed-os/cmsis/CMSIS_5/CMSIS/RTOS2/RTX/Source/rtx_thread.o
    0x0802c3d2   0x0000007a   Code   RO          472    .text.osRtxTick_Handler  BUILD/NUCLEO_F401RE/ARMC6/mbed-os/cmsis/CMSIS_5/CMSIS/RTOS2/RTX/Source/rtx_system.o
    0x0802c44c   0x00000024   Code   RO          604    .text.osRtxTimerSetup  BUILD/NUCLEO_F401RE/ARMC6/mbed-os/cmsis/CMSIS_5/CMSIS/RTOS2/RTX/Source/rtx_timer.o
    0x0802c470   0x00000022   Code   RO          608    .text.osRtxTimerThread  BUILD/NUCLEO_F401RE/ARMC6/mbed-os/cmsis/CMSIS_5/CMSIS/RTOS2/RTX/Source/rtx_timer.o
    0x0802c492   0x00000002   PAD
    0x0802c494   0x00000078   Code   RO          606    .text.osRtxTimerTick  BUILD/NUCLEO_F401RE/ARMC6/mbed-os/cmsis/CMSIS_5/CMSIS/RTOS2/RTX/Source/rtx_timer.o
    0x0802c50c   0x0000005e   Code   RO          448    .text.osSemaphoreAcquire  BUILD/NUCLEO_F401RE/ARMC6/mbed-os/cmsis/CMSIS_5/CMSIS/RTOS2/RTX/Source/rtx_semaphore.o
    0x0802c56a   0x0000002e   Code   RO          456    .text.osSemaphoreDelete  BUILD/NUCLEO_F401RE/ARMC6/mbed-os/cmsis/CMSIS_5/CMSIS/RTOS2/RTX/Source/rtx_semaphore.o
    0x0802c598   0x00000032   Code   RO          444    .text.osSemaphoreNew  BUILD/NUCLEO_F401RE/ARMC6/mbed-os/cmsis/CMSIS_5/CMSIS/RTOS2/RTX/Source/rtx_semaphore.o
    0x0802c5ca   0x00000076   Code   RO          450    .text.osSemaphoreRelease  BUILD/NUCLEO_F401RE/ARMC6/mbed-os/cmsis/CMSIS_5/CMSIS/RTOS2/RTX/Source/rtx_semaphore.o
    0x0802c640   0x0000001a   Code   RO          538    .text.osThreadExit  BUILD/NUCLEO_F401RE/ARMC6/mbed-os/cmsis/CMSIS_5/CMSIS/RTOS2/RTX/Source/rtx_thread.o
    0x0802c65a   0x0000002a   Code   RO          514    .text.osThreadGetId  BUILD/NUCLEO_F401RE/ARMC6/mbed-os/cmsis/CMSIS_5/CMSIS/RTOS2/RTX/Source/rtx_thread.o
    0x0802c684   0x00000032   Code   RO          510    .text.osThreadNew   BUILD/NUCLEO_F401RE/ARMC6/mbed-os/cmsis/CMSIS_5/CMSIS/RTOS2/RTX/Source/rtx_thread.o
    0x0802c6b6   0x00000038   Code   RO          540    .text.osThreadTerminate  BUILD/NUCLEO_F401RE/ARMC6/mbed-os/cmsis/CMSIS_5/CMSIS/RTOS2/RTX/Source/rtx_thread.o
    0x0802c6ee   0x00000002   PAD
    0x0802c6f0   0x0000012c   Code   RO        27081    .text.pin_function  BUILD/NUCLEO_F401RE/ARMC6/mbed-os/targets/TARGET_STM/pinmap.o
    0x0802c81c   0x00000088   Code   RO        27083    .text.pin_mode      BUILD/NUCLEO_F401RE/ARMC6/mbed-os/targets/TARGET_STM/pinmap.o
    0x0802c8a4   0x00000026   Code   RO        21592    .text.pinmap_find_function  BUILD/NUCLEO_F401RE/ARMC6/mbed-os/hal/source/mbed_pinmap_common.o
    0x0802c8ca   0x00000002   PAD
    0x0802c8cc   0x00000044   Code   RO        21586    .text.pinmap_merge  BUILD/NUCLEO_F401RE/ARMC6/mbed-os/hal/source/mbed_pinmap_common.o
    0x0802c910   0x00000078   Code   RO        21590    .text.pinmap_peripheral  BUILD/NUCLEO_F401RE/ARMC6/mbed-os/hal/source/mbed_pinmap_common.o
    0x0802c988   0x00000170   Code   RO        22134    .text.print_context_info  BUILD/NUCLEO_F401RE/ARMC6/mbed-os/platform/source/TARGET_CORTEX_M/mbed_fault_handler.o
    0x0802caf8   0x000001f0   Code   RO        22278    .text.print_error_report  BUILD/NUCLEO_F401RE/ARMC6/mbed-os/platform/source/mbed_error.o
    0x0802cce8   0x00000032   Code   RO        22467    .text.read          BUILD/NUCLEO_F401RE/ARMC6/mbed-os/platform/source/mbed_retarget.o
    0x0802cd1a   0x00000038   Code   RO        27303    .text.restore_timer_ctx  BUILD/NUCLEO_F401RE/ARMC6/mbed-os/targets/TARGET_STM/us_ticker.o
    0x0802cd52   0x00000002   PAD
    0x0802cd54   0x0000000e   Code   RO          750    .text.rtos_idle_loop  BUILD/NUCLEO_F401RE/ARMC6/mbed-os/cmsis/device/rtos/source/mbed_rtx_idle.o
    0x0802cd62   0x00000038   Code   RO        27301    .text.save_timer_ctx  BUILD/NUCLEO_F401RE/ARMC6/mbed-os/targets/TARGET_STM/us_ticker.o
    0x0802cd9a   0x00000002   PAD
    0x0802cd9c   0x0000013c   Code   RO        21638    .text.schedule_interrupt  BUILD/NUCLEO_F401RE/ARMC6/mbed-os/hal/source/mbed_ticker_api.o
    0x0802ced8   0x00000018   Code   RO        27175    .text.serial_baud   BUILD/NUCLEO_F401RE/ARMC6/mbed-os/targets/TARGET_STM/serial_api.o
    0x0802cef0   0x000000e6   Code   RO        27173    .text.serial_free   BUILD/NUCLEO_F401RE/ARMC6/mbed-os/targets/TARGET_STM/serial_api.o
    0x0802cfd6   0x00000002   PAD
    0x0802cfd8   0x00000042   Code   RO        26772    .text.serial_getc   BUILD/NUCLEO_F401RE/ARMC6/mbed-os/targets/TARGET_STM/TARGET_STM32F4/serial_device.o
    0x0802d01a   0x00000002   PAD
    0x0802d01c   0x0000020c   Code   RO        27171    .text.serial_init   BUILD/NUCLEO_F401RE/ARMC6/mbed-os/targets/TARGET_STM/serial_api.o
    0x0802d228   0x0000000e   Code   RO        21695    .text.serial_init_direct  BUILD/NUCLEO_F401RE/ARMC6/mbed-os/hal/source/static_pinmap.o
    0x0802d236   0x0000001a   Code   RO        26762    .text.serial_irq_handler  BUILD/NUCLEO_F401RE/ARMC6/mbed-os/targets/TARGET_STM/TARGET_STM32F4/serial_device.o
    0x0802d250   0x000000ee   Code   RO        26764    .text.serial_irq_set  BUILD/NUCLEO_F401RE/ARMC6/mbed-os/targets/TARGET_STM/TARGET_STM32F4/serial_device.o
    0x0802d33e   0x0000004c   Code   RO        27201    .text.serial_is_tx_ongoing  BUILD/NUCLEO_F401RE/ARMC6/mbed-os/targets/TARGET_STM/serial_api.o
    0x0802d38a   0x00000002   PAD
    0x0802d38c   0x0000002a   Code   RO        26774    .text.serial_putc   BUILD/NUCLEO_F401RE/ARMC6/mbed-os/targets/TARGET_STM/TARGET_STM32F4/serial_device.o
    0x0802d3b6   0x00000032   Code   RO        27191    .text.serial_readable  BUILD/NUCLEO_F401RE/ARMC6/mbed-os/targets/TARGET_STM/serial_api.o
    0x0802d3e8   0x0000001a   Code   RO        27193    .text.serial_writable  BUILD/NUCLEO_F401RE/ARMC6/mbed-os/targets/TARGET_STM/serial_api.o
    0x0802d402   0x00000002   PAD
    0x0802d404   0x00000060   Code   RO        22402    .text.sleep_manager_lock_deep_sleep_internal  BUILD/NUCLEO_F401RE/ARMC6/mbed-os/platform/source/mbed_power_mgmt.o
    0x0802d464   0x00000024   Code   RO        22410    .text.sleep_manager_sleep_auto  BUILD/NUCLEO_F401RE/ARMC6/mbed-os/platform/source/mbed_power_mgmt.o
    0x0802d488   0x00000064   Code   RO        22404    .text.sleep_manager_unlock_deep_sleep_internal  BUILD/NUCLEO_F401RE/ARMC6/mbed-os/platform/source/mbed_power_mgmt.o
    0x0802d4ec   0x00000026   Code   RO          163    .text.svcRtxDelay   BUILD/NUCLEO_F401RE/ARMC6/mbed-os/cmsis/CMSIS_5/CMSIS/RTOS2/RTX/Source/rtx_delay.o
    0x0802d512   0x00000080   Code   RO          187    .text.svcRtxEventFlagsNew  BUILD/NUCLEO_F401RE/ARMC6/mbed-os/cmsis/CMSIS_5/CMSIS/RTOS2/RTX/Source/rtx_evflags.o
    0x0802d592   0x00000002   PAD
    0x0802d594   0x00000088   Code   RO          195    .text.svcRtxEventFlagsSet  BUILD/NUCLEO_F401RE/ARMC6/mbed-os/cmsis/CMSIS_5/CMSIS/RTOS2/RTX/Source/rtx_evflags.o
    0x0802d61c   0x00000068   Code   RO          197    .text.svcRtxEventFlagsWait  BUILD/NUCLEO_F401RE/ARMC6/mbed-os/cmsis/CMSIS_5/CMSIS/RTOS2/RTX/Source/rtx_evflags.o
    0x0802d684   0x0000000c   Code   RO          245    .text.svcRtxKernelGetState  BUILD/NUCLEO_F401RE/ARMC6/mbed-os/cmsis/CMSIS_5/CMSIS/RTOS2/RTX/Source/rtx_kernel.o
    0x0802d690   0x0000000c   Code   RO          261    .text.svcRtxKernelGetTickCount  BUILD/NUCLEO_F401RE/ARMC6/mbed-os/cmsis/CMSIS_5/CMSIS/RTOS2/RTX/Source/rtx_kernel.o
    0x0802d69c   0x00000148   Code   RO          275    .text.svcRtxKernelInitialize  BUILD/NUCLEO_F401RE/ARMC6/mbed-os/cmsis/CMSIS_5/CMSIS/RTOS2/RTX/Source/rtx_kernel.o
    0x0802d7e4   0x000000a8   Code   RO          277    .text.svcRtxKernelStart  BUILD/NUCLEO_F401RE/ARMC6/mbed-os/cmsis/CMSIS_5/CMSIS/RTOS2/RTX/Source/rtx_kernel.o
    0x0802d88c   0x000000f6   Code   RO          406    .text.svcRtxMessageQueueGet  BUILD/NUCLEO_F401RE/ARMC6/mbed-os/cmsis/CMSIS_5/CMSIS/RTOS2/RTX/Source/rtx_msgqueue.o
    0x0802d982   0x00000150   Code   RO          366    .text.svcRtxMessageQueueNew  BUILD/NUCLEO_F401RE/ARMC6/mbed-os/cmsis/CMSIS_5/CMSIS/RTOS2/RTX/Source/rtx_msgqueue.o
    0x0802dad2   0x000000c0   Code   RO          402    .text.svcRtxMessageQueuePut  BUILD/NUCLEO_F401RE/ARMC6/mbed-os/cmsis/CMSIS_5/CMSIS/RTOS2/RTX/Source/rtx_msgqueue.o
    0x0802db92   0x000000b0   Code   RO          434    .text.svcRtxMutexAcquire  BUILD/NUCLEO_F401RE/ARMC6/mbed-os/cmsis/CMSIS_5/CMSIS/RTOS2/RTX/Source/rtx_mutex.o
    0x0802dc42   0x00000002   PAD
    0x0802dc44   0x000000b6   Code   RO          440    .text.svcRtxMutexDelete  BUILD/NUCLEO_F401RE/ARMC6/mbed-os/cmsis/CMSIS_5/CMSIS/RTOS2/RTX/Source/rtx_mutex.o
    0x0802dcfa   0x00000078   Code   RO          430    .text.svcRtxMutexNew  BUILD/NUCLEO_F401RE/ARMC6/mbed-os/cmsis/CMSIS_5/CMSIS/RTOS2/RTX/Source/rtx_mutex.o
    0x0802dd72   0x00000002   PAD
    0x0802dd74   0x000000d2   Code   RO          436    .text.svcRtxMutexRelease  BUILD/NUCLEO_F401RE/ARMC6/mbed-os/cmsis/CMSIS_5/CMSIS/RTOS2/RTX/Source/rtx_mutex.o
    0x0802de46   0x00000066   Code   RO          464    .text.svcRtxSemaphoreAcquire  BUILD/NUCLEO_F401RE/ARMC6/mbed-os/cmsis/CMSIS_5/CMSIS/RTOS2/RTX/Source/rtx_semaphore.o
    0x0802deac   0x0000006c   Code   RO          468    .text.svcRtxSemaphoreDelete  BUILD/NUCLEO_F401RE/ARMC6/mbed-os/cmsis/CMSIS_5/CMSIS/RTOS2/RTX/Source/rtx_semaphore.o
    0x0802df18   0x000000a0   Code   RO          458    .text.svcRtxSemaphoreNew  BUILD/NUCLEO_F401RE/ARMC6/mbed-os/cmsis/CMSIS_5/CMSIS/RTOS2/RTX/Source/rtx_semaphore.o
    0x0802dfb8   0x00000066   Code   RO          466    .text.svcRtxSemaphoreRelease  BUILD/NUCLEO_F401RE/ARMC6/mbed-os/cmsis/CMSIS_5/CMSIS/RTOS2/RTX/Source/rtx_semaphore.o
    0x0802e01e   0x00000052   Code   RO          582    .text.svcRtxThreadExit  BUILD/NUCLEO_F401RE/ARMC6/mbed-os/cmsis/CMSIS_5/CMSIS/RTOS2/RTX/Source/rtx_thread.o
    0x0802e070   0x0000000c   Code   RO          516    .text.svcRtxThreadGetId  BUILD/NUCLEO_F401RE/ARMC6/mbed-os/cmsis/CMSIS_5/CMSIS/RTOS2/RTX/Source/rtx_thread.o
    0x0802e07c   0x00000220   Code   RO          508    .text.svcRtxThreadNew  BUILD/NUCLEO_F401RE/ARMC6/mbed-os/cmsis/CMSIS_5/CMSIS/RTOS2/RTX/Source/rtx_thread.o
    0x0802e29c   0x000000c6   Code   RO          588    .text.svcRtxThreadTerminate  BUILD/NUCLEO_F401RE/ARMC6/mbed-os/cmsis/CMSIS_5/CMSIS/RTOS2/RTX/Source/rtx_thread.o
    0x0802e362   0x00000002   PAD
    0x0802e364   0x00000062   Code   RO        21634    .text.ticker_irq_handler  BUILD/NUCLEO_F401RE/ARMC6/mbed-os/hal/source/mbed_ticker_api.o
    0x0802e3c6   0x0000002a   Code   RO        27285    .text.timer_irq_handler  BUILD/NUCLEO_F401RE/ARMC6/mbed-os/targets/TARGET_STM/us_ticker.o
    0x0802e3f0   0x0000002a   Code   RO          720    .text.trap_rtx_error  BUILD/NUCLEO_F401RE/ARMC6/mbed-os/cmsis/device/rtos/source/mbed_rtx_handlers.o
    0x0802e41a   0x0000000c   Code   RO        26766    .text.uart1_irq     BUILD/NUCLEO_F401RE/ARMC6/mbed-os/targets/TARGET_STM/TARGET_STM32F4/serial_device.o
    0x0802e426   0x0000000c   Code   RO        26768    .text.uart2_irq     BUILD/NUCLEO_F401RE/ARMC6/mbed-os/targets/TARGET_STM/TARGET_STM32F4/serial_device.o
    0x0802e432   0x0000000c   Code   RO        26770    .text.uart6_irq     BUILD/NUCLEO_F401RE/ARMC6/mbed-os/targets/TARGET_STM/TARGET_STM32F4/serial_device.o
    0x0802e43e   0x00000088   Code   RO        26798    .text.uart_irq      BUILD/NUCLEO_F401RE/ARMC6/mbed-os/targets/TARGET_STM/TARGET_STM32F4/serial_device.o
    0x0802e4c6   0x00000086   Code   RO        21636    .text.update_present_time  BUILD/NUCLEO_F401RE/ARMC6/mbed-os/hal/source/mbed_ticker_api.o
    0x0802e54c   0x00000012   Code   RO        27299    .text.us_ticker_clear_interrupt  BUILD/NUCLEO_F401RE/ARMC6/mbed-os/targets/TARGET_STM/us_ticker.o
    0x0802e55e   0x00000014   Code   RO        27297    .text.us_ticker_disable_interrupt  BUILD/NUCLEO_F401RE/ARMC6/mbed-os/targets/TARGET_STM/us_ticker.o
    0x0802e572   0x00000022   Code   RO        27295    .text.us_ticker_fire_interrupt  BUILD/NUCLEO_F401RE/ARMC6/mbed-os/targets/TARGET_STM/us_ticker.o
    0x0802e594   0x0000000a   Code   RO        27283    .text.us_ticker_get_info  BUILD/NUCLEO_F401RE/ARMC6/mbed-os/targets/TARGET_STM/us_ticker.o
    0x0802e59e   0x00000018   Code   RO        27289    .text.us_ticker_init  BUILD/NUCLEO_F401RE/ARMC6/mbed-os/targets/TARGET_STM/us_ticker.o
    0x0802e5b6   0x00000018   Code   RO        21666    .text.us_ticker_irq_handler  BUILD/NUCLEO_F401RE/ARMC6/mbed-os/hal/source/mbed_us_ticker_api.o
    0x0802e5ce   0x0000000c   Code   RO        27291    .text.us_ticker_read  BUILD/NUCLEO_F401RE/ARMC6/mbed-os/targets/TARGET_STM/us_ticker.o
    0x0802e5da   0x0000001c   Code   RO        27293    .text.us_ticker_set_interrupt  BUILD/NUCLEO_F401RE/ARMC6/mbed-os/targets/TARGET_STM/us_ticker.o
    0x0802e5f6   0x00000002   PAD
    0x0802e5f8   0x00000016   Code   RO        27208    .text.wait_loop     BUILD/NUCLEO_F401RE/ARMC6/mbed-os/targets/TARGET_STM/sleep.o
    0x0802e60e   0x00000032   Code   RO        22459    .text.write         BUILD/NUCLEO_F401RE/ARMC6/mbed-os/platform/source/mbed_retarget.o
    0x0802e640   0x0000003e   Code   RO        28363    CL$$btod_d2e        c:\Users\supaw\AppData\Local\Mbed Studio\mbed-studio-tools\ac6\bin\..\lib\armlib\c_w.l(btod.o)
    0x0802e67e   0x00000046   Code   RO        28365    CL$$btod_d2e_denorm_low  c:\Users\supaw\AppData\Local\Mbed Studio\mbed-studio-tools\ac6\bin\..\lib\armlib\c_w.l(btod.o)
    0x0802e6c4   0x00000060   Code   RO        28364    CL$$btod_d2e_norm_op1  c:\Users\supaw\AppData\Local\Mbed Studio\mbed-studio-tools\ac6\bin\..\lib\armlib\c_w.l(btod.o)
    0x0802e724   0x00000338   Code   RO        28373    CL$$btod_div_common  c:\Users\supaw\AppData\Local\Mbed Studio\mbed-studio-tools\ac6\bin\..\lib\armlib\c_w.l(btod.o)
    0x0802ea5c   0x000000dc   Code   RO        28370    CL$$btod_e2e        c:\Users\supaw\AppData\Local\Mbed Studio\mbed-studio-tools\ac6\bin\..\lib\armlib\c_w.l(btod.o)
    0x0802eb38   0x0000002a   Code   RO        28367    CL$$btod_ediv       c:\Users\supaw\AppData\Local\Mbed Studio\mbed-studio-tools\ac6\bin\..\lib\armlib\c_w.l(btod.o)
    0x0802eb62   0x0000002a   Code   RO        28366    CL$$btod_emul       c:\Users\supaw\AppData\Local\Mbed Studio\mbed-studio-tools\ac6\bin\..\lib\armlib\c_w.l(btod.o)
    0x0802eb8c   0x00000244   Code   RO        28372    CL$$btod_mult_common  c:\Users\supaw\AppData\Local\Mbed Studio\mbed-studio-tools\ac6\bin\..\lib\armlib\c_w.l(btod.o)
    0x0802edd0   0x00000030   Code   RO        28497    i.__ARM_fpclassify  c:\Users\supaw\AppData\Local\Mbed Studio\mbed-studio-tools\ac6\bin\..\lib\armlib\m_wm.l(fpclassify.o)
    0x0802ee00   0x0000000e   Code   RO        27485    i._is_digit         c:\Users\supaw\AppData\Local\Mbed Studio\mbed-studio-tools\ac6\bin\..\lib\armlib\c_w.l(__printf_wp.o)
    0x0802ee0e   0x00000018   Code   RO        27526    i.fgetc             c:\Users\supaw\AppData\Local\Mbed Studio\mbed-studio-tools\ac6\bin\..\lib\armlib\c_w.l(fgetc.o)
    0x0802ee26   0x0000001a   Code   RO        27532    i.fputc             c:\Users\supaw\AppData\Local\Mbed Studio\mbed-studio-tools\ac6\bin\..\lib\armlib\c_w.l(fputc.o)
    0x0802ee40   0x0000002c   Code   RO        27909    locale$$code        c:\Users\supaw\AppData\Local\Mbed Studio\mbed-studio-tools\ac6\bin\..\lib\armlib\c_w.l(lc_ctype_c.o)
    0x0802ee6c   0x0000002c   Code   RO        28414    locale$$code        c:\Users\supaw\AppData\Local\Mbed Studio\mbed-studio-tools\ac6\bin\..\lib\armlib\c_w.l(lc_numeric_c.o)
    0x0802ee98   0x0000001a   Code   RO        28454    x$fpl$fpinit        c:\Users\supaw\AppData\Local\Mbed Studio\mbed-studio-tools\ac6\bin\..\lib\armlib\fz_wm.l(fpinit.o)
    0x0802eeb2   0x00000004   Code   RO        27673    x$fpl$printf1       c:\Users\supaw\AppData\Local\Mbed Studio\mbed-studio-tools\ac6\bin\..\lib\armlib\fz_wm.l(printf1.o)
    0x0802eeb6   0x00000004   Code   RO        27990    x$fpl$printf2       c:\Users\supaw\AppData\Local\Mbed Studio\mbed-studio-tools\ac6\bin\..\lib\armlib\fz_wm.l(printf2.o)
    0x0802eeba   0x00000000   Code   RO        27998    x$fpl$usenofp       c:\Users\supaw\AppData\Local\Mbed Studio\mbed-studio-tools\ac6\bin\..\lib\armlib\fz_wm.l(usenofp.o)
    0x0802eeba   0x00000002   PAD
    0x0802eebc   0x00000008   Data   RO        27446    .constdata          c:\Users\supaw\AppData\Local\Mbed Studio\mbed-studio-tools\ac6\bin\..\lib\armlib\c_w.l(_printf_wctomb.o)
    0x0802eec4   0x00000028   Data   RO        27473    .constdata          c:\Users\supaw\AppData\Local\Mbed Studio\mbed-studio-tools\ac6\bin\..\lib\armlib\c_w.l(_printf_hex_int_ll_ptr.o)
    0x0802eeec   0x00000011   Data   RO        27493    .constdata          c:\Users\supaw\AppData\Local\Mbed Studio\mbed-studio-tools\ac6\bin\..\lib\armlib\c_w.l(__printf_flags_ss_wp.o)
    0x0802eefd   0x00000026   Data   RO        28340    .constdata          c:\Users\supaw\AppData\Local\Mbed Studio\mbed-studio-tools\ac6\bin\..\lib\armlib\c_w.l(_printf_fp_hex.o)
    0x0802ef23   0x00000001   PAD
    0x0802ef24   0x00000094   Data   RO        28361    .constdata          c:\Users\supaw\AppData\Local\Mbed Studio\mbed-studio-tools\ac6\bin\..\lib\armlib\c_w.l(bigflt0.o)
    0x0802efb8   0x000000a8   Data   RO          299    .rodata             BUILD/NUCLEO_F401RE/ARMC6/mbed-os/cmsis/CMSIS_5/CMSIS/RTOS2/RTX/Source/rtx_lib.o
    0x0802f060   0x00000010   Data   RO          708    .rodata..L__const.mbed_rtos_init_singleton_mutex.singleton_mutex_attr  BUILD/NUCLEO_F401RE/ARMC6/mbed-os/cmsis/device/rtos/source/mbed_rtos_rtx.o
    0x0802f070   0x00000010   Data   RO        26697    .rodata.AHBPrescTable  BUILD/NUCLEO_F401RE/ARMC6/mbed-os/targets/TARGET_STM/TARGET_STM32F4/STM32Cube_FW/system_stm32f4xx.o
    0x0802f080   0x00000008   Data   RO        26698    .rodata.APBPrescTable  BUILD/NUCLEO_F401RE/ARMC6/mbed-os/targets/TARGET_STM/TARGET_STM32F4/STM32Cube_FW/system_stm32f4xx.o
    0x0802f088   0x00000048   Data   RO        26707    .rodata.PinMap_UART_RX  BUILD/NUCLEO_F401RE/ARMC6/mbed-os/targets/TARGET_STM/TARGET_STM32F4/TARGET_STM32F401xE/TARGET_NUCLEO_F401RE/PeripheralPins.o
    0x0802f0d0   0x00000048   Data   RO        26706    .rodata.PinMap_UART_TX  BUILD/NUCLEO_F401RE/ARMC6/mbed-os/targets/TARGET_STM/TARGET_STM32F4/TARGET_STM32F401xE/TARGET_NUCLEO_F401RE/PeripheralPins.o
    0x0802f118   0x0000003c   Data   RO        26714    .rodata.PinMap_USB_FS  BUILD/NUCLEO_F401RE/ARMC6/mbed-os/targets/TARGET_STM/TARGET_STM32F4/TARGET_STM32F401xE/TARGET_NUCLEO_F401RE/PeripheralPins.o
    0x0802f154   0x00000001   Data   RO        27760    .rodata._ZSt7nothrow  c:\Users\supaw\AppData\Local\Mbed Studio\mbed-studio-tools\ac6\bin\..\lib\libcxx\libcpp_w.l(new.cpp.o)
    0x0802f155   0x00000003   PAD
    0x0802f158   0x00000050   Data   RO        22583    .rodata._ZTV12DirectSerial  BUILD/NUCLEO_F401RE/ARMC6/mbed-os/platform/source/mbed_retarget.o
    0x0802f1a8   0x00000094   Data   RO        20139    .rodata._ZTV6USBCDC  BUILD/NUCLEO_F401RE/ARMC6/mbed-os/drivers/usb/source/USBCDC.o
    0x0802f23c   0x00000018   Data   RO        19849    .rodata._ZTV7AsyncOp  BUILD/NUCLEO_F401RE/ARMC6/mbed-os/drivers/usb/source/AsyncOp.o
    0x0802f254   0x0000007c   Data   RO        26896    .rodata._ZTV8USBPhyHw  BUILD/NUCLEO_F401RE/ARMC6/mbed-os/targets/TARGET_STM/USBPhy_STM32.o
    0x0802f2d0   0x00000088   Data   RO        20385    .rodata._ZTV9USBDevice  BUILD/NUCLEO_F401RE/ARMC6/mbed-os/drivers/usb/source/USBDevice.o
    0x0802f358   0x0000010c   Data   RO        20832    .rodata._ZTV9USBSerial  BUILD/NUCLEO_F401RE/ARMC6/mbed-os/drivers/usb/source/USBSerial.o
    0x0802f464   0x00000050   Data   RO        21894    .rodata._ZTVN4mbed10FileHandleE  BUILD/NUCLEO_F401RE/ARMC6/mbed-os/platform/source/FileHandle.o
    0x0802f4b4   0x00000018   Data   RO        19642    .rodata._ZTVN4mbed10SerialBaseE  BUILD/NUCLEO_F401RE/ARMC6/mbed-os/drivers/source/SerialBase.o
    0x0802f4cc   0x00000010   Data   RO        19383    .rodata._ZTVN4mbed11InterruptInE  BUILD/NUCLEO_F401RE/ARMC6/mbed-os/drivers/source/InterruptIn.o
    0x0802f4dc   0x0000008c   Data   RO        19771    .rodata._ZTVN4mbed16UnbufferedSerialE  BUILD/NUCLEO_F401RE/ARMC6/mbed-os/drivers/source/UnbufferedSerial.o
    0x0802f568   0x00000070   Data   RO        21983    .rodata._ZTVN4mbed6StreamE  BUILD/NUCLEO_F401RE/ARMC6/mbed-os/platform/source/Stream.o
    0x0802f5d8   0x00000010   Data   RO        21889    .rodata._ZTVN4mbed8FileBaseE  BUILD/NUCLEO_F401RE/ARMC6/mbed-os/platform/source/FileBase.o
    0x0802f5e8   0x00000010   Data   RO        22886    .rodata._ZTVN4rtos6ThreadE  BUILD/NUCLEO_F401RE/ARMC6/mbed-os/rtos/source/Thread.o
    0x0802f5f8   0x00000018   Data   RO        20166    .rodata._ZTVN6USBCDC10AsyncWriteE  BUILD/NUCLEO_F401RE/ARMC6/mbed-os/drivers/usb/source/USBCDC.o
    0x0802f610   0x00000018   Data   RO        20167    .rodata._ZTVN6USBCDC9AsyncReadE  BUILD/NUCLEO_F401RE/ARMC6/mbed-os/drivers/usb/source/USBCDC.o
    0x0802f628   0x00000018   Data   RO        20165    .rodata._ZTVN6USBCDC9AsyncWaitE  BUILD/NUCLEO_F401RE/ARMC6/mbed-os/drivers/usb/source/USBCDC.o
    0x0802f640   0x00000018   Data   RO        22593    .rodata._ZZL15default_consolevE14console_pinmap  BUILD/NUCLEO_F401RE/ARMC6/mbed-os/platform/source/mbed_retarget.o
    0x0802f658   0x0000000c   Data   RO           62    .rodata._ZZN4mbed8CallbackIFvvEE8generateIN6events5EventIS1_EEvEEvOT_E3ops  BUILD/NUCLEO_F401RE/ARMC6/TimerTPL5010/TimerTPL5010.o
    0x0802f664   0x0000000c   Data   RO          103    .rodata._ZZN4mbed8CallbackIFvvEE8generateIPS1_vEEvOT_E3ops  BUILD/NUCLEO_F401RE/ARMC6/main.o
    0x0802f670   0x0000000c   Data   RO           61    .rodata._ZZN4mbed8CallbackIFvvEE8generateIZNS2_C1IP12TimerTPL5010MS5_FvvELi0EEET_T0_EUlvE_vEEvOS9_E3ops  BUILD/NUCLEO_F401RE/ARMC6/TimerTPL5010/TimerTPL5010.o
    0x0802f67c   0x0000000c   Data   RO        20085    .rodata._ZZN4mbed8CallbackIFvvEE8generateIZNS2_C1IP9USBDeviceMS5_FvvELi0EEET_T0_EUlvE_vEEvOS9_E3ops  BUILD/NUCLEO_F401RE/ARMC6/mbed-os/drivers/usb/source/USBAudio.o
    0x0802f688   0x0000000c   Data   RO          102    .rodata._ZZN4mbed8CallbackIFvvEE8generateIZNS2_C1IPN6events10EventQueueEMS6_FvvELi0EEET_T0_EUlvE_vEEvOSA_E3ops  BUILD/NUCLEO_F401RE/ARMC6/main.o
    0x0802f694   0x00000016   Data   RO        20143    .rodata._ZZN6USBCDC20string_iproduct_descEvE24stringIproductDescriptor  BUILD/NUCLEO_F401RE/ARMC6/mbed-os/drivers/usb/source/USBCDC.o
    0x0802f6aa   0x00000008   Data   RO        20142    .rodata._ZZN6USBCDC22string_iinterface_descEvE26stringIinterfaceDescriptor  BUILD/NUCLEO_F401RE/ARMC6/mbed-os/drivers/usb/source/USBCDC.o
    0x0802f6b2   0x00000002   PAD
    0x0802f6b4   0x00000044   Data   RO        26899    .rodata._ZZN8USBPhyHw14endpoint_tableEvE5table  BUILD/NUCLEO_F401RE/ARMC6/mbed-os/targets/TARGET_STM/USBPhy_STM32.o
    0x0802f6f8   0x00000004   Data   RO        20386    .rodata._ZZN9USBDevice18string_langid_descEvE24string_langid_descriptor  BUILD/NUCLEO_F401RE/ARMC6/mbed-os/drivers/usb/source/USBDevice.o
    0x0802f6fc   0x00000016   Data   RO        20388    .rodata._ZZN9USBDevice19string_iserial_descEvE25string_iserial_descriptor  BUILD/NUCLEO_F401RE/ARMC6/mbed-os/drivers/usb/source/USBDevice.o
    0x0802f712   0x00000016   Data   RO        20391    .rodata._ZZN9USBDevice20string_iproduct_descEvE26string_iproduct_descriptor  BUILD/NUCLEO_F401RE/ARMC6/mbed-os/drivers/usb/source/USBDevice.o
    0x0802f728   0x00000008   Data   RO        20390    .rodata._ZZN9USBDevice22string_iinterface_descEvE28string_iinterface_descriptor  BUILD/NUCLEO_F401RE/ARMC6/mbed-os/drivers/usb/source/USBDevice.o
    0x0802f730   0x00000012   Data   RO        20387    .rodata._ZZN9USBDevice25string_imanufacturer_descEvE31string_imanufacturer_descriptor  BUILD/NUCLEO_F401RE/ARMC6/mbed-os/drivers/usb/source/USBDevice.o
    0x0802f742   0x00000006   Data   RO        20389    .rodata._ZZN9USBDevice26string_iconfiguration_descEvE32string_iconfiguration_descriptor  BUILD/NUCLEO_F401RE/ARMC6/mbed-os/drivers/usb/source/USBDevice.o
    0x0802f748   0x00000008   Data   RO        22579    .rodata.__stderr_name  BUILD/NUCLEO_F401RE/ARMC6/mbed-os/platform/source/mbed_retarget.o
    0x0802f750   0x00000007   Data   RO        22577    .rodata.__stdin_name  BUILD/NUCLEO_F401RE/ARMC6/mbed-os/platform/source/mbed_retarget.o
    0x0802f757   0x00000008   Data   RO        22578    .rodata.__stdout_name  BUILD/NUCLEO_F401RE/ARMC6/mbed-os/platform/source/mbed_retarget.o
    0x0802f75f   0x00000001   PAD
    0x0802f760   0x00000040   Data   RO        27085    .rodata.ll_pin_defines  BUILD/NUCLEO_F401RE/ARMC6/mbed-os/targets/TARGET_STM/pinmap.o
    0x0802f7a0   0x00000004   Data   RO          301    .rodata.osRtxUserSVC  BUILD/NUCLEO_F401RE/ARMC6/mbed-os/cmsis/CMSIS_5/CMSIS/RTOS2/RTX/Source/rtx_lib.o
    0x0802f7a4   0x00000024   Data   RO          296    .rodata.os_idle_thread_attr  BUILD/NUCLEO_F401RE/ARMC6/mbed-os/cmsis/CMSIS_5/CMSIS/RTOS2/RTX/Source/rtx_lib.o
    0x0802f7c8   0x00000018   Data   RO          298    .rodata.os_timer_mq_attr  BUILD/NUCLEO_F401RE/ARMC6/mbed-os/cmsis/CMSIS_5/CMSIS/RTOS2/RTX/Source/rtx_lib.o
    0x0802f7e0   0x00000024   Data   RO          297    .rodata.os_timer_thread_attr  BUILD/NUCLEO_F401RE/ARMC6/mbed-os/cmsis/CMSIS_5/CMSIS/RTOS2/RTX/Source/rtx_lib.o
    0x0802f804   0x000000c0   Data   RO        26758    .rodata.pin_lines_desc  BUILD/NUCLEO_F401RE/ARMC6/mbed-os/targets/TARGET_STM/TARGET_STM32F4/gpio_irq_device.o
    0x0802f8c4   0x00000062   Data   RO           16    .rodata.str1.1      BUILD/NUCLEO_F401RE/ARMC6/TimerTPL5010/TimerTPL5010.o
    0x0802f926   0x00000013   Data   RO          302    .rodata.str1.1      BUILD/NUCLEO_F401RE/ARMC6/mbed-os/cmsis/CMSIS_5/CMSIS/RTOS2/RTX/Source/rtx_lib.o
    0x0802f939   0x00000010   Data   RO          706    .rodata.str1.1      BUILD/NUCLEO_F401RE/ARMC6/mbed-os/cmsis/device/rtos/source/mbed_rtos_rtx.o
    0x0802f949   0x00000138   Data   RO          743    .rodata.str1.1      BUILD/NUCLEO_F401RE/ARMC6/mbed-os/cmsis/device/rtos/source/mbed_rtx_handlers.o
    0x0802fa81   0x00000056   Data   RO        18382    .rodata.str1.1      BUILD/NUCLEO_F401RE/ARMC6/mbed-os/connectivity/netsocket/source/nsapi_dns.o
    0x0802fad7   0x00000029   Data   RO        19850    .rodata.str1.1      BUILD/NUCLEO_F401RE/ARMC6/mbed-os/drivers/usb/source/AsyncOp.o
    0x0802fb00   0x00000028   Data   RO        20141    .rodata.str1.1      BUILD/NUCLEO_F401RE/ARMC6/mbed-os/drivers/usb/source/USBCDC.o
    0x0802fb28   0x0000013a   Data   RO        20383    .rodata.str1.1      BUILD/NUCLEO_F401RE/ARMC6/mbed-os/drivers/usb/source/USBDevice.o
    0x0802fc62   0x000000c8   Data   RO        22138    .rodata.str1.1      BUILD/NUCLEO_F401RE/ARMC6/mbed-os/platform/source/TARGET_CORTEX_M/mbed_fault_handler.o
    0x0802fd2a   0x0000015b   Data   RO        22322    .rodata.str1.1      BUILD/NUCLEO_F401RE/ARMC6/mbed-os/platform/source/mbed_error.o
    0x0802fe85   0x00000063   Data   RO        22587    .rodata.str1.1      BUILD/NUCLEO_F401RE/ARMC6/mbed-os/platform/source/mbed_retarget.o
    0x0802fee8   0x00000012   Data   RO        22778    .rodata.str1.1      BUILD/NUCLEO_F401RE/ARMC6/mbed-os/rtos/source/Mutex.o
    0x0802fefa   0x00000019   Data   RO        22803    .rodata.str1.1      BUILD/NUCLEO_F401RE/ARMC6/mbed-os/rtos/source/Semaphore.o
    0x0802ff13   0x00000034   Data   RO        22846    .rodata.str1.1      BUILD/NUCLEO_F401RE/ARMC6/mbed-os/rtos/source/ThisThread.o
    0x0802ff47   0x0000001b   Data   RO        22885    .rodata.str1.1      BUILD/NUCLEO_F401RE/ARMC6/mbed-os/rtos/source/Thread.o
    0x0802ff62   0x0000004c   Data   RO        26898    .rodata.str1.1      BUILD/NUCLEO_F401RE/ARMC6/mbed-os/targets/TARGET_STM/USBPhy_STM32.o
    0x0802ffae   0x0000002a   Data   RO        27204    .rodata.str1.1      BUILD/NUCLEO_F401RE/ARMC6/mbed-os/targets/TARGET_STM/serial_api.o
    0x0802ffd8   0x0000000b   Data   RO          289    .rodata.str1.4      BUILD/NUCLEO_F401RE/ARMC6/mbed-os/cmsis/CMSIS_5/CMSIS/RTOS2/RTX/Source/rtx_kernel.o
    0x0802ffe3   0x00000001   PAD
    0x0802ffe4   0x00000008   Data   RO        21670    .rodata.us_data     BUILD/NUCLEO_F401RE/ARMC6/mbed-os/hal/source/mbed_us_ticker_api.o
    0x0802ffec   0x00000024   Data   RO        21672    .rodata.us_interface  BUILD/NUCLEO_F401RE/ARMC6/mbed-os/hal/source/mbed_us_ticker_api.o
    0x08030010   0x00000008   Data   RO        27307    .rodata.us_ticker_get_info.info  BUILD/NUCLEO_F401RE/ARMC6/mbed-os/targets/TARGET_STM/us_ticker.o
    0x08030018   0x00000020   Data   RO        28618    Region$$Table       anon$$obj.o
    0x08030038   0x00000110   Data   RO        27908    locale$$data        c:\Users\supaw\AppData\Local\Mbed Studio\mbed-studio-tools\ac6\bin\..\lib\armlib\c_w.l(lc_ctype_c.o)
    0x08030148   0x0000001c   Data   RO        28413    locale$$data        c:\Users\supaw\AppData\Local\Mbed Studio\mbed-studio-tools\ac6\bin\..\lib\armlib\c_w.l(lc_numeric_c.o)
    0x08030164   0x00000004   Data   RO           93    .init_array         BUILD/NUCLEO_F401RE/ARMC6/main.o
    0x08030168   0x00000000   Data   RO        27640    .init_array         c:\Users\supaw\AppData\Local\Mbed Studio\mbed-studio-tools\ac6\bin\..\lib\armlib\c_w.l(init_aeabi.o)


    Execution Region RW_IRAM1 (Base: 0x20000198, Size: 0x00002e90, Max: 0xffffffff, ABSOLUTE)

    Base Addr    Size         Type   Attr      Idx    E Section Name        Object

    0x20000198   0x00000004   Data   RW        27556    .data               c:\Users\supaw\AppData\Local\Mbed Studio\mbed-studio-tools\ac6\bin\..\lib\armlib\c_w.l(stdio_streams.o)
    0x2000019c   0x00000004   Data   RW        27557    .data               c:\Users\supaw\AppData\Local\Mbed Studio\mbed-studio-tools\ac6\bin\..\lib\armlib\c_w.l(stdio_streams.o)
    0x200001a0   0x00000004   Data   RW        27558    .data               c:\Users\supaw\AppData\Local\Mbed Studio\mbed-studio-tools\ac6\bin\..\lib\armlib\c_w.l(stdio_streams.o)
    0x200001a4   0x00000004   Data   RW        27895    .data               c:\Users\supaw\AppData\Local\Mbed Studio\mbed-studio-tools\ac6\bin\..\lib\armlib\c_w.l(streamlock.o)
    0x200001a8   0x00000004   Data   RW        26696    .data.SystemCoreClock  BUILD/NUCLEO_F401RE/ARMC6/mbed-os/targets/TARGET_STM/TARGET_STM32F4/STM32Cube_FW/system_stm32f4xx.o
    0x200001ac   0x00000040   Data   RW        22592    .data._ZL11filehandles  BUILD/NUCLEO_F401RE/ARMC6/mbed-os/platform/source/mbed_retarget.o
    0x200001ec   0x00000004   Data   RW          752    .data._ZL14idle_hook_fptr  BUILD/NUCLEO_F401RE/ARMC6/mbed-os/cmsis/device/rtos/source/mbed_rtx_idle.o
    0x200001f0   0x00000004   Data   RW        21671    .data.irq_handler   BUILD/NUCLEO_F401RE/ARMC6/mbed-os/hal/source/mbed_us_ticker_api.o
    0x200001f4   0x000000a4   Data   RW          290    .data.os            BUILD/NUCLEO_F401RE/ARMC6/mbed-os/cmsis/CMSIS_5/CMSIS/RTOS2/RTX/Source/rtx_kernel.o
    0x20000298   0x00000001   Data   RW        24448    .data.uwTickFreq    BUILD/NUCLEO_F401RE/ARMC6/mbed-os/targets/TARGET_STM/TARGET_STM32F4/STM32Cube_FW/STM32F4xx_HAL_Driver/stm32f4xx_hal.o
    0x20000299   0x00000003   PAD
    0x2000029c   0x00000004   Data   RW        24447    .data.uwTickPrio    BUILD/NUCLEO_F401RE/ARMC6/mbed-os/targets/TARGET_STM/TARGET_STM32F4/STM32Cube_FW/STM32F4xx_HAL_Driver/stm32f4xx_hal.o
    0x200002a0   0x00000054   Zero   RW        27553    .bss                c:\Users\supaw\AppData\Local\Mbed Studio\mbed-studio-tools\ac6\bin\..\lib\armlib\c_w.l(stdio_streams.o)
    0x200002f4   0x00000054   Zero   RW        27554    .bss                c:\Users\supaw\AppData\Local\Mbed Studio\mbed-studio-tools\ac6\bin\..\lib\armlib\c_w.l(stdio_streams.o)
    0x20000348   0x00000054   Zero   RW        27555    .bss                c:\Users\supaw\AppData\Local\Mbed Studio\mbed-studio-tools\ac6\bin\..\lib\armlib\c_w.l(stdio_streams.o)
    0x2000039c   0x00000060   Zero   RW        27787    .bss                c:\Users\supaw\AppData\Local\Mbed Studio\mbed-studio-tools\ac6\bin\..\lib\armlib\c_w.l(libspace.o)
    0x200003fc   0x00000048   Zero   RW        27308    .bss.TimMasterHandle  BUILD/NUCLEO_F401RE/ARMC6/mbed-os/targets/TARGET_STM/us_ticker.o
    0x20000444   0x00000004   Zero   RW        26895    .bss._ZGVZ11get_usb_phyvE6usbphy  BUILD/NUCLEO_F401RE/ARMC6/mbed-os/targets/TARGET_STM/USBPhy_STM32.o
    0x20000448   0x00000004   Zero   RW        22595    .bss._ZGVZL15default_consolevE7console  BUILD/NUCLEO_F401RE/ARMC6/mbed-os/platform/source/mbed_retarget.o
    0x2000044c   0x00000010   Zero   RW        22585    .bss._ZL13stdio_in_prev  BUILD/NUCLEO_F401RE/ARMC6/mbed-os/platform/source/mbed_retarget.o
    0x2000045c   0x00000010   Zero   RW        22586    .bss._ZL14stdio_out_prev  BUILD/NUCLEO_F401RE/ARMC6/mbed-os/platform/source/mbed_retarget.o
    0x2000046c   0x00000028   Zero   RW        22582    .bss._ZL16filehandle_mutex  BUILD/NUCLEO_F401RE/ARMC6/mbed-os/platform/source/mbed_retarget.o
    0x20000494   0x00000004   Zero   RW        26897    .bss._ZL8instance   BUILD/NUCLEO_F401RE/ARMC6/mbed-os/targets/TARGET_STM/USBPhy_STM32.o
    0x20000498   0x00000004   Zero   RW        21830    .bss._ZN10CThunkBase17_cthunk_free_realE  BUILD/NUCLEO_F401RE/ARMC6/mbed-os/platform/source/CThunkBase.o
    0x2000049c   0x00000004   Zero   RW        21886    .bss._ZN4mbed8FileBase5_headE  BUILD/NUCLEO_F401RE/ARMC6/mbed-os/platform/source/FileBase.o
    0x200004a0   0x00000028   Zero   RW        21887    .bss._ZN4mbed8FileBase6_mutexE  BUILD/NUCLEO_F401RE/ARMC6/mbed-os/platform/source/FileBase.o
    0x200004c8   0x00000004   Zero   RW        21888    .bss._ZN4mbed8FileBase8_defaultE  BUILD/NUCLEO_F401RE/ARMC6/mbed-os/platform/source/FileBase.o
    0x200004cc   0x00000424   Zero   RW        26894    .bss._ZZ11get_usb_phyvE6usbphy  BUILD/NUCLEO_F401RE/ARMC6/mbed-os/targets/TARGET_STM/USBPhy_STM32.o
    0x200008f0   0x00000004   Zero   RW        22594    .bss._ZZL15default_consolevE7console  BUILD/NUCLEO_F401RE/ARMC6/mbed-os/platform/source/mbed_retarget.o
    0x200008f4   0x00000004   Zero   RW        22750    .bss._ZZN4rtos6Kernel4impl14get_tick_countEvE6tick_h  BUILD/NUCLEO_F401RE/ARMC6/mbed-os/rtos/source/Kernel.o
    0x200008f8   0x00000004   Zero   RW        22751    .bss._ZZN4rtos6Kernel4impl14get_tick_countEvE6tick_l  BUILD/NUCLEO_F401RE/ARMC6/mbed-os/rtos/source/Kernel.o
    0x200008fc   0x00000002   Zero   RW        20384    .bss._ZZN9USBDevice19_request_get_statusEvE6status  BUILD/NUCLEO_F401RE/ARMC6/mbed-os/drivers/usb/source/USBDevice.o
    0x200008fe   0x00000002   PAD
    0x20000900   0x00001000   Zero   RW          703    .bss._main_stack    BUILD/NUCLEO_F401RE/ARMC6/mbed-os/cmsis/device/rtos/source/mbed_rtos_rtx.o
    0x20001900   0x00000024   Zero   RW          704    .bss._main_thread_attr  BUILD/NUCLEO_F401RE/ARMC6/mbed-os/cmsis/device/rtos/source/mbed_rtos_rtx.o
    0x20001924   0x00000020   Zero   RW          676    .bss._static_mutexes  BUILD/NUCLEO_F401RE/ARMC6/mbed-os/cmsis/device/rtos/TOOLCHAIN_ARM_STD/mbed_boot_arm_std.o
    0x20001944   0x000000e0   Zero   RW          677    .bss._static_mutexes_mem  BUILD/NUCLEO_F401RE/ARMC6/mbed-os/cmsis/device/rtos/TOOLCHAIN_ARM_STD/mbed_boot_arm_std.o
    0x20001a24   0x00000214   Zero   RW        26949    .bss.channels       BUILD/NUCLEO_F401RE/ARMC6/mbed-os/targets/TARGET_STM/gpio_irq_api.o
    0x20001c38   0x00000001   Zero   RW        21513    .bss.critical_interrupts_enabled  BUILD/NUCLEO_F401RE/ARMC6/mbed-os/hal/source/mbed_critical_section_api.o
    0x20001c39   0x00000003   PAD
    0x20001c3c   0x00000004   Zero   RW        22271    .bss.critical_section_reentrancy_counter  BUILD/NUCLEO_F401RE/ARMC6/mbed-os/platform/source/mbed_critical.o
    0x20001c40   0x00000002   Zero   RW        22412    .bss.deep_sleep_lock  BUILD/NUCLEO_F401RE/ARMC6/mbed-os/platform/source/mbed_power_mgmt.o
    0x20001c42   0x00000002   PAD
    0x20001c44   0x000000e8   Zero   RW           87    .bss.ecard          BUILD/NUCLEO_F401RE/ARMC6/main.o
    0x20001d2c   0x000000e8   Zero   RW           88    .bss.ecard2         BUILD/NUCLEO_F401RE/ARMC6/main.o
    0x20001e14   0x00000004   Zero   RW        22319    .bss.error_count    BUILD/NUCLEO_F401RE/ARMC6/mbed-os/platform/source/mbed_error.o
    0x20001e18   0x00000004   Zero   RW        22320    .bss.error_hook     BUILD/NUCLEO_F401RE/ARMC6/mbed-os/platform/source/mbed_error.o
    0x20001e1c   0x00000004   PAD
    0x20001e20   0x00000038   Zero   RW        21673    .bss.events         BUILD/NUCLEO_F401RE/ARMC6/mbed-os/hal/source/mbed_us_ticker_api.o
    0x20001e58   0x00000034   Zero   RW        22318    .bss.first_error_ctx  BUILD/NUCLEO_F401RE/ARMC6/mbed-os/platform/source/mbed_error.o
    0x20001e8c   0x00000001   Zero   RW        22321    .bss.halt_in_progress  BUILD/NUCLEO_F401RE/ARMC6/mbed-os/platform/source/mbed_error.o
    0x20001e8d   0x00000001   PAD
    0x20001e8e   0x00000002   Zero   RW        26948    .bss.irq_channel_used  BUILD/NUCLEO_F401RE/ARMC6/mbed-os/targets/TARGET_STM/gpio_irq_api.o
    0x20001e90   0x00000004   Zero   RW        26801    .bss.irq_handler    BUILD/NUCLEO_F401RE/ARMC6/mbed-os/targets/TARGET_STM/TARGET_STM32F4/serial_device.o
    0x20001e94   0x00000004   Zero   RW        26950    .bss.irq_handler    BUILD/NUCLEO_F401RE/ARMC6/mbed-os/targets/TARGET_STM/gpio_irq_api.o
    0x20001e98   0x0000005c   Zero   RW           92    .bss.isr_queue      BUILD/NUCLEO_F401RE/ARMC6/main.o
    0x20001ef4   0x000000bc   Zero   RW           90    .bss.isr_thread     BUILD/NUCLEO_F401RE/ARMC6/main.o
    0x20001fb0   0x00000034   Zero   RW        22317    .bss.last_error_ctx  BUILD/NUCLEO_F401RE/ARMC6/mbed-os/platform/source/mbed_error.o
    0x20001fe4   0x0000001c   Zero   RW           85    .bss.led            BUILD/NUCLEO_F401RE/ARMC6/main.o
    0x20002000   0x00000001   Zero   RW        22316    .bss.mbed_error_in_progress  BUILD/NUCLEO_F401RE/ARMC6/mbed-os/platform/source/mbed_error.o
    0x20002001   0x00000003   PAD
    0x20002004   0x00000054   Zero   RW        22139    .bss.mbed_fault_context  BUILD/NUCLEO_F401RE/ARMC6/mbed-os/platform/source/TARGET_CORTEX_M/mbed_fault_handler.o
    0x20002058   0x00000004   Zero   RW        22581    .bss.mbed_heap_size  BUILD/NUCLEO_F401RE/ARMC6/mbed-os/platform/source/mbed_retarget.o
    0x2000205c   0x00000004   Zero   RW        22580    .bss.mbed_heap_start  BUILD/NUCLEO_F401RE/ARMC6/mbed-os/platform/source/mbed_retarget.o
    0x20002060   0x00000004   Zero   RW        27077    .bss.mbed_sdk_inited  BUILD/NUCLEO_F401RE/ARMC6/mbed-os/targets/TARGET_STM/mbed_overrides.o
    0x20002064   0x00000004   Zero   RW          694    .bss.mbed_stack_isr_size  BUILD/NUCLEO_F401RE/ARMC6/mbed-os/cmsis/device/rtos/source/mbed_boot.o
    0x20002068   0x00000004   Zero   RW          693    .bss.mbed_stack_isr_start  BUILD/NUCLEO_F401RE/ARMC6/mbed-os/cmsis/device/rtos/source/mbed_boot.o
    0x2000206c   0x00000040   Zero   RW          295    .bss.os             BUILD/NUCLEO_F401RE/ARMC6/mbed-os/cmsis/CMSIS_5/CMSIS/RTOS2/RTX/Source/rtx_lib.o
    0x200020ac   0x00000001   Zero   RW          656    .bss.os             BUILD/NUCLEO_F401RE/ARMC6/mbed-os/cmsis/CMSIS_5/CMSIS/RTOS2/Source/os_systick.o
    0x200020ad   0x00000003   PAD
    0x200020b0   0x000001f0   Zero   RW          675    .bss.os.libspace    BUILD/NUCLEO_F401RE/ARMC6/mbed-os/cmsis/device/rtos/TOOLCHAIN_ARM_STD/mbed_boot_arm_std.o
    0x200022a0   0x00000034   Zero   RW          306    .bss.os.msgqueue.cb  BUILD/NUCLEO_F401RE/ARMC6/mbed-os/cmsis/CMSIS_5/CMSIS/RTOS2/RTX/Source/rtx_lib.o
    0x200022d4   0x00000050   Zero   RW          307    .bss.os.msgqueue.mem  BUILD/NUCLEO_F401RE/ARMC6/mbed-os/cmsis/CMSIS_5/CMSIS/RTOS2/RTX/Source/rtx_lib.o
    0x20002324   0x00000088   Zero   RW          303    .bss.os.thread.cb   BUILD/NUCLEO_F401RE/ARMC6/mbed-os/cmsis/CMSIS_5/CMSIS/RTOS2/RTX/Source/rtx_lib.o
    0x200023ac   0x00000044   Zero   RW          705    .bss.os.thread.cb   BUILD/NUCLEO_F401RE/ARMC6/mbed-os/cmsis/device/rtos/source/mbed_rtos_rtx.o
    0x200023f0   0x00000200   Zero   RW          304    .bss.os.thread.idle.stack  BUILD/NUCLEO_F401RE/ARMC6/mbed-os/cmsis/CMSIS_5/CMSIS/RTOS2/RTX/Source/rtx_lib.o
    0x200025f0   0x00000300   Zero   RW          305    .bss.os.thread.timer.stack  BUILD/NUCLEO_F401RE/ARMC6/mbed-os/cmsis/CMSIS_5/CMSIS/RTOS2/RTX/Source/rtx_lib.o
    0x200028f0   0x00000001   Zero   RW          678    .bss.os_kernel_is_active.os_kernel_active  BUILD/NUCLEO_F401RE/ARMC6/mbed-os/cmsis/device/rtos/TOOLCHAIN_ARM_STD/mbed_boot_arm_std.o
    0x200028f1   0x00000003   PAD
    0x200028f4   0x00000478   Zero   RW           89    .bss.pc             BUILD/NUCLEO_F401RE/ARMC6/main.o
    0x20002d6c   0x00000002   Zero   RW        26962    .bss.prev_tick_remainder  BUILD/NUCLEO_F401RE/ARMC6/mbed-os/targets/TARGET_STM/hal_tick_overrides.o
    0x20002d6e   0x00000002   PAD
    0x20002d70   0x00000004   Zero   RW        26961    .bss.prev_time      BUILD/NUCLEO_F401RE/ARMC6/mbed-os/targets/TARGET_STM/hal_tick_overrides.o
    0x20002d74   0x0000000c   Zero   RW        26800    .bss.serial_irq_ids  BUILD/NUCLEO_F401RE/ARMC6/mbed-os/targets/TARGET_STM/TARGET_STM32F4/serial_device.o
    0x20002d80   0x00000004   Zero   RW          709    .bss.singleton_mutex_id  BUILD/NUCLEO_F401RE/ARMC6/mbed-os/cmsis/device/rtos/source/mbed_rtos_rtx.o
    0x20002d84   0x0000001c   Zero   RW          707    .bss.singleton_mutex_obj  BUILD/NUCLEO_F401RE/ARMC6/mbed-os/cmsis/device/rtos/source/mbed_rtos_rtx.o
    0x20002da0   0x00000001   Zero   RW        21512    .bss.state_saved    BUILD/NUCLEO_F401RE/ARMC6/mbed-os/hal/source/mbed_critical_section_api.o
    0x20002da1   0x00000003   PAD
    0x20002da4   0x0000004c   Zero   RW        27205    .bss.stdio_uart     BUILD/NUCLEO_F401RE/ARMC6/mbed-os/targets/TARGET_STM/serial_api.o
    0x20002df0   0x00000004   Zero   RW        27203    .bss.stdio_uart_inited  BUILD/NUCLEO_F401RE/ARMC6/mbed-os/targets/TARGET_STM/serial_api.o
    0x20002df4   0x00000004   Zero   RW          742    .bss.terminate_hook  BUILD/NUCLEO_F401RE/ARMC6/mbed-os/cmsis/device/rtos/source/mbed_rtx_handlers.o
    0x20002df8   0x00000004   Zero   RW        27310    .bss.timer_ccr1_reg  BUILD/NUCLEO_F401RE/ARMC6/mbed-os/targets/TARGET_STM/us_ticker.o
    0x20002dfc   0x00000004   Zero   RW        27309    .bss.timer_cnt_reg  BUILD/NUCLEO_F401RE/ARMC6/mbed-os/targets/TARGET_STM/us_ticker.o
    0x20002e00   0x00000004   Zero   RW        27311    .bss.timer_dier_reg  BUILD/NUCLEO_F401RE/ARMC6/mbed-os/targets/TARGET_STM/us_ticker.o
    0x20002e04   0x00000004   Zero   RW        26963    .bss.total_ticks    BUILD/NUCLEO_F401RE/ARMC6/mbed-os/targets/TARGET_STM/hal_tick_overrides.o
    0x20002e08   0x00000098   Zero   RW           86    .bss.tpl5010        BUILD/NUCLEO_F401RE/ARMC6/main.o
    0x20002ea0   0x000000cc   Zero   RW        26802    .bss.uart_handlers  BUILD/NUCLEO_F401RE/ARMC6/mbed-os/targets/TARGET_STM/TARGET_STM32F4/serial_device.o
    0x20002f6c   0x000000bc   Zero   RW           91    .bss.usb_thread     BUILD/NUCLEO_F401RE/ARMC6/main.o


    Execution Region ARM_LIB_HEAP (Base: 0x20003030, Size: 0x00014bd0, Max: 0x00014bd0, ABSOLUTE)

    Base Addr    Size         Type   Attr      Idx    E Section Name        Object

    0x20003030   0x00014bd0   Zero   RW            1    ARM_LIB_HEAP.bss    anon$$obj.o


    Execution Region ARM_LIB_STACK (Base: 0x20017c00, Size: 0x00000400, Max: 0x00000400, ABSOLUTE)

    Base Addr    Size         Type   Attr      Idx    E Section Name        Object

    0x20017c00   0x00000400   Zero   RW            2    ARM_LIB_STACK.bss   anon$$obj.o


==============================================================================

Image component sizes


      Code (inc. data)   RO Data    RW Data    ZI Data      Debug   

     49116       2846       4628        248      97276      37452   Object Totals
         0          0         32          0      85968          0   (incl. Generated)
       136          0          4          3         26          0   (incl. Padding)
     11596        536        556         16        348       8724   Library Totals
        22          0          4          0          0          0   (incl. Padding)

==============================================================================


      Code (inc. data)   RO Data    RW Data    ZI Data      Debug   

     60712       3382       5184        264      97624      39500   Grand Totals
     60712       3382       5184        264      97624      39500   ELF Image Totals
     60712       3382       5184        264          0          0   ROM Totals

==============================================================================

    Total RO  Size (Code + RO Data)                65896 (  64.35kB)
    Total RW  Size (RW Data + ZI Data)             97888 (  95.59kB)
    Total ROM Size (Code + RO Data + RW Data)      66160 (  64.61kB)

==============================================================================

