Component: ARM Compiler 6.16 Tool: armlink [5dfeaa00]

==============================================================================

Memory Map of the image

  Image Entry point : 0x08020195

  Load Region LR_IROM1 (Base: 0x08020000, Size: 0x0001018c, Max: 0x00060000, ABSOLUTE)

    Execution Region ER_IROM1 (Base: 0x08020000, Size: 0x00010084, Max: 0x00060000, ABSOLUTE)

    Base Addr    Size         Type   Attr      Idx    E Section Name        Object

    0x08020000   0x00000194   Data   RO        26712    RESET               BUILD/NUCLEO_F401RE/ARMC6/mbed-os/targets/TARGET_STM/TARGET_STM32F4/TARGET_STM32F401xE/TOOLCHAIN_ARM/startup_stm32f401xe.o
    0x08020194   0x00000008   Code   RO        27634  * !!!main             c:\ProgramData\Mbed Studio\mbed-studio-tools\ac6\bin\..\lib\armlib\c_w.l(__main.o)
    0x0802019c   0x00000034   Code   RO        28616    !!!scatter          c:\ProgramData\Mbed Studio\mbed-studio-tools\ac6\bin\..\lib\armlib\c_w.l(__scatter.o)
    0x080201d0   0x0000001a   Code   RO        28618    !!handler_copy      c:\ProgramData\Mbed Studio\mbed-studio-tools\ac6\bin\..\lib\armlib\c_w.l(__scatter_copy.o)
    0x080201ea   0x00000002   PAD
    0x080201ec   0x0000001c   Code   RO        28620    !!handler_zi        c:\ProgramData\Mbed Studio\mbed-studio-tools\ac6\bin\..\lib\armlib\c_w.l(__scatter_zi.o)
    0x08020208   0x00000000   Code   RO        27502    .ARM.Collect$$_printf_percent$$00000000  c:\ProgramData\Mbed Studio\mbed-studio-tools\ac6\bin\..\lib\armlib\c_w.l(_printf_percent.o)
    0x08020208   0x00000006   Code   RO        27494    .ARM.Collect$$_printf_percent$$00000001  c:\ProgramData\Mbed Studio\mbed-studio-tools\ac6\bin\..\lib\armlib\c_w.l(_printf_n.o)
    0x0802020e   0x00000006   Code   RO        27496    .ARM.Collect$$_printf_percent$$00000002  c:\ProgramData\Mbed Studio\mbed-studio-tools\ac6\bin\..\lib\armlib\c_w.l(_printf_p.o)
    0x08020214   0x00000006   Code   RO        27501    .ARM.Collect$$_printf_percent$$00000003  c:\ProgramData\Mbed Studio\mbed-studio-tools\ac6\bin\..\lib\armlib\c_w.l(_printf_f.o)
    0x0802021a   0x00000006   Code   RO        27850    .ARM.Collect$$_printf_percent$$00000004  c:\ProgramData\Mbed Studio\mbed-studio-tools\ac6\bin\..\lib\armlib\c_w.l(_printf_e.o)
    0x08020220   0x00000006   Code   RO        27851    .ARM.Collect$$_printf_percent$$00000005  c:\ProgramData\Mbed Studio\mbed-studio-tools\ac6\bin\..\lib\armlib\c_w.l(_printf_g.o)
    0x08020226   0x00000006   Code   RO        27852    .ARM.Collect$$_printf_percent$$00000006  c:\ProgramData\Mbed Studio\mbed-studio-tools\ac6\bin\..\lib\armlib\c_w.l(_printf_a.o)
    0x0802022c   0x0000000a   Code   RO        27857    .ARM.Collect$$_printf_percent$$00000007  c:\ProgramData\Mbed Studio\mbed-studio-tools\ac6\bin\..\lib\armlib\c_w.l(_printf_ll.o)
    0x08020236   0x00000006   Code   RO        27498    .ARM.Collect$$_printf_percent$$00000008  c:\ProgramData\Mbed Studio\mbed-studio-tools\ac6\bin\..\lib\armlib\c_w.l(_printf_i.o)
    0x0802023c   0x00000006   Code   RO        27499    .ARM.Collect$$_printf_percent$$00000009  c:\ProgramData\Mbed Studio\mbed-studio-tools\ac6\bin\..\lib\armlib\c_w.l(_printf_d.o)
    0x08020242   0x00000006   Code   RO        27500    .ARM.Collect$$_printf_percent$$0000000A  c:\ProgramData\Mbed Studio\mbed-studio-tools\ac6\bin\..\lib\armlib\c_w.l(_printf_u.o)
    0x08020248   0x00000006   Code   RO        27497    .ARM.Collect$$_printf_percent$$0000000B  c:\ProgramData\Mbed Studio\mbed-studio-tools\ac6\bin\..\lib\armlib\c_w.l(_printf_o.o)
    0x0802024e   0x00000006   Code   RO        27495    .ARM.Collect$$_printf_percent$$0000000C  c:\ProgramData\Mbed Studio\mbed-studio-tools\ac6\bin\..\lib\armlib\c_w.l(_printf_x.o)
    0x08020254   0x00000006   Code   RO        27854    .ARM.Collect$$_printf_percent$$0000000D  c:\ProgramData\Mbed Studio\mbed-studio-tools\ac6\bin\..\lib\armlib\c_w.l(_printf_lli.o)
    0x0802025a   0x00000006   Code   RO        27855    .ARM.Collect$$_printf_percent$$0000000E  c:\ProgramData\Mbed Studio\mbed-studio-tools\ac6\bin\..\lib\armlib\c_w.l(_printf_lld.o)
    0x08020260   0x00000006   Code   RO        27856    .ARM.Collect$$_printf_percent$$0000000F  c:\ProgramData\Mbed Studio\mbed-studio-tools\ac6\bin\..\lib\armlib\c_w.l(_printf_llu.o)
    0x08020266   0x00000006   Code   RO        27860    .ARM.Collect$$_printf_percent$$00000010  c:\ProgramData\Mbed Studio\mbed-studio-tools\ac6\bin\..\lib\armlib\c_w.l(_printf_llo.o)
    0x0802026c   0x00000006   Code   RO        27861    .ARM.Collect$$_printf_percent$$00000011  c:\ProgramData\Mbed Studio\mbed-studio-tools\ac6\bin\..\lib\armlib\c_w.l(_printf_llx.o)
    0x08020272   0x0000000a   Code   RO        27858    .ARM.Collect$$_printf_percent$$00000012  c:\ProgramData\Mbed Studio\mbed-studio-tools\ac6\bin\..\lib\armlib\c_w.l(_printf_l.o)
[...]
    0x08026dc6   0x00000002   PAD
    0x08026dc8   0x000000b4   Code   RO        20086    .text._ZN6USBCDC5_initEv  BUILD/NUCLEO_F401RE/ARMC6/mbed-os/drivers/usb/source/USBCDC.o
    0x08026e7c   0x00000002   Code   RO        20146    .text._ZN6USBCDC7data_rxEv  BUILD/NUCLEO_F401RE/ARMC6/mbed-os/drivers/usb/source/USBCDC.o
    0x08026e7e   0x00000002   Code   RO        20148    .text._ZN6USBCDC7data_txEv  BUILD/NUCLEO_F401RE/ARMC6/mbed-os/drivers/usb/source/USBCDC.o
    0x08026e80   0x00000080   Code   RO        20122    .text._ZN6USBCDC7receiveEPhjPj  BUILD/NUCLEO_F401RE/ARMC6/mbed-os/drivers/usb/source/USBCDC.o
    0x08026f00   0x0000006c   Code   RO        20118    .text._ZN6USBCDC7send_nbEPhjPjb  BUILD/NUCLEO_F401RE/ARMC6/mbed-os/drivers/usb/source/USBCDC.o
    0x08026f6c   0x00000060   Code   RO        20160    .text._ZN6USBCDC9AsyncRead7processEv  BUILD/NUCLEO_F401RE/ARMC6/mbed-os/drivers/usb/source/USBCDC.o
    0x08026fcc   0x0000000e   Code   RO        20158    .text._ZN6USBCDC9AsyncReadD0Ev  BUILD/NUCLEO_F401RE/ARMC6/mbed-os/drivers/usb/source/USBCDC.o
    0x08026fda   0x00000008   Code   RO        20152    .text._ZN6USBCDC9AsyncWait7processEv  BUILD/NUCLEO_F401RE/ARMC6/mbed-os/drivers/usb/source/USBCDC.o
    0x08026fe2   0x0000000e   Code   RO        20150    .text._ZN6USBCDC9AsyncWaitD0Ev  BUILD/NUCLEO_F401RE/ARMC6/mbed-os/drivers/usb/source/USBCDC.o
    0x08026ff0   0x00000042   Code   RO        20108    .text._ZN6USBCDC9_send_isrEv  BUILD/NUCLEO_F401RE/ARMC6/mbed-os/drivers/usb/source/USBCDC.o
    0x08027032   0x00000042   Code   RO        20090    .text._ZN6USBCDCC2EP6USBPhyttt  BUILD/NUCLEO_F401RE/ARMC6/mbed-os/drivers/usb/source/USBCDC.o
    0x08027074   0x0000000e   Code   RO        20094    .text._ZN6USBCDCD0Ev  BUILD/NUCLEO_F401RE/ARMC6/mbed-os/drivers/usb/source/USBCDC.o
    0x08027082   0x00000038   Code   RO        20092    .text._ZN6USBCDCD2Ev  BUILD/NUCLEO_F401RE/ARMC6/mbed-os/drivers/usb/source/USBCDC.o
    0x080270ba   0x0000002a   Code   RO           53    .text._ZN6events10EventQueue13function_callIN4mbed8CallbackIFvvEEEEEvPv  BUILD/NUCLEO_F401RE/ARMC6/TimerTPL5010/TimerTPL5010.o
    0x080270e4   0x0000002a   Code   RO           39    .text._ZN6events10EventQueue13function_callINS0_7contextIN4mbed8CallbackIFvvEEEJEEEEEvPv  BUILD/NUCLEO_F401RE/ARMC6/TimerTPL5010/TimerTPL5010.o
    0x0802710e   0x0000000a   Code   RO           59    .text._ZN6events10EventQueue13function_callINS0_7contextIPFiPKczEJS4_PvEEEEEvS7_  BUILD/NUCLEO_F401RE/ARMC6/TimerTPL5010/TimerTPL5010.o
    0x08027118   0x0000000a   Code   RO           51    .text._ZN6events10EventQueue13function_dtorIN4mbed8CallbackIFvvEEEEEvPv  BUILD/NUCLEO_F401RE/ARMC6/TimerTPL5010/TimerTPL5010.o
    0x08027122   0x0000000a   Code   RO           37    .text._ZN6events10EventQueue13function_dtorINS0_7contextIN4mbed8CallbackIFvvEEEJEEEEEvPv  BUILD/NUCLEO_F401RE/ARMC6/TimerTPL5010/TimerTPL5010.o
    0x0802712c   0x00000002   Code   RO           57    .text._ZN6events10EventQueue13function_dtorINS0_7contextIPFiPKczEJS4_PvEEEEEvS7_  BUILD/NUCLEO_F401RE/ARMC6/TimerTPL5010/TimerTPL5010.o
    0x0802712e   0x00000008   Code   RO        20842    .text._ZN6events10EventQueue16dispatch_foreverEv  BUILD/NUCLEO_F401RE/ARMC6/mbed-os/events/source/EventQueue.o
    0x08027136   0x00000028   Code   RO           19    .text._ZN6events10EventQueue5eventI12TimerTPL5010vJEEENS_5EventIFvDpT1_EEEPT_MS8_FT0_S5_E  BUILD/NUCLEO_F401RE/ARMC6/TimerTPL5010/TimerTPL5010.o
    0x0802715e   0x0000002e   Code   RO           23    .text._ZN6events10EventQueue7call_inI12TimerTPL5010vJEEEiNSt3__26chrono8durationIiNS3_5ratioILx1ELx1000EEEEEPT_MS9_FT0_DpT1_ESD_  BUILD/NUCLEO_F401RE/ARMC6/TimerTPL5010/TimerTPL5010.o
    0x0802718c   0x0000005e   Code   RO           49    .text._ZN6events10EventQueue7call_inIN4mbed8CallbackIFvvEEEEEiNSt3__26chrono8durationIiNS6_5ratioILx1ELx1000EEEEET_  BUILD/NUCLEO_F401RE/ARMC6/TimerTPL5010/TimerTPL5010.o
    0x080271ea   0x00000052   Code   RO           55    .text._ZN6events10EventQueue7call_inINS0_7contextIPFiPKczEJS4_PvEEEEEiNSt3__26chrono8durationIiNS9_5ratioILx1ELx1000EEEEET_  BUILD/NUCLEO_F401RE/ARMC6/TimerTPL5010/TimerTPL5010.o
    0x0802723c   0x00000020   Code   RO        20834    .text._ZN6events10EventQueueC2EjPh  BUILD/NUCLEO_F401RE/ARMC6/mbed-os/events/source/EventQueue.o
    0x0802725c   0x0000000c   Code   RO           35    .text._ZN6events5EventIFvvEE10event_dtorIN4mbed8CallbackIS1_EEEEvPNS2_5eventE  BUILD/NUCLEO_F401RE/ARMC6/TimerTPL5010/TimerTPL5010.o
    0x08027268   0x00000082   Code   RO           33    .text._ZN6events5EventIFvvEE10event_postIN4mbed8CallbackIS1_EEEEiPNS2_5eventE  BUILD/NUCLEO_F401RE/ARMC6/TimerTPL5010/TimerTPL5010.o
    0x080272ea   0x00000052   Code   RO           25    .text._ZN6events5EventIFvvEEC2IN4mbed8CallbackIS1_EEEEPNS_10EventQueueET_  BUILD/NUCLEO_F401RE/ARMC6/TimerTPL5010/TimerTPL5010.o
    0x0802733c   0x00000020   Code   RO           21    .text._ZN6events5EventIFvvEED2Ev  BUILD/NUCLEO_F401RE/ARMC6/TimerTPL5010/TimerTPL5010.o
    0x0802735c   0x0000009c   Code   RO        19832    .text._ZN7AsyncOp4waitEPN4rtos5MutexENSt3__26chrono8durationIjNS3_5ratioILx1ELx1000EEEEE  BUILD/NUCLEO_F401RE/ARMC6/mbed-os/drivers/usb/source/AsyncOp.o
    0x080273f8   0x00000044   Code   RO        19836    .text._ZN7AsyncOp6_abortEb  BUILD/NUCLEO_F401RE/ARMC6/mbed-os/drivers/usb/source/AsyncOp.o
    0x0802743c   0x00000056   Code   RO        19842    .text._ZN7AsyncOp8completeEv  BUILD/NUCLEO_F401RE/ARMC6/mbed-os/drivers/usb/source/AsyncOp.o
    0x08027492   0x0000001a   Code   RO        19824    .text._ZN7AsyncOpC2Ev  BUILD/NUCLEO_F401RE/ARMC6/mbed-os/drivers/usb/source/AsyncOp.o
    0x080274ac   0x00000002   Code   RO        19830    .text._ZN7AsyncOpD0Ev  BUILD/NUCLEO_F401RE/ARMC6/mbed-os/drivers/usb/source/AsyncOp.o
    0x080274ae   0x00000002   PAD
    0x080274b0   0x00000048   Code   RO        19828    .text._ZN7AsyncOpD2Ev  BUILD/NUCLEO_F401RE/ARMC6/mbed-os/drivers/usb/source/AsyncOp.o
    0x080274f8   0x0000003a   Code   RO        26845    .text._ZN8USBPhyHw10disconnectEv  BUILD/NUCLEO_F401RE/ARMC6/mbed-os/targets/TARGET_STM/USBPhy_STM32.o
    0x08027532   0x00000006   Code   RO        26851    .text._ZN8USBPhyHw10sof_enableEv  BUILD/NUCLEO_F401RE/ARMC6/mbed-os/targets/TARGET_STM/USBPhy_STM32.o
    0x08027538   0x00000028   Code   RO        26855    .text._ZN8USBPhyHw11set_addressEh  BUILD/NUCLEO_F401RE/ARMC6/mbed-os/targets/TARGET_STM/USBPhy_STM32.o
    0x08027560   0x00000006   Code   RO        26853    .text._ZN8USBPhyHw11sof_disableEv  BUILD/NUCLEO_F401RE/ARMC6/mbed-os/targets/TARGET_STM/USBPhy_STM32.o
    0x08027566   0x00000002   Code   RO        26849    .text._ZN8USBPhyHw11unconfigureEv  BUILD/NUCLEO_F401RE/ARMC6/mbed-os/targets/TARGET_STM/USBPhy_STM32.o
    0x08027568   0x00000094   Code   RO        26873    .text._ZN8USBPhyHw12endpoint_addEhj13usb_ep_type_t  BUILD/NUCLEO_F401RE/ARMC6/mbed-os/targets/TARGET_STM/USBPhy_STM32.o
    0x080275fc   0x0000002c   Code   RO        26881    .text._ZN8USBPhyHw13endpoint_readEhPhj  BUILD/NUCLEO_F401RE/ARMC6/mbed-os/targets/TARGET_STM/USBPhy_STM32.o
    0x08027628   0x00000002   Code   RO        26857    .text._ZN8USBPhyHw13remote_wakeupEv  BUILD/NUCLEO_F401RE/ARMC6/mbed-os/targets/TARGET_STM/USBPhy_STM32.o
    0x0802762a   0x00000028   Code   RO        26887    .text._ZN8USBPhyHw14endpoint_abortEh  BUILD/NUCLEO_F401RE/ARMC6/mbed-os/targets/TARGET_STM/USBPhy_STM32.o
    0x08027652   0x0000002a   Code   RO        26877    .text._ZN8USBPhyHw14endpoint_stallEh  BUILD/NUCLEO_F401RE/ARMC6/mbed-os/targets/TARGET_STM/USBPhy_STM32.o
    0x0802767c   0x0000000a   Code   RO        26859    .text._ZN8USBPhyHw14endpoint_tableEv  BUILD/NUCLEO_F401RE/ARMC6/mbed-os/targets/TARGET_STM/USBPhy_STM32.o
    0x08027686   0x00000042   Code   RO        26885    .text._ZN8USBPhyHw14endpoint_writeEhPhj  BUILD/NUCLEO_F401RE/ARMC6/mbed-os/targets/TARGET_STM/USBPhy_STM32.o
    0x080276c8   0x00000028   Code   RO        26875    .text._ZN8USBPhyHw15endpoint_removeEh  BUILD/NUCLEO_F401RE/ARMC6/mbed-os/targets/TARGET_STM/USBPhy_STM32.o
    0x080276f0   0x0000000e   Code   RO        26867    .text._ZN8USBPhyHw15ep0_read_resultEv  BUILD/NUCLEO_F401RE/ARMC6/mbed-os/targets/TARGET_STM/USBPhy_STM32.o
    0x080276fe   0x0000002a   Code   RO        26879    .text._ZN8USBPhyHw16endpoint_unstallEh  BUILD/NUCLEO_F401RE/ARMC6/mbed-os/targets/TARGET_STM/USBPhy_STM32.o
    0x08027728   0x00000004   Code   RO        26861    .text._ZN8USBPhyHw18ep0_set_max_packetEj  BUILD/NUCLEO_F401RE/ARMC6/mbed-os/targets/TARGET_STM/USBPhy_STM32.o
    0x0802772c   0x0000001e   Code   RO        26883    .text._ZN8USBPhyHw20endpoint_read_resultEh  BUILD/NUCLEO_F401RE/ARMC6/mbed-os/targets/TARGET_STM/USBPhy_STM32.o
    0x0802774a   0x00000020   Code   RO        26863    .text._ZN8USBPhyHw21ep0_setup_read_resultEPhj  BUILD/NUCLEO_F401RE/ARMC6/mbed-os/targets/TARGET_STM/USBPhy_STM32.o
    0x0802776a   0x00000002   PAD
    0x0802776c   0x0000019c   Code   RO        26835    .text._ZN8USBPhyHw4initEP12USBPhyEvents  BUILD/NUCLEO_F401RE/ARMC6/mbed-os/targets/TARGET_STM/USBPhy_STM32.o
    0x08027908   0x0000004a   Code   RO        26839    .text._ZN8USBPhyHw6deinitEv  BUILD/NUCLEO_F401RE/ARMC6/mbed-os/targets/TARGET_STM/USBPhy_STM32.o
    0x08027952   0x00000026   Code   RO        26837    .text._ZN8USBPhyHw7_usbisrEv  BUILD/NUCLEO_F401RE/ARMC6/mbed-os/targets/TARGET_STM/USBPhy_STM32.o
    0x08027978   0x00000032   Code   RO        26843    .text._ZN8USBPhyHw7connectEv  BUILD/NUCLEO_F401RE/ARMC6/mbed-os/targets/TARGET_STM/USBPhy_STM32.o
    0x080279aa   0x00000004   Code   RO        26841    .text._ZN8USBPhyHw7poweredEv  BUILD/NUCLEO_F401RE/ARMC6/mbed-os/targets/TARGET_STM/USBPhy_STM32.o
    0x080279ae   0x00000024   Code   RO        26889    .text._ZN8USBPhyHw7processEv  BUILD/NUCLEO_F401RE/ARMC6/mbed-os/targets/TARGET_STM/USBPhy_STM32.o
    0x080279d2   0x0000003a   Code   RO        26865    .text._ZN8USBPhyHw8ep0_readEPhj  BUILD/NUCLEO_F401RE/ARMC6/mbed-os/targets/TARGET_STM/USBPhy_STM32.o
    0x08027a0c   0x00000002   Code   RO        26847    .text._ZN8USBPhyHw9configureEv  BUILD/NUCLEO_F401RE/ARMC6/mbed-os/targets/TARGET_STM/USBPhy_STM32.o
    0x08027a0e   0x0000001c   Code   RO        26871    .text._ZN8USBPhyHw9ep0_stallEv  BUILD/NUCLEO_F401RE/ARMC6/mbed-os/targets/TARGET_STM/USBPhy_STM32.o
    0x08027a2a   0x00000002   PAD
    0x08027a2c   0x00000054   Code   RO        26869    .text._ZN8USBPhyHw9ep0_writeEPhj  BUILD/NUCLEO_F401RE/ARMC6/mbed-os/targets/TARGET_STM/USBPhy_STM32.o
    0x08027a80   0x00000004   Code   RO        26833    .text._ZN8USBPhyHwD0Ev  BUILD/NUCLEO_F401RE/ARMC6/mbed-os/targets/TARGET_STM/USBPhy_STM32.o
    0x08027a84   0x00000002   Code   RO        26831    .text._ZN8USBPhyHwD2Ev  BUILD/NUCLEO_F401RE/ARMC6/mbed-os/targets/TARGET_STM/USBPhy_STM32.o
    0x08027a86   0x00000044   Code   RO        20316    .text._ZN9USBDevice10disconnectEv  BUILD/NUCLEO_F401RE/ARMC6/mbed-os/drivers/usb/source/USBDevice.o
    0x08027aca   0x000000e0   Code   RO        20350    .text._ZN9USBDevice10read_startEhPhj  BUILD/NUCLEO_F401RE/ARMC6/mbed-os/drivers/usb/source/USBDevice.o
    0x08027baa   0x0000008a   Code   RO        20248    .text._ZN9USBDevice11_control_inEv  BUILD/NUCLEO_F401RE/ARMC6/mbed-os/drivers/usb/source/USBDevice.o
    0x08027c34   0x0000004c   Code   RO        20358    .text._ZN9USBDevice11device_descEv  BUILD/NUCLEO_F401RE/ARMC6/mbed-os/drivers/usb/source/USBDevice.o
    0x08027c80   0x000000b0   Code   RO        20352    .text._ZN9USBDevice11read_finishEh  BUILD/NUCLEO_F401RE/ARMC6/mbed-os/drivers/usb/source/USBDevice.o
    0x08027d30   0x0000012c   Code   RO        20354    .text._ZN9USBDevice11write_startEhPhj  BUILD/NUCLEO_F401RE/ARMC6/mbed-os/drivers/usb/source/USBDevice.o
    0x08027e5c   0x0000007e   Code   RO        20244    .text._ZN9USBDevice12_control_outEv  BUILD/NUCLEO_F401RE/ARMC6/mbed-os/drivers/usb/source/USBDevice.o
    0x08027eda   0x00000002   Code   RO        20063    .text._ZN9USBDevice12callback_sofEi  BUILD/NUCLEO_F401RE/ARMC6/mbed-os/drivers/usb/source/USBAudio.o
    0x08027edc   0x00000138   Code   RO        20324    .text._ZN9USBDevice12endpoint_addEhj13usb_ep_type_tN4mbed8CallbackIFvvEEE  BUILD/NUCLEO_F401RE/ARMC6/mbed-os/drivers/usb/source/USBDevice.o
    0x08028014   0x00000032   Code   RO        20142    .text._ZN9USBDevice12endpoint_addI6USBCDCEEbhj13usb_ep_type_tMT_FvvE  BUILD/NUCLEO_F401RE/ARMC6/mbed-os/drivers/usb/source/USBCDC.o
    0x08028046   0x000000a0   Code   RO        20356    .text._ZN9USBDevice12write_finishEh  BUILD/NUCLEO_F401RE/ARMC6/mbed-os/drivers/usb/source/USBDevice.o
    0x080280e6   0x0000008e   Code   RO        20258    .text._ZN9USBDevice13_change_stateENS_11DeviceStateE  BUILD/NUCLEO_F401RE/ARMC6/mbed-os/drivers/usb/source/USBDevice.o
    0x08028174   0x00000026   Code   RO        20378    .text._ZN9USBDevice13assert_lockedEv  BUILD/NUCLEO_F401RE/ARMC6/mbed-os/drivers/usb/source/USBDevice.o
    0x0802819a   0x00000022   Code   RO        20372    .text._ZN9USBDevice13start_processEv  BUILD/NUCLEO_F401RE/ARMC6/mbed-os/drivers/usb/source/USBDevice.o
    0x080281bc   0x0000006e   Code   RO        20292    .text._ZN9USBDevice14_control_setupEv  BUILD/NUCLEO_F401RE/ARMC6/mbed-os/drivers/usb/source/USBDevice.o
    0x0802822a   0x00000002   PAD
    0x0802822c   0x000000c6   Code   RO        20290    .text._ZN9USBDevice14_request_setupEv  BUILD/NUCLEO_F401RE/ARMC6/mbed-os/drivers/usb/source/USBDevice.o
    0x080282f2   0x00000002   Code   RO        20061    .text._ZN9USBDevice14callback_powerEb  BUILD/NUCLEO_F401RE/ARMC6/mbed-os/drivers/usb/source/USBAudio.o
    0x080282f4   0x00000002   Code   RO        20065    .text._ZN9USBDevice14callback_resetEv  BUILD/NUCLEO_F401RE/ARMC6/mbed-os/drivers/usb/source/USBAudio.o
    0x080282f6   0x000000a8   Code   RO        20330    .text._ZN9USBDevice14endpoint_abortEh  BUILD/NUCLEO_F401RE/ARMC6/mbed-os/drivers/usb/source/USBDevice.o
    0x0802839e   0x000000b4   Code   RO        20282    .text._ZN9USBDevice14endpoint_stallEh  BUILD/NUCLEO_F401RE/ARMC6/mbed-os/drivers/usb/source/USBDevice.o
    0x08028452   0x0000000a   Code   RO        20334    .text._ZN9USBDevice14endpoint_tableEv  BUILD/NUCLEO_F401RE/ARMC6/mbed-os/drivers/usb/source/USBDevice.o
    0x0802845c   0x00000080   Code   RO        20294    .text._ZN9USBDevice16complete_requestENS_13RequestResultEPhj  BUILD/NUCLEO_F401RE/ARMC6/mbed-os/drivers/usb/source/USBDevice.o
    0x080284dc   0x000000b6   Code   RO        20286    .text._ZN9USBDevice16endpoint_unstallEh  BUILD/NUCLEO_F401RE/ARMC6/mbed-os/drivers/usb/source/USBDevice.o
    0x08028592   0x00000096   Code   RO        20296    .text._ZN9USBDevice17_complete_requestEv  BUILD/NUCLEO_F401RE/ARMC6/mbed-os/drivers/usb/source/USBDevice.o
    0x08028628   0x00000004   Code   RO        20059    .text._ZN9USBDevice18report_desc_dengthEv  BUILD/NUCLEO_F401RE/ARMC6/mbed-os/drivers/usb/source/USBAudio.o
    0x0802862c   0x0000000a   Code   RO        20360    .text._ZN9USBDevice18string_langid_descEv  BUILD/NUCLEO_F401RE/ARMC6/mbed-os/drivers/usb/source/USBDevice.o
    0x08028636   0x0000007c   Code   RO        20288    .text._ZN9USBDevice19_request_get_statusEv  BUILD/NUCLEO_F401RE/ARMC6/mbed-os/drivers/usb/source/USBDevice.o
    0x080286b2   0x0000000a   Code   RO        20364    .text._ZN9USBDevice19string_iserial_descEv  BUILD/NUCLEO_F401RE/ARMC6/mbed-os/drivers/usb/source/USBDevice.o
    0x080286bc   0x00000030   Code   RO        20256    .text._ZN9USBDevice20_request_set_addressEv  BUILD/NUCLEO_F401RE/ARMC6/mbed-os/drivers/usb/source/USBDevice.o
    0x080286ec   0x00000050   Code   RO        20280    .text._ZN9USBDevice20_request_set_featureEv  BUILD/NUCLEO_F401RE/ARMC6/mbed-os/drivers/usb/source/USBDevice.o
    0x0802873c   0x0000000a   Code   RO        20370    .text._ZN9USBDevice20string_iproduct_descEv  BUILD/NUCLEO_F401RE/ARMC6/mbed-os/drivers/usb/source/USBDevice.o
    0x08028746   0x00000050   Code   RO        20284    .text._ZN9USBDevice22_request_clear_featureEv  BUILD/NUCLEO_F401RE/ARMC6/mbed-os/drivers/usb/source/USBDevice.o
    0x08028796   0x00000002   PAD
    0x08028798   0x00000078   Code   RO        20276    .text._ZN9USBDevice22complete_set_interfaceEb  BUILD/NUCLEO_F401RE/ARMC6/mbed-os/drivers/usb/source/USBDevice.o
    0x08028810   0x0000000a   Code   RO        20368    .text._ZN9USBDevice22string_iinterface_descEv  BUILD/NUCLEO_F401RE/ARMC6/mbed-os/drivers/usb/source/USBDevice.o
    0x0802881a   0x0000005a   Code   RO        20278    .text._ZN9USBDevice23_complete_set_interfaceEv  BUILD/NUCLEO_F401RE/ARMC6/mbed-os/drivers/usb/source/USBDevice.o
    0x08028874   0x000000aa   Code   RO        20268    .text._ZN9USBDevice23_control_setup_continueEv  BUILD/NUCLEO_F401RE/ARMC6/mbed-os/drivers/usb/source/USBDevice.o
    0x0802891e   0x00000002   PAD
    0x08028920   0x0000014a   Code   RO        20240    .text._ZN9USBDevice23_request_get_descriptorEv  BUILD/NUCLEO_F401RE/ARMC6/mbed-os/drivers/usb/source/USBDevice.o
    0x08028a6a   0x0000003c   Code   RO        20348    .text._ZN9USBDevice24endpoint_max_packet_sizeEh  BUILD/NUCLEO_F401RE/ARMC6/mbed-os/drivers/usb/source/USBDevice.o
    0x08028aa6   0x0000000a   Code   RO        20362    .text._ZN9USBDevice25string_imanufacturer_descEv  BUILD/NUCLEO_F401RE/ARMC6/mbed-os/drivers/usb/source/USBDevice.o
    0x08028ab0   0x00000044   Code   RO        20260    .text._ZN9USBDevice26_request_set_configurationEv  BUILD/NUCLEO_F401RE/ARMC6/mbed-os/drivers/usb/source/USBDevice.o
    0x08028af4   0x0000007c   Code   RO        20246    .text._ZN9USBDevice26complete_request_xfer_doneEb  BUILD/NUCLEO_F401RE/ARMC6/mbed-os/drivers/usb/source/USBDevice.o
    0x08028b70   0x0000007c   Code   RO        20262    .text._ZN9USBDevice26complete_set_configurationEb  BUILD/NUCLEO_F401RE/ARMC6/mbed-os/drivers/usb/source/USBDevice.o
    0x08028bec   0x0000000a   Code   RO        20366    .text._ZN9USBDevice26string_iconfiguration_descEv  BUILD/NUCLEO_F401RE/ARMC6/mbed-os/drivers/usb/source/USBDevice.o
    0x08028bf6   0x00000076   Code   RO        20252    .text._ZN9USBDevice27_complete_request_xfer_doneEv  BUILD/NUCLEO_F401RE/ARMC6/mbed-os/drivers/usb/source/USBDevice.o
    0x08028c6c   0x000000ac   Code   RO        20264    .text._ZN9USBDevice27_complete_set_configurationEv  BUILD/NUCLEO_F401RE/ARMC6/mbed-os/drivers/usb/source/USBDevice.o
    0x08028d18   0x00000084   Code   RO        20310    .text._ZN9USBDevice2inEh  BUILD/NUCLEO_F401RE/ARMC6/mbed-os/drivers/usb/source/USBDevice.o
    0x08028d9c   0x00000084   Code   RO        20308    .text._ZN9USBDevice3outEh  BUILD/NUCLEO_F401RE/ARMC6/mbed-os/drivers/usb/source/USBDevice.o
    0x08028e20   0x00000006   Code   RO        20340    .text._ZN9USBDevice3sofEi  BUILD/NUCLEO_F401RE/ARMC6/mbed-os/drivers/usb/source/USBDevice.o
    0x08028e26   0x00000040   Code   RO        20312    .text._ZN9USBDevice4initEv  BUILD/NUCLEO_F401RE/ARMC6/mbed-os/drivers/usb/source/USBDevice.o
    0x08028e66   0x00000032   Code   RO        20374    .text._ZN9USBDevice4lockEv  BUILD/NUCLEO_F401RE/ARMC6/mbed-os/drivers/usb/source/USBDevice.o
    0x08028e98   0x00000024   Code   RO        20336    .text._ZN9USBDevice5powerEb  BUILD/NUCLEO_F401RE/ARMC6/mbed-os/drivers/usb/source/USBDevice.o
    0x08028ebc   0x00000050   Code   RO        20300    .text._ZN9USBDevice5resetEv  BUILD/NUCLEO_F401RE/ARMC6/mbed-os/drivers/usb/source/USBDevice.o
    0x08028f0c   0x00000034   Code   RO        20314    .text._ZN9USBDevice6deinitEv  BUILD/NUCLEO_F401RE/ARMC6/mbed-os/drivers/usb/source/USBDevice.o
    0x08028f40   0x00000056   Code   RO        20306    .text._ZN9USBDevice6ep0_inEv  BUILD/NUCLEO_F401RE/ARMC6/mbed-os/drivers/usb/source/USBDevice.o
    0x08028f96   0x00000002   PAD
    0x08028f98   0x00000090   Code   RO        20376    .text._ZN9USBDevice6unlockEv  BUILD/NUCLEO_F401RE/ARMC6/mbed-os/drivers/usb/source/USBDevice.o
    0x08029028   0x00000034   Code   RO        20318    .text._ZN9USBDevice7connectEv  BUILD/NUCLEO_F401RE/ARMC6/mbed-os/drivers/usb/source/USBDevice.o
    0x0802905c   0x00000068   Code   RO        20304    .text._ZN9USBDevice7ep0_outEv  BUILD/NUCLEO_F401RE/ARMC6/mbed-os/drivers/usb/source/USBDevice.o
    0x080290c4   0x00000002   Code   RO        20338    .text._ZN9USBDevice7suspendEb  BUILD/NUCLEO_F401RE/ARMC6/mbed-os/drivers/usb/source/USBDevice.o
    0x080290c6   0x00000052   Code   RO        20302    .text._ZN9USBDevice9ep0_setupEv  BUILD/NUCLEO_F401RE/ARMC6/mbed-os/drivers/usb/source/USBDevice.o
    0x08029118   0x00000078   Code   RO        20342    .text._ZN9USBDeviceC2EP6USBPhyttt  BUILD/NUCLEO_F401RE/ARMC6/mbed-os/drivers/usb/source/USBDevice.o
    0x08029190   0x00000002   Code   RO        20346    .text._ZN9USBDeviceD0Ev  BUILD/NUCLEO_F401RE/ARMC6/mbed-os/drivers/usb/source/USBDevice.o
    0x08029192   0x00000002   PAD
    0x08029194   0x0000005c   Code   RO        20344    .text._ZN9USBDeviceD2Ev  BUILD/NUCLEO_F401RE/ARMC6/mbed-os/drivers/usb/source/USBDevice.o
    0x080291f0   0x00000032   Code   RO        20831    .text._ZN9USBSerial19line_coding_changedEiiii  BUILD/NUCLEO_F401RE/ARMC6/mbed-os/drivers/usb/source/USBSerial.o
    0x08029222   0x00000028   Code   RO        20819    .text._ZN9USBSerial5_getcEv  BUILD/NUCLEO_F401RE/ARMC6/mbed-os/drivers/usb/source/USBSerial.o
    0x0802924a   0x0000001e   Code   RO        20815    .text._ZN9USBSerial5_putcEi  BUILD/NUCLEO_F401RE/ARMC6/mbed-os/drivers/usb/source/USBSerial.o
    0x08029268   0x00000020   Code   RO        20823    .text._ZN9USBSerial7data_rxEv  BUILD/NUCLEO_F401RE/ARMC6/mbed-os/drivers/usb/source/USBSerial.o
    0x08029288   0x00000026   Code   RO        20825    .text._ZN9USBSerial9availableEv  BUILD/NUCLEO_F401RE/ARMC6/mbed-os/drivers/usb/source/USBSerial.o
    0x080292ae   0x00000074   Code   RO        20799    .text._ZN9USBSerialC2Ebttt  BUILD/NUCLEO_F401RE/ARMC6/mbed-os/drivers/usb/source/USBSerial.o
    0x08029322   0x0000000e   Code   RO        20809    .text._ZN9USBSerialD0Ev  BUILD/NUCLEO_F401RE/ARMC6/mbed-os/drivers/usb/source/USBSerial.o
    0x08029330   0x0000004a   Code   RO        20803    .text._ZN9USBSerialD2Ev  BUILD/NUCLEO_F401RE/ARMC6/mbed-os/drivers/usb/source/USBSerial.o
    0x0802937a   0x0000003a   Code   RO        22422    .text._ZNK12DirectSerial4pollEs  BUILD/NUCLEO_F401RE/ARMC6/mbed-os/platform/source/mbed_retarget.o
    0x080293b4   0x00000056   Code   RO        18393    .text._ZNK12SingletonPtrIN4rtos5MutexEE3getEv  BUILD/NUCLEO_F401RE/ARMC6/mbed-os/connectivity/netsocket/source/nsapi_dns.o
    0x0802940a   0x00000004   Code   RO        19798    .text._ZNK4mbed10FileHandle11is_blockingEv  BUILD/NUCLEO_F401RE/ARMC6/mbed-os/drivers/source/UnbufferedSerial.o
    0x0802940e   0x00000004   Code   RO        20509    .text._ZNK4mbed10FileHandle4pollEs  BUILD/NUCLEO_F401RE/ARMC6/mbed-os/drivers/usb/source/USBKeyboard.o
    0x08029412   0x00000030   Code   RO        19754    .text._ZNK4mbed16UnbufferedSerial4pollEs  BUILD/NUCLEO_F401RE/ARMC6/mbed-os/drivers/source/UnbufferedSerial.o
    0x08029442   0x00000002   PAD
    0x08029444   0x00000050   Code   RO           47    .text._ZNK6events5EventIFvvEE4callEv  BUILD/NUCLEO_F401RE/ARMC6/TimerTPL5010/TimerTPL5010.o
    0x08029494   0x0000002c   Code   RO        20821    .text._ZThn1096_N9USBSerial5_getcEv  BUILD/NUCLEO_F401RE/ARMC6/mbed-os/drivers/usb/source/USBSerial.o
    0x080294c0   0x00000022   Code   RO        20817    .text._ZThn1096_N9USBSerial5_putcEi  BUILD/NUCLEO_F401RE/ARMC6/mbed-os/drivers/usb/source/USBSerial.o
    0x080294e2   0x00000012   Code   RO        20811    .text._ZThn1096_N9USBSerialD0Ev  BUILD/NUCLEO_F401RE/ARMC6/mbed-os/drivers/usb/source/USBSerial.o
    0x080294f4   0x00000008   Code   RO        20805    .text._ZThn1096_N9USBSerialD1Ev  BUILD/NUCLEO_F401RE/ARMC6/mbed-os/drivers/usb/source/USBSerial.o
    0x080294fc   0x00000012   Code   RO        20813    .text._ZThn1100_N9USBSerialD0Ev  BUILD/NUCLEO_F401RE/ARMC6/mbed-os/drivers/usb/source/USBSerial.o
    0x0802950e   0x00000008   Code   RO        20807    .text._ZThn1100_N9USBSerialD1Ev  BUILD/NUCLEO_F401RE/ARMC6/mbed-os/drivers/usb/source/USBSerial.o
    0x08029516   0x0000000c   Code   RO        19760    .text._ZThn228_N4mbed16UnbufferedSerial12enable_inputEb  BUILD/NUCLEO_F401RE/ARMC6/mbed-os/drivers/source/UnbufferedSerial.o
    0x08029522   0x0000000c   Code   RO        19764    .text._ZThn228_N4mbed16UnbufferedSerial13enable_outputEb  BUILD/NUCLEO_F401RE/ARMC6/mbed-os/drivers/source/UnbufferedSerial.o
    0x0802952e   0x0000002a   Code   RO        19752    .text._ZThn228_N4mbed16UnbufferedSerial4readEPvj  BUILD/NUCLEO_F401RE/ARMC6/mbed-os/drivers/source/UnbufferedSerial.o
    0x08029558   0x0000000a   Code   RO        19786    .text._ZThn228_N4mbed16UnbufferedSerial4seekEli  BUILD/NUCLEO_F401RE/ARMC6/mbed-os/drivers/source/UnbufferedSerial.o
    0x08029562   0x00000006   Code   RO        19794    .text._ZThn228_N4mbed16UnbufferedSerial4sizeEv  BUILD/NUCLEO_F401RE/ARMC6/mbed-os/drivers/source/UnbufferedSerial.o
    0x08029568   0x00000004   Code   RO        19788    .text._ZThn228_N4mbed16UnbufferedSerial5closeEv  BUILD/NUCLEO_F401RE/ARMC6/mbed-os/drivers/source/UnbufferedSerial.o
    0x0802956c   0x00000006   Code   RO        19748    .text._ZThn228_N4mbed16UnbufferedSerial5writeEPKvj  BUILD/NUCLEO_F401RE/ARMC6/mbed-os/drivers/source/UnbufferedSerial.o
    0x08029572   0x00000004   Code   RO        19792    .text._ZThn228_N4mbed16UnbufferedSerial6isattyEv  BUILD/NUCLEO_F401RE/ARMC6/mbed-os/drivers/source/UnbufferedSerial.o
    0x08029576   0x00000010   Code   RO        19784    .text._ZThn228_N4mbed16UnbufferedSerialD0Ev  BUILD/NUCLEO_F401RE/ARMC6/mbed-os/drivers/source/UnbufferedSerial.o
    0x08029586   0x00000006   Code   RO        19782    .text._ZThn228_N4mbed16UnbufferedSerialD1Ev  BUILD/NUCLEO_F401RE/ARMC6/mbed-os/drivers/source/UnbufferedSerial.o
    0x0802958c   0x00000006   Code   RO        19756    .text._ZThn228_NK4mbed16UnbufferedSerial4pollEs  BUILD/NUCLEO_F401RE/ARMC6/mbed-os/drivers/source/UnbufferedSerial.o
    0x08029592   0x00000002   Code   RO        21944    .text._ZThn4_N4mbed6StreamD0Ev  BUILD/NUCLEO_F401RE/ARMC6/mbed-os/platform/source/Stream.o
    0x08029594   0x0000002a   Code   RO        21940    .text._ZThn4_N4mbed6StreamD1Ev  BUILD/NUCLEO_F401RE/ARMC6/mbed-os/platform/source/Stream.o
    0x080295be   0x00000004   Code   RO        22562    .text._ZdaPv        BUILD/NUCLEO_F401RE/ARMC6/mbed-os/platform/source/mbed_retarget.o
    0x080295c2   0x00000004   Code   RO        22506    .text._ZdlPv        BUILD/NUCLEO_F401RE/ARMC6/mbed-os/platform/source/mbed_retarget.o
    0x080295c6   0x00000004   Code   RO        22558    .text._ZnajRKSt9nothrow_t  BUILD/NUCLEO_F401RE/ARMC6/mbed-os/platform/source/mbed_retarget.o
    0x080295ca   0x00000002   PAD
    0x080295cc   0x0000007c   Code   RO        22548    .text.__cxa_guard_acquire  BUILD/NUCLEO_F401RE/ARMC6/mbed-os/platform/source/mbed_retarget.o
    0x08029648   0x00000046   Code   RO        22550    .text.__cxa_guard_release  BUILD/NUCLEO_F401RE/ARMC6/mbed-os/platform/source/mbed_retarget.o
    0x0802968e   0x00000002   PAD
    0x08029690   0x00000028   Code   RO        27760    .text.__cxa_pure_virtual  c:\ProgramData\Mbed Studio\mbed-studio-tools\ac6\bin\..\lib\libcxx\libcppabi_w.l(cxa_virtual.cpp.o)
    0x080296b8   0x0000004e   Code   RO          658    .text.__rt_entry    BUILD/NUCLEO_F401RE/ARMC6/mbed-os/cmsis/device/rtos/TOOLCHAIN_ARM_STD/mbed_boot_arm_std.o
    0x08029706   0x00000002   PAD
    0x08029708   0x00000068   Code   RO          662    .text.__user_perthread_libspace  BUILD/NUCLEO_F401RE/ARMC6/mbed-os/cmsis/device/rtos/TOOLCHAIN_ARM_STD/mbed_boot_arm_std.o
    0x08029770   0x00000004   Code   RO        22484    .text.__user_setup_stackheap  BUILD/NUCLEO_F401RE/ARMC6/mbed-os/platform/source/mbed_retarget.o
    0x08029774   0x00000032   Code   RO        22480    .text._mbed_user_setup_stackheap  BUILD/NUCLEO_F401RE/ARMC6/mbed-os/platform/source/mbed_retarget.o
    0x080297a6   0x00000034   Code   RO          666    .text._mutex_acquire  BUILD/NUCLEO_F401RE/ARMC6/mbed-os/cmsis/device/rtos/TOOLCHAIN_ARM_STD/mbed_boot_arm_std.o
    0x080297da   0x00000002   PAD
    0x080297dc   0x00000042   Code   RO          670    .text._mutex_free   BUILD/NUCLEO_F401RE/ARMC6/mbed-os/cmsis/device/rtos/TOOLCHAIN_ARM_STD/mbed_boot_arm_std.o
    0x0802981e   0x00000002   PAD
    0x08029820   0x000000a4   Code   RO          664    .text._mutex_initialize  BUILD/NUCLEO_F401RE/ARMC6/mbed-os/cmsis/device/rtos/TOOLCHAIN_ARM_STD/mbed_boot_arm_std.o
    0x080298c4   0x00000030   Code   RO          668    .text._mutex_release  BUILD/NUCLEO_F401RE/ARMC6/mbed-os/cmsis/device/rtos/TOOLCHAIN_ARM_STD/mbed_boot_arm_std.o
    0x080298f4   0x00000004   Code   RO          290    .text._platform_post_stackheap_init  BUILD/NUCLEO_F401RE/ARMC6/mbed-os/cmsis/CMSIS_5/CMSIS/RTOS2/RTX/Source/rtx_lib.o
    0x080298f8   0x00000004   Code   RO        22450    .text._sys_close    BUILD/NUCLEO_F401RE/ARMC6/mbed-os/platform/source/mbed_retarget.o
    0x080298fc   0x00000002   Code   RO        22458    .text._sys_exit     BUILD/NUCLEO_F401RE/ARMC6/mbed-os/platform/source/mbed_retarget.o
    0x080298fe   0x0000002a   Code   RO        22478    .text._sys_flen     BUILD/NUCLEO_F401RE/ARMC6/mbed-os/platform/source/mbed_retarget.o
    0x08029928   0x00000004   Code   RO        22466    .text._sys_istty    BUILD/NUCLEO_F401RE/ARMC6/mbed-os/platform/source/mbed_retarget.o
    0x0802992c   0x0000008a   Code   RO        22446    .text._sys_open     BUILD/NUCLEO_F401RE/ARMC6/mbed-os/platform/source/mbed_retarget.o
    0x080299b6   0x00000002   PAD
    0x080299b8   0x00000108   Code   RO        22462    .text._sys_read     BUILD/NUCLEO_F401RE/ARMC6/mbed-os/platform/source/mbed_retarget.o
    0x08029ac0   0x00000006   Code   RO        22468    .text._sys_seek     BUILD/NUCLEO_F401RE/ARMC6/mbed-os/platform/source/mbed_retarget.o
    0x08029ac6   0x00000002   PAD
    0x08029ac8   0x00000130   Code   RO        22454    .text._sys_write    BUILD/NUCLEO_F401RE/ARMC6/mbed-os/platform/source/mbed_retarget.o
    0x08029bf8   0x00000018   Code   RO        22460    .text._ttywrch      BUILD/NUCLEO_F401RE/ARMC6/mbed-os/platform/source/mbed_retarget.o
    0x08029c10   0x00000016   Code   RO        22659    .text._wait_us_ticks  BUILD/NUCLEO_F401RE/ARMC6/mbed-os/platform/source/mbed_wait_api_no_rtos.o
    0x08029c26   0x00000004   Code   RO        28052    .text.abort_message  c:\ProgramData\Mbed Studio\mbed-studio-tools\ac6\bin\..\lib\libcxx\libcppabi_w.l(abort_message.cpp.o)
    0x08029c2a   0x00000002   Code   RO        21665    .text.block_us_ticker_free  BUILD/NUCLEO_F401RE/ARMC6/mbed-os/hal/source/mbed_us_ticker_api.o
    0x08029c2c   0x00000040   Code   RO        22452    .text.close         BUILD/NUCLEO_F401RE/ARMC6/mbed-os/platform/source/mbed_retarget.o
    0x08029c6c   0x0000000c   Code   RO        22258    .text.core_util_are_interrupts_enabled  BUILD/NUCLEO_F401RE/ARMC6/mbed-os/platform/source/mbed_critical.o
    0x08029c78   0x00000088   Code   RO        22264    .text.core_util_critical_section_enter  BUILD/NUCLEO_F401RE/ARMC6/mbed-os/platform/source/mbed_critical.o
    0x08029d00   0x00000018   Code   RO        22266    .text.core_util_critical_section_exit  BUILD/NUCLEO_F401RE/ARMC6/mbed-os/platform/source/mbed_critical.o
    0x08029d18   0x00000004   Code   RO        22262    .text.core_util_in_critical_section  BUILD/NUCLEO_F401RE/ARMC6/mbed-os/platform/source/mbed_critical.o
    0x08029d1c   0x0000000c   Code   RO        22260    .text.core_util_is_isr_active  BUILD/NUCLEO_F401RE/ARMC6/mbed-os/platform/source/mbed_critical.o
    0x08029d28   0x00000054   Code   RO        27176    .text.debug         BUILD/NUCLEO_F401RE/ARMC6/mbed-os/targets/TARGET_STM/serial_api.o
    0x08029d7c   0x00000082   Code   RO        20868    .text.equeue_alloc  BUILD/NUCLEO_F401RE/ARMC6/mbed-os/events/source/equeue.o
    0x08029dfe   0x00000024   Code   RO        20862    .text.equeue_create  BUILD/NUCLEO_F401RE/ARMC6/mbed-os/events/source/equeue.o
    0x08029e22   0x00000072   Code   RO        20864    .text.equeue_create_inplace  BUILD/NUCLEO_F401RE/ARMC6/mbed-os/events/source/equeue.o
    0x08029e94   0x00000086   Code   RO        20870    .text.equeue_dealloc  BUILD/NUCLEO_F401RE/ARMC6/mbed-os/events/source/equeue.o
    0x08029f1a   0x00000002   PAD
    0x08029f1c   0x000001aa   Code   RO        20890    .text.equeue_dispatch  BUILD/NUCLEO_F401RE/ARMC6/mbed-os/events/source/equeue.o
    0x0802a0c6   0x00000002   PAD
    0x0802a0c8   0x000000b4   Code   RO        20872    .text.equeue_enqueue  BUILD/NUCLEO_F401RE/ARMC6/mbed-os/events/source/equeue.o
    0x0802a17c   0x00000004   Code   RO        20924    .text.equeue_mutex_lock  BUILD/NUCLEO_F401RE/ARMC6/mbed-os/events/source/equeue_mbed.o
    0x0802a180   0x00000004   Code   RO        20926    .text.equeue_mutex_unlock  BUILD/NUCLEO_F401RE/ARMC6/mbed-os/events/source/equeue_mbed.o
    0x0802a184   0x00000048   Code   RO        20874    .text.equeue_post   BUILD/NUCLEO_F401RE/ARMC6/mbed-os/events/source/equeue.o
    0x0802a1cc   0x00000014   Code   RO        20928    .text.equeue_sema_create  BUILD/NUCLEO_F401RE/ARMC6/mbed-os/events/source/equeue_mbed.o
    0x0802a1e0   0x00000006   Code   RO        20932    .text.equeue_sema_signal  BUILD/NUCLEO_F401RE/ARMC6/mbed-os/events/source/equeue_mbed.o
    0x0802a1e6   0x00000018   Code   RO        20934    .text.equeue_sema_wait  BUILD/NUCLEO_F401RE/ARMC6/mbed-os/events/source/equeue_mbed.o
    0x0802a1fe   0x00000008   Code   RO        20918    .text.equeue_tick   BUILD/NUCLEO_F401RE/ARMC6/mbed-os/events/source/equeue_mbed.o
    0x0802a206   0x00000002   PAD
    0x0802a208   0x00000070   Code   RO        22271    .text.error         BUILD/NUCLEO_F401RE/ARMC6/mbed-os/platform/source/mbed_error.o
    0x0802a278   0x00000034   Code   RO          737    .text.error_msg     BUILD/NUCLEO_F401RE/ARMC6/mbed-os/cmsis/device/rtos/source/mbed_rtx_handlers.o
    0x0802a2ac   0x0000002e   Code   RO        22524    .text.exit          BUILD/NUCLEO_F401RE/ARMC6/mbed-os/platform/source/mbed_retarget.o
    0x0802a2da   0x00000030   Code   RO        22438    .text.fdopen        BUILD/NUCLEO_F401RE/ARMC6/mbed-os/platform/source/mbed_retarget.o
    0x0802a30a   0x0000002c   Code   RO        22476    .text.fsync         BUILD/NUCLEO_F401RE/ARMC6/mbed-os/platform/source/mbed_retarget.o
    0x0802a336   0x00000034   Code   RO        27196    .text.get_uart_index  BUILD/NUCLEO_F401RE/ARMC6/mbed-os/targets/TARGET_STM/serial_api.o
    0x0802a36a   0x0000002e   Code   RO        26915    .text.gpio_dir      BUILD/NUCLEO_F401RE/ARMC6/mbed-os/targets/TARGET_STM/gpio_api.o
    0x0802a398   0x00000046   Code   RO        26911    .text.gpio_init     BUILD/NUCLEO_F401RE/ARMC6/mbed-os/targets/TARGET_STM/gpio_api.o
    0x0802a3de   0x00000006   Code   RO        21517    .text.gpio_init_in  BUILD/NUCLEO_F401RE/ARMC6/mbed-os/hal/source/mbed_gpio.o
    0x0802a3e4   0x00000026   Code   RO        21519    .text.gpio_init_in_ex  BUILD/NUCLEO_F401RE/ARMC6/mbed-os/hal/source/mbed_gpio.o
    0x0802a40a   0x00000006   Code   RO        21521    .text.gpio_init_out  BUILD/NUCLEO_F401RE/ARMC6/mbed-os/hal/source/mbed_gpio.o
    0x0802a410   0x00000038   Code   RO        21523    .text.gpio_init_out_ex  BUILD/NUCLEO_F401RE/ARMC6/mbed-os/hal/source/mbed_gpio.o
    0x0802a448   0x00000008   Code   RO        26921    .text.gpio_irq0     BUILD/NUCLEO_F401RE/ARMC6/mbed-os/targets/TARGET_STM/gpio_irq_api.o
    0x0802a450   0x00000008   Code   RO        26923    .text.gpio_irq1     BUILD/NUCLEO_F401RE/ARMC6/mbed-os/targets/TARGET_STM/gpio_irq_api.o
    0x0802a458   0x00000008   Code   RO        26925    .text.gpio_irq2     BUILD/NUCLEO_F401RE/ARMC6/mbed-os/targets/TARGET_STM/gpio_irq_api.o
    0x0802a460   0x00000008   Code   RO        26927    .text.gpio_irq3     BUILD/NUCLEO_F401RE/ARMC6/mbed-os/targets/TARGET_STM/gpio_irq_api.o
    0x0802a468   0x00000008   Code   RO        26929    .text.gpio_irq4     BUILD/NUCLEO_F401RE/ARMC6/mbed-os/targets/TARGET_STM/gpio_irq_api.o
    0x0802a470   0x00000008   Code   RO        26931    .text.gpio_irq5     BUILD/NUCLEO_F401RE/ARMC6/mbed-os/targets/TARGET_STM/gpio_irq_api.o
    0x0802a478   0x00000008   Code   RO        26933    .text.gpio_irq6     BUILD/NUCLEO_F401RE/ARMC6/mbed-os/targets/TARGET_STM/gpio_irq_api.o
    0x0802a480   0x000000bc   Code   RO        26939    .text.gpio_irq_disable  BUILD/NUCLEO_F401RE/ARMC6/mbed-os/targets/TARGET_STM/gpio_irq_api.o
    0x0802a53c   0x000000a8   Code   RO        26935    .text.gpio_irq_enable  BUILD/NUCLEO_F401RE/ARMC6/mbed-os/targets/TARGET_STM/gpio_irq_api.o
    0x0802a5e4   0x00000074   Code   RO        26937    .text.gpio_irq_free  BUILD/NUCLEO_F401RE/ARMC6/mbed-os/targets/TARGET_STM/gpio_irq_api.o
    0x0802a658   0x000001a8   Code   RO        26919    .text.gpio_irq_init  BUILD/NUCLEO_F401RE/ARMC6/mbed-os/targets/TARGET_STM/gpio_irq_api.o
    0x0802a800   0x0000007a   Code   RO        26941    .text.gpio_irq_set  BUILD/NUCLEO_F401RE/ARMC6/mbed-os/targets/TARGET_STM/gpio_irq_api.o
    0x0802a87a   0x00000008   Code   RO        26913    .text.gpio_mode     BUILD/NUCLEO_F401RE/ARMC6/mbed-os/targets/TARGET_STM/gpio_api.o
    0x0802a882   0x00000002   PAD
    0x0802a884   0x00000068   Code   RO        26909    .text.gpio_set      BUILD/NUCLEO_F401RE/ARMC6/mbed-os/targets/TARGET_STM/gpio_api.o
    0x0802a8ec   0x00000026   Code   RO        21503    .text.hal_critical_section_enter  BUILD/NUCLEO_F401RE/ARMC6/mbed-os/hal/source/mbed_critical_section_api.o
    0x0802a912   0x00000002   PAD
    0x0802a914   0x00000084   Code   RO        21505    .text.hal_critical_section_exit  BUILD/NUCLEO_F401RE/ARMC6/mbed-os/hal/source/mbed_critical_section_api.o
    0x0802a998   0x0000004a   Code   RO        27213    .text.hal_deepsleep  BUILD/NUCLEO_F401RE/ARMC6/mbed-os/targets/TARGET_STM/sleep.o
    0x0802a9e2   0x0000000c   Code   RO        21507    .text.hal_in_critical_section  BUILD/NUCLEO_F401RE/ARMC6/mbed-os/hal/source/mbed_critical_section_api.o
    0x0802a9ee   0x00000022   Code   RO        27211    .text.hal_sleep     BUILD/NUCLEO_F401RE/ARMC6/mbed-os/targets/TARGET_STM/sleep.o
    0x0802aa10   0x00000108   Code   RO        22273    .text.handle_error  BUILD/NUCLEO_F401RE/ARMC6/mbed-os/platform/source/mbed_error.o
    0x0802ab18   0x000000d0   Code   RO        26943    .text.handle_interrupt_in  BUILD/NUCLEO_F401RE/ARMC6/mbed-os/targets/TARGET_STM/gpio_irq_api.o
    0x0802abe8   0x000000bc   Code   RO        27284    .text.init_32bit_timer  BUILD/NUCLEO_F401RE/ARMC6/mbed-os/targets/TARGET_STM/us_ticker.o
    0x0802aca4   0x00000064   Code   RO        27174    .text.init_uart     BUILD/NUCLEO_F401RE/ARMC6/mbed-os/targets/TARGET_STM/serial_api.o
    0x0802ad08   0x00000028   Code   RO        22440    .text.isatty        BUILD/NUCLEO_F401RE/ARMC6/mbed-os/platform/source/mbed_retarget.o
    0x0802ad30   0x00000032   Code   RO        22470    .text.lseek         BUILD/NUCLEO_F401RE/ARMC6/mbed-os/platform/source/mbed_retarget.o
    0x0802ad62   0x00000002   PAD
    0x0802ad64   0x00000114   Code   RO           66    .text.main          BUILD/NUCLEO_F401RE/ARMC6/main.o
    0x0802ae78   0x0000001a   Code   RO        22147    .text.mbed_assert_internal  BUILD/NUCLEO_F401RE/ARMC6/mbed-os/platform/source/mbed_assert.o
    0x0802ae92   0x00000002   PAD
    0x0802ae94   0x00000064   Code   RO        22247    .text.mbed_die      BUILD/NUCLEO_F401RE/ARMC6/mbed-os/platform/source/mbed_board.o
    0x0802aef8   0x0000003a   Code   RO        22295    .text.mbed_error    BUILD/NUCLEO_F401RE/ARMC6/mbed-os/platform/source/mbed_error.o
    0x0802af32   0x00000020   Code   RO        22249    .text.mbed_error_printf  BUILD/NUCLEO_F401RE/ARMC6/mbed-os/platform/source/mbed_board.o
    0x0802af52   0x00000002   PAD
    0x0802af54   0x00000052   Code   RO        22253    .text.mbed_error_puts  BUILD/NUCLEO_F401RE/ARMC6/mbed-os/platform/source/mbed_board.o
    0x0802afa6   0x00000034   Code   RO        22251    .text.mbed_error_vprintf  BUILD/NUCLEO_F401RE/ARMC6/mbed-os/platform/source/mbed_board.o
    0x0802afda   0x00000002   PAD
    0x0802afdc   0x00000100   Code   RO        22129    .text.mbed_fault_handler  BUILD/NUCLEO_F401RE/ARMC6/mbed-os/platform/source/TARGET_CORTEX_M/mbed_fault_handler.o
    0x0802b0dc   0x0000000c   Code   RO        22291    .text.mbed_get_error_in_progress  BUILD/NUCLEO_F401RE/ARMC6/mbed-os/platform/source/mbed_error.o
    0x0802b0e8   0x0000003e   Code   RO        22277    .text.mbed_halt_system  BUILD/NUCLEO_F401RE/ARMC6/mbed-os/platform/source/mbed_error.o
    0x0802b126   0x00000002   PAD
    0x0802b128   0x0000003c   Code   RO          678    .text.mbed_init     BUILD/NUCLEO_F401RE/ARMC6/mbed-os/cmsis/device/rtos/source/mbed_boot.o
    0x0802b164   0x000000b4   Code   RO        21673    .text.mbed_mpu_init  BUILD/NUCLEO_F401RE/ARMC6/mbed-os/hal/source/mpu/mbed_mpu_v7m.o
    0x0802b218   0x00000004   Code   RO          694    .text.mbed_rtos_init  BUILD/NUCLEO_F401RE/ARMC6/mbed-os/cmsis/device/rtos/source/mbed_rtos_rtx.o
    0x0802b21c   0x0000002c   Code   RO          698    .text.mbed_rtos_init_singleton_mutex  BUILD/NUCLEO_F401RE/ARMC6/mbed-os/cmsis/device/rtos/source/mbed_rtos_rtx.o
    0x0802b248   0x000000a8   Code   RO          696    .text.mbed_rtos_start  BUILD/NUCLEO_F401RE/ARMC6/mbed-os/cmsis/device/rtos/source/mbed_rtos_rtx.o
    0x0802b2f0   0x00000024   Code   RO        27072    .text.mbed_sdk_init  BUILD/NUCLEO_F401RE/ARMC6/mbed-os/targets/TARGET_STM/mbed_overrides.o
    0x0802b314   0x0000001e   Code   RO          682    .text.mbed_start    BUILD/NUCLEO_F401RE/ARMC6/mbed-os/cmsis/device/rtos/source/mbed_boot.o
    0x0802b332   0x0000001a   Code   RO          660    .text.mbed_toolchain_init  BUILD/NUCLEO_F401RE/ARMC6/mbed-os/cmsis/device/rtos/TOOLCHAIN_ARM_STD/mbed_boot_arm_std.o
    0x0802b34c   0x000000be   Code   RO        22448    .text.open          BUILD/NUCLEO_F401RE/ARMC6/mbed-os/platform/source/mbed_retarget.o
    0x0802b40a   0x0000002e   Code   RO          156    .text.osDelay       BUILD/NUCLEO_F401RE/ARMC6/mbed-os/cmsis/CMSIS_5/CMSIS/RTOS2/RTX/Source/rtx_delay.o
    0x0802b438   0x00000032   Code   RO          166    .text.osEventFlagsNew  BUILD/NUCLEO_F401RE/ARMC6/mbed-os/cmsis/CMSIS_5/CMSIS/RTOS2/RTX/Source/rtx_evflags.o
    0x0802b46a   0x00000056   Code   RO          170    .text.osEventFlagsSet  BUILD/NUCLEO_F401RE/ARMC6/mbed-os/cmsis/CMSIS_5/CMSIS/RTOS2/RTX/Source/rtx_evflags.o
    0x0802b4c0   0x0000004e   Code   RO          180    .text.osEventFlagsWait  BUILD/NUCLEO_F401RE/ARMC6/mbed-os/cmsis/CMSIS_5/CMSIS/RTOS2/RTX/Source/rtx_evflags.o
    0x0802b50e   0x00000032   Code   RO          240    .text.osKernelGetState  BUILD/NUCLEO_F401RE/ARMC6/mbed-os/cmsis/CMSIS_5/CMSIS/RTOS2/RTX/Source/rtx_kernel.o
    0x0802b540   0x0000002a   Code   RO          256    .text.osKernelGetTickCount  BUILD/NUCLEO_F401RE/ARMC6/mbed-os/cmsis/CMSIS_5/CMSIS/RTOS2/RTX/Source/rtx_kernel.o
    0x0802b56a   0x00000032   Code   RO          234    .text.osKernelInitialize  BUILD/NUCLEO_F401RE/ARMC6/mbed-os/cmsis/CMSIS_5/CMSIS/RTOS2/RTX/Source/rtx_kernel.o
    0x0802b59c   0x0000002e   Code   RO          244    .text.osKernelStart  BUILD/NUCLEO_F401RE/ARMC6/mbed-os/cmsis/CMSIS_5/CMSIS/RTOS2/RTX/Source/rtx_kernel.o
    0x0802b5ca   0x0000007c   Code   RO          371    .text.osMessageQueueGet  BUILD/NUCLEO_F401RE/ARMC6/mbed-os/cmsis/CMSIS_5/CMSIS/RTOS2/RTX/Source/rtx_msgqueue.o
    0x0802b646   0x00000084   Code   RO          369    .text.osMessageQueuePut  BUILD/NUCLEO_F401RE/ARMC6/mbed-os/cmsis/CMSIS_5/CMSIS/RTOS2/RTX/Source/rtx_msgqueue.o
    0x0802b6ca   0x0000002e   Code   RO          419    .text.osMutexAcquire  BUILD/NUCLEO_F401RE/ARMC6/mbed-os/cmsis/CMSIS_5/CMSIS/RTOS2/RTX/Source/rtx_mutex.o
    0x0802b6f8   0x0000002e   Code   RO          425    .text.osMutexDelete  BUILD/NUCLEO_F401RE/ARMC6/mbed-os/cmsis/CMSIS_5/CMSIS/RTOS2/RTX/Source/rtx_mutex.o
    0x0802b726   0x00000032   Code   RO          415    .text.osMutexNew    BUILD/NUCLEO_F401RE/ARMC6/mbed-os/cmsis/CMSIS_5/CMSIS/RTOS2/RTX/Source/rtx_mutex.o
    0x0802b758   0x0000002e   Code   RO          421    .text.osMutexRelease  BUILD/NUCLEO_F401RE/ARMC6/mbed-os/cmsis/CMSIS_5/CMSIS/RTOS2/RTX/Source/rtx_mutex.o
    0x0802b786   0x00000002   PAD
    0x0802b788   0x000000fc   Code   RO          713    .text.osRtxErrorNotify  BUILD/NUCLEO_F401RE/ARMC6/mbed-os/cmsis/device/rtos/source/mbed_rtx_handlers.o
    0x0802b884   0x00000038   Code   RO          186    .text.osRtxEventFlagsPostProcess  BUILD/NUCLEO_F401RE/ARMC6/mbed-os/cmsis/CMSIS_5/CMSIS/RTOS2/RTX/Source/rtx_evflags.o
    0x0802b8bc   0x00000004   Code   RO          711    .text.osRtxIdleThread  BUILD/NUCLEO_F401RE/ARMC6/mbed-os/cmsis/device/rtos/source/mbed_rtx_handlers.o
    0x0802b8c0   0x00000016   Code   RO          232    .text.osRtxKernelErrorNotify  BUILD/NUCLEO_F401RE/ARMC6/mbed-os/cmsis/CMSIS_5/CMSIS/RTOS2/RTX/Source/rtx_kernel.o
    0x0802b8d6   0x00000002   PAD
    0x0802b8d8   0x00000086   Code   RO          309    .text.osRtxMemoryAlloc  BUILD/NUCLEO_F401RE/ARMC6/mbed-os/cmsis/CMSIS_5/CMSIS/RTOS2/RTX/Source/rtx_memory.o
    0x0802b95e   0x00000002   PAD
    0x0802b960   0x0000004e   Code   RO          311    .text.osRtxMemoryFree  BUILD/NUCLEO_F401RE/ARMC6/mbed-os/cmsis/CMSIS_5/CMSIS/RTOS2/RTX/Source/rtx_memory.o
    0x0802b9ae   0x00000038   Code   RO          307    .text.osRtxMemoryInit  BUILD/NUCLEO_F401RE/ARMC6/mbed-os/cmsis/CMSIS_5/CMSIS/RTOS2/RTX/Source/rtx_memory.o
    0x0802b9e6   0x0000003a   Code   RO          317    .text.osRtxMemoryPoolAlloc  BUILD/NUCLEO_F401RE/ARMC6/mbed-os/cmsis/CMSIS_5/CMSIS/RTOS2/RTX/Source/rtx_mempool.o
    0x0802ba20   0x0000004a   Code   RO          319    .text.osRtxMemoryPoolFree  BUILD/NUCLEO_F401RE/ARMC6/mbed-os/cmsis/CMSIS_5/CMSIS/RTOS2/RTX/Source/rtx_mempool.o
    0x0802ba6a   0x00000002   PAD
    0x0802ba6c   0x00000052   Code   RO          315    .text.osRtxMemoryPoolInit  BUILD/NUCLEO_F401RE/ARMC6/mbed-os/cmsis/CMSIS_5/CMSIS/RTOS2/RTX/Source/rtx_mempool.o
    0x0802babe   0x000000d6   Code   RO          393    .text.osRtxMessageQueuePostProcess  BUILD/NUCLEO_F401RE/ARMC6/mbed-os/cmsis/CMSIS_5/CMSIS/RTOS2/RTX/Source/rtx_msgqueue.o
    0x0802bb94   0x0000002c   Code   RO          361    .text.osRtxMessageQueueTimerSetup  BUILD/NUCLEO_F401RE/ARMC6/mbed-os/cmsis/CMSIS_5/CMSIS/RTOS2/RTX/Source/rtx_msgqueue.o
    0x0802bbc0   0x0000004a   Code   RO          411    .text.osRtxMutexOwnerRelease  BUILD/NUCLEO_F401RE/ARMC6/mbed-os/cmsis/CMSIS_5/CMSIS/RTOS2/RTX/Source/rtx_mutex.o
    0x0802bc0a   0x00000002   PAD
    0x0802bc0c   0x00000050   Code   RO          413    .text.osRtxMutexOwnerRestore  BUILD/NUCLEO_F401RE/ARMC6/mbed-os/cmsis/CMSIS_5/CMSIS/RTOS2/RTX/Source/rtx_mutex.o
    0x0802bc5c   0x000000a4   Code   RO          471    .text.osRtxPendSV_Handler  BUILD/NUCLEO_F401RE/ARMC6/mbed-os/cmsis/CMSIS_5/CMSIS/RTOS2/RTX/Source/rtx_system.o
    0x0802bd00   0x00000076   Code   RO          473    .text.osRtxPostProcess  BUILD/NUCLEO_F401RE/ARMC6/mbed-os/cmsis/CMSIS_5/CMSIS/RTOS2/RTX/Source/rtx_system.o
    0x0802bd76   0x00000036   Code   RO          457    .text.osRtxSemaphorePostProcess  BUILD/NUCLEO_F401RE/ARMC6/mbed-os/cmsis/CMSIS_5/CMSIS/RTOS2/RTX/Source/rtx_semaphore.o
    0x0802bdac   0x000000a2   Code   RO          501    .text.osRtxThreadDelayInsert  BUILD/NUCLEO_F401RE/ARMC6/mbed-os/cmsis/CMSIS_5/CMSIS/RTOS2/RTX/Source/rtx_thread.o
    0x0802be4e   0x00000046   Code   RO          497    .text.osRtxThreadDelayRemove  BUILD/NUCLEO_F401RE/ARMC6/mbed-os/cmsis/CMSIS_5/CMSIS/RTOS2/RTX/Source/rtx_thread.o
    0x0802be94   0x000000a2   Code   RO          487    .text.osRtxThreadDelayTick  BUILD/NUCLEO_F401RE/ARMC6/mbed-os/cmsis/CMSIS_5/CMSIS/RTOS2/RTX/Source/rtx_thread.o
    0x0802bf36   0x00000026   Code   RO          583    .text.osRtxThreadDestroy  BUILD/NUCLEO_F401RE/ARMC6/mbed-os/cmsis/CMSIS_5/CMSIS/RTOS2/RTX/Source/rtx_thread.o
    0x0802bf5c   0x000000f8   Code   RO          493    .text.osRtxThreadDispatch  BUILD/NUCLEO_F401RE/ARMC6/mbed-os/cmsis/CMSIS_5/CMSIS/RTOS2/RTX/Source/rtx_thread.o
    0x0802c054   0x00000064   Code   RO          575    .text.osRtxThreadFree  BUILD/NUCLEO_F401RE/ARMC6/mbed-os/cmsis/CMSIS_5/CMSIS/RTOS2/RTX/Source/rtx_thread.o
    0x0802c0b8   0x00000020   Code   RO          581    .text.osRtxThreadJoinWakeup  BUILD/NUCLEO_F401RE/ARMC6/mbed-os/cmsis/CMSIS_5/CMSIS/RTOS2/RTX/Source/rtx_thread.o
    0x0802c0d8   0x00000012   Code   RO          479    .text.osRtxThreadListGet  BUILD/NUCLEO_F401RE/ARMC6/mbed-os/cmsis/CMSIS_5/CMSIS/RTOS2/RTX/Source/rtx_thread.o
    0x0802c0ea   0x00000002   PAD
    0x0802c0ec   0x0000002a   Code   RO          477    .text.osRtxThreadListPut  BUILD/NUCLEO_F401RE/ARMC6/mbed-os/cmsis/CMSIS_5/CMSIS/RTOS2/RTX/Source/rtx_thread.o
    0x0802c116   0x00000014   Code   RO          483    .text.osRtxThreadListRemove  BUILD/NUCLEO_F401RE/ARMC6/mbed-os/cmsis/CMSIS_5/CMSIS/RTOS2/RTX/Source/rtx_thread.o
    0x0802c12a   0x00000002   PAD
    0x0802c12c   0x00000046   Code   RO          481    .text.osRtxThreadListSort  BUILD/NUCLEO_F401RE/ARMC6/mbed-os/cmsis/CMSIS_5/CMSIS/RTOS2/RTX/Source/rtx_thread.o
    0x0802c172   0x0000002a   Code   RO          551    .text.osRtxThreadPostProcess  BUILD/NUCLEO_F401RE/ARMC6/mbed-os/cmsis/CMSIS_5/CMSIS/RTOS2/RTX/Source/rtx_thread.o
    0x0802c19c   0x0000003a   Code   RO          485    .text.osRtxThreadReadyPut  BUILD/NUCLEO_F401RE/ARMC6/mbed-os/cmsis/CMSIS_5/CMSIS/RTOS2/RTX/Source/rtx_thread.o
    0x0802c1d6   0x00000014   Code   RO          489    .text.osRtxThreadRegPtr  BUILD/NUCLEO_F401RE/ARMC6/mbed-os/cmsis/CMSIS_5/CMSIS/RTOS2/RTX/Source/rtx_thread.o
    0x0802c1ea   0x00000048   Code   RO          503    .text.osRtxThreadStartup  BUILD/NUCLEO_F401RE/ARMC6/mbed-os/cmsis/CMSIS_5/CMSIS/RTOS2/RTX/Source/rtx_thread.o
    0x0802c232   0x00000010   Code   RO          491    .text.osRtxThreadSwitch  BUILD/NUCLEO_F401RE/ARMC6/mbed-os/cmsis/CMSIS_5/CMSIS/RTOS2/RTX/Source/rtx_thread.o
    0x0802c242   0x00000048   Code   RO          499    .text.osRtxThreadWaitEnter  BUILD/NUCLEO_F401RE/ARMC6/mbed-os/cmsis/CMSIS_5/CMSIS/RTOS2/RTX/Source/rtx_thread.o
    0x0802c28a   0x00000002   PAD
    0x0802c28c   0x00000062   Code   RO          495    .text.osRtxThreadWaitExit  BUILD/NUCLEO_F401RE/ARMC6/mbed-os/cmsis/CMSIS_5/CMSIS/RTOS2/RTX/Source/rtx_thread.o
    0x0802c2ee   0x0000007a   Code   RO          469    .text.osRtxTick_Handler  BUILD/NUCLEO_F401RE/ARMC6/mbed-os/cmsis/CMSIS_5/CMSIS/RTOS2/RTX/Source/rtx_system.o
    0x0802c368   0x00000024   Code   RO          601    .text.osRtxTimerSetup  BUILD/NUCLEO_F401RE/ARMC6/mbed-os/cmsis/CMSIS_5/CMSIS/RTOS2/RTX/Source/rtx_timer.o
    0x0802c38c   0x00000022   Code   RO          605    .text.osRtxTimerThread  BUILD/NUCLEO_F401RE/ARMC6/mbed-os/cmsis/CMSIS_5/CMSIS/RTOS2/RTX/Source/rtx_timer.o
    0x0802c3ae   0x00000002   PAD
    0x0802c3b0   0x00000078   Code   RO          603    .text.osRtxTimerTick  BUILD/NUCLEO_F401RE/ARMC6/mbed-os/cmsis/CMSIS_5/CMSIS/RTOS2/RTX/Source/rtx_timer.o
    0x0802c428   0x0000005e   Code   RO          445    .text.osSemaphoreAcquire  BUILD/NUCLEO_F401RE/ARMC6/mbed-os/cmsis/CMSIS_5/CMSIS/RTOS2/RTX/Source/rtx_semaphore.o
    0x0802c486   0x0000002e   Code   RO          453    .text.osSemaphoreDelete  BUILD/NUCLEO_F401RE/ARMC6/mbed-os/cmsis/CMSIS_5/CMSIS/RTOS2/RTX/Source/rtx_semaphore.o
    0x0802c4b4   0x00000032   Code   RO          441    .text.osSemaphoreNew  BUILD/NUCLEO_F401RE/ARMC6/mbed-os/cmsis/CMSIS_5/CMSIS/RTOS2/RTX/Source/rtx_semaphore.o
    0x0802c4e6   0x00000076   Code   RO          447    .text.osSemaphoreRelease  BUILD/NUCLEO_F401RE/ARMC6/mbed-os/cmsis/CMSIS_5/CMSIS/RTOS2/RTX/Source/rtx_semaphore.o
    0x0802c55c   0x0000001a   Code   RO          535    .text.osThreadExit  BUILD/NUCLEO_F401RE/ARMC6/mbed-os/cmsis/CMSIS_5/CMSIS/RTOS2/RTX/Source/rtx_thread.o
    0x0802c576   0x0000002a   Code   RO          511    .text.osThreadGetId  BUILD/NUCLEO_F401RE/ARMC6/mbed-os/cmsis/CMSIS_5/CMSIS/RTOS2/RTX/Source/rtx_thread.o
    0x0802c5a0   0x00000032   Code   RO          507    .text.osThreadNew   BUILD/NUCLEO_F401RE/ARMC6/mbed-os/cmsis/CMSIS_5/CMSIS/RTOS2/RTX/Source/rtx_thread.o
    0x0802c5d2   0x00000038   Code   RO          537    .text.osThreadTerminate  BUILD/NUCLEO_F401RE/ARMC6/mbed-os/cmsis/CMSIS_5/CMSIS/RTOS2/RTX/Source/rtx_thread.o
    0x0802c60a   0x00000002   PAD
    0x0802c60c   0x0000012c   Code   RO        27078    .text.pin_function  BUILD/NUCLEO_F401RE/ARMC6/mbed-os/targets/TARGET_STM/pinmap.o
    0x0802c738   0x00000088   Code   RO        27080    .text.pin_mode      BUILD/NUCLEO_F401RE/ARMC6/mbed-os/targets/TARGET_STM/pinmap.o
    0x0802c7c0   0x00000026   Code   RO        21589    .text.pinmap_find_function  BUILD/NUCLEO_F401RE/ARMC6/mbed-os/hal/source/mbed_pinmap_common.o
    0x0802c7e6   0x00000002   PAD
    0x0802c7e8   0x00000044   Code   RO        21583    .text.pinmap_merge  BUILD/NUCLEO_F401RE/ARMC6/mbed-os/hal/source/mbed_pinmap_common.o
    0x0802c82c   0x00000078   Code   RO        21587    .text.pinmap_peripheral  BUILD/NUCLEO_F401RE/ARMC6/mbed-os/hal/source/mbed_pinmap_common.o
    0x0802c8a4   0x00000170   Code   RO        22131    .text.print_context_info  BUILD/NUCLEO_F401RE/ARMC6/mbed-os/platform/source/TARGET_CORTEX_M/mbed_fault_handler.o
    0x0802ca14   0x000001f0   Code   RO        22275    .text.print_error_report  BUILD/NUCLEO_F401RE/ARMC6/mbed-os/platform/source/mbed_error.o
    0x0802cc04   0x00000032   Code   RO        22464    .text.read          BUILD/NUCLEO_F401RE/ARMC6/mbed-os/platform/source/mbed_retarget.o
    0x0802cc36   0x00000038   Code   RO        27300    .text.restore_timer_ctx  BUILD/NUCLEO_F401RE/ARMC6/mbed-os/targets/TARGET_STM/us_ticker.o
    0x0802cc6e   0x00000002   PAD
    0x0802cc70   0x0000000e   Code   RO          747    .text.rtos_idle_loop  BUILD/NUCLEO_F401RE/ARMC6/mbed-os/cmsis/device/rtos/source/mbed_rtx_idle.o
    0x0802cc7e   0x00000038   Code   RO        27298    .text.save_timer_ctx  BUILD/NUCLEO_F401RE/ARMC6/mbed-os/targets/TARGET_STM/us_ticker.o
    0x0802ccb6   0x00000002   PAD
    0x0802ccb8   0x0000013c   Code   RO        21635    .text.schedule_interrupt  BUILD/NUCLEO_F401RE/ARMC6/mbed-os/hal/source/mbed_ticker_api.o
    0x0802cdf4   0x00000018   Code   RO        27172    .text.serial_baud   BUILD/NUCLEO_F401RE/ARMC6/mbed-os/targets/TARGET_STM/serial_api.o
    0x0802ce0c   0x000000e6   Code   RO        27170    .text.serial_free   BUILD/NUCLEO_F401RE/ARMC6/mbed-os/targets/TARGET_STM/serial_api.o
    0x0802cef2   0x00000002   PAD
    0x0802cef4   0x00000042   Code   RO        26769    .text.serial_getc   BUILD/NUCLEO_F401RE/ARMC6/mbed-os/targets/TARGET_STM/TARGET_STM32F4/serial_device.o
    0x0802cf36   0x00000002   PAD
    0x0802cf38   0x0000020c   Code   RO        27168    .text.serial_init   BUILD/NUCLEO_F401RE/ARMC6/mbed-os/targets/TARGET_STM/serial_api.o
    0x0802d144   0x0000000e   Code   RO        21692    .text.serial_init_direct  BUILD/NUCLEO_F401RE/ARMC6/mbed-os/hal/source/static_pinmap.o
    0x0802d152   0x0000001a   Code   RO        26759    .text.serial_irq_handler  BUILD/NUCLEO_F401RE/ARMC6/mbed-os/targets/TARGET_STM/TARGET_STM32F4/serial_device.o
    0x0802d16c   0x000000ee   Code   RO        26761    .text.serial_irq_set  BUILD/NUCLEO_F401RE/ARMC6/mbed-os/targets/TARGET_STM/TARGET_STM32F4/serial_device.o
    0x0802d25a   0x0000004c   Code   RO        27198    .text.serial_is_tx_ongoing  BUILD/NUCLEO_F401RE/ARMC6/mbed-os/targets/TARGET_STM/serial_api.o
    0x0802d2a6   0x00000002   PAD
    0x0802d2a8   0x0000002a   Code   RO        26771    .text.serial_putc   BUILD/NUCLEO_F401RE/ARMC6/mbed-os/targets/TARGET_STM/TARGET_STM32F4/serial_device.o
    0x0802d2d2   0x00000032   Code   RO        27188    .text.serial_readable  BUILD/NUCLEO_F401RE/ARMC6/mbed-os/targets/TARGET_STM/serial_api.o
    0x0802d304   0x0000001a   Code   RO        27190    .text.serial_writable  BUILD/NUCLEO_F401RE/ARMC6/mbed-os/targets/TARGET_STM/serial_api.o
    0x0802d31e   0x00000002   PAD
    0x0802d320   0x00000060   Code   RO        22399    .text.sleep_manager_lock_deep_sleep_internal  BUILD/NUCLEO_F401RE/ARMC6/mbed-os/platform/source/mbed_power_mgmt.o
    0x0802d380   0x00000024   Code   RO        22407    .text.sleep_manager_sleep_auto  BUILD/NUCLEO_F401RE/ARMC6/mbed-os/platform/source/mbed_power_mgmt.o
    0x0802d3a4   0x00000064   Code   RO        22401    .text.sleep_manager_unlock_deep_sleep_internal  BUILD/NUCLEO_F401RE/ARMC6/mbed-os/platform/source/mbed_power_mgmt.o
    0x0802d408   0x00000026   Code   RO          160    .text.svcRtxDelay   BUILD/NUCLEO_F401RE/ARMC6/mbed-os/cmsis/CMSIS_5/CMSIS/RTOS2/RTX/Source/rtx_delay.o
    0x0802d42e   0x00000080   Code   RO          184    .text.svcRtxEventFlagsNew  BUILD/NUCLEO_F401RE/ARMC6/mbed-os/cmsis/CMSIS_5/CMSIS/RTOS2/RTX/Source/rtx_evflags.o
    0x0802d4ae   0x00000002   PAD
    0x0802d4b0   0x00000088   Code   RO          192    .text.svcRtxEventFlagsSet  BUILD/NUCLEO_F401RE/ARMC6/mbed-os/cmsis/CMSIS_5/CMSIS/RTOS2/RTX/Source/rtx_evflags.o
    0x0802d538   0x00000068   Code   RO          194    .text.svcRtxEventFlagsWait  BUILD/NUCLEO_F401RE/ARMC6/mbed-os/cmsis/CMSIS_5/CMSIS/RTOS2/RTX/Source/rtx_evflags.o
    0x0802d5a0   0x0000000c   Code   RO          242    .text.svcRtxKernelGetState  BUILD/NUCLEO_F401RE/ARMC6/mbed-os/cmsis/CMSIS_5/CMSIS/RTOS2/RTX/Source/rtx_kernel.o
    0x0802d5ac   0x0000000c   Code   RO          258    .text.svcRtxKernelGetTickCount  BUILD/NUCLEO_F401RE/ARMC6/mbed-os/cmsis/CMSIS_5/CMSIS/RTOS2/RTX/Source/rtx_kernel.o
    0x0802d5b8   0x00000148   Code   RO          272    .text.svcRtxKernelInitialize  BUILD/NUCLEO_F401RE/ARMC6/mbed-os/cmsis/CMSIS_5/CMSIS/RTOS2/RTX/Source/rtx_kernel.o
    0x0802d700   0x000000a8   Code   RO          274    .text.svcRtxKernelStart  BUILD/NUCLEO_F401RE/ARMC6/mbed-os/cmsis/CMSIS_5/CMSIS/RTOS2/RTX/Source/rtx_kernel.o
    0x0802d7a8   0x000000f6   Code   RO          403    .text.svcRtxMessageQueueGet  BUILD/NUCLEO_F401RE/ARMC6/mbed-os/cmsis/CMSIS_5/CMSIS/RTOS2/RTX/Source/rtx_msgqueue.o
    0x0802d89e   0x00000150   Code   RO          363    .text.svcRtxMessageQueueNew  BUILD/NUCLEO_F401RE/ARMC6/mbed-os/cmsis/CMSIS_5/CMSIS/RTOS2/RTX/Source/rtx_msgqueue.o
    0x0802d9ee   0x000000c0   Code   RO          399    .text.svcRtxMessageQueuePut  BUILD/NUCLEO_F401RE/ARMC6/mbed-os/cmsis/CMSIS_5/CMSIS/RTOS2/RTX/Source/rtx_msgqueue.o
    0x0802daae   0x000000b0   Code   RO          431    .text.svcRtxMutexAcquire  BUILD/NUCLEO_F401RE/ARMC6/mbed-os/cmsis/CMSIS_5/CMSIS/RTOS2/RTX/Source/rtx_mutex.o
    0x0802db5e   0x00000002   PAD
    0x0802db60   0x000000b6   Code   RO          437    .text.svcRtxMutexDelete  BUILD/NUCLEO_F401RE/ARMC6/mbed-os/cmsis/CMSIS_5/CMSIS/RTOS2/RTX/Source/rtx_mutex.o
    0x0802dc16   0x00000078   Code   RO          427    .text.svcRtxMutexNew  BUILD/NUCLEO_F401RE/ARMC6/mbed-os/cmsis/CMSIS_5/CMSIS/RTOS2/RTX/Source/rtx_mutex.o
    0x0802dc8e   0x00000002   PAD
    0x0802dc90   0x000000d2   Code   RO          433    .text.svcRtxMutexRelease  BUILD/NUCLEO_F401RE/ARMC6/mbed-os/cmsis/CMSIS_5/CMSIS/RTOS2/RTX/Source/rtx_mutex.o
    0x0802dd62   0x00000066   Code   RO          461    .text.svcRtxSemaphoreAcquire  BUILD/NUCLEO_F401RE/ARMC6/mbed-os/cmsis/CMSIS_5/CMSIS/RTOS2/RTX/Source/rtx_semaphore.o
    0x0802ddc8   0x0000006c   Code   RO          465    .text.svcRtxSemaphoreDelete  BUILD/NUCLEO_F401RE/ARMC6/mbed-os/cmsis/CMSIS_5/CMSIS/RTOS2/RTX/Source/rtx_semaphore.o
    0x0802de34   0x000000a0   Code   RO          455    .text.svcRtxSemaphoreNew  BUILD/NUCLEO_F401RE/ARMC6/mbed-os/cmsis/CMSIS_5/CMSIS/RTOS2/RTX/Source/rtx_semaphore.o
    0x0802ded4   0x00000066   Code   RO          463    .text.svcRtxSemaphoreRelease  BUILD/NUCLEO_F401RE/ARMC6/mbed-os/cmsis/CMSIS_5/CMSIS/RTOS2/RTX/Source/rtx_semaphore.o
    0x0802df3a   0x00000052   Code   RO          579    .text.svcRtxThreadExit  BUILD/NUCLEO_F401RE/ARMC6/mbed-os/cmsis/CMSIS_5/CMSIS/RTOS2/RTX/Source/rtx_thread.o
    0x0802df8c   0x0000000c   Code   RO          513    .text.svcRtxThreadGetId  BUILD/NUCLEO_F401RE/ARMC6/mbed-os/cmsis/CMSIS_5/CMSIS/RTOS2/RTX/Source/rtx_thread.o
    0x0802df98   0x00000220   Code   RO          505    .text.svcRtxThreadNew  BUILD/NUCLEO_F401RE/ARMC6/mbed-os/cmsis/CMSIS_5/CMSIS/RTOS2/RTX/Source/rtx_thread.o
    0x0802e1b8   0x000000c6   Code   RO          585    .text.svcRtxThreadTerminate  BUILD/NUCLEO_F401RE/ARMC6/mbed-os/cmsis/CMSIS_5/CMSIS/RTOS2/RTX/Source/rtx_thread.o
    0x0802e27e   0x00000002   PAD
    0x0802e280   0x00000062   Code   RO        21631    .text.ticker_irq_handler  BUILD/NUCLEO_F401RE/ARMC6/mbed-os/hal/source/mbed_ticker_api.o
    0x0802e2e2   0x0000002a   Code   RO        27282    .text.timer_irq_handler  BUILD/NUCLEO_F401RE/ARMC6/mbed-os/targets/TARGET_STM/us_ticker.o
    0x0802e30c   0x0000002a   Code   RO          717    .text.trap_rtx_error  BUILD/NUCLEO_F401RE/ARMC6/mbed-os/cmsis/device/rtos/source/mbed_rtx_handlers.o
    0x0802e336   0x0000000c   Code   RO        26763    .text.uart1_irq     BUILD/NUCLEO_F401RE/ARMC6/mbed-os/targets/TARGET_STM/TARGET_STM32F4/serial_device.o
    0x0802e342   0x0000000c   Code   RO        26765    .text.uart2_irq     BUILD/NUCLEO_F401RE/ARMC6/mbed-os/targets/TARGET_STM/TARGET_STM32F4/serial_device.o
    0x0802e34e   0x0000000c   Code   RO        26767    .text.uart6_irq     BUILD/NUCLEO_F401RE/ARMC6/mbed-os/targets/TARGET_STM/TARGET_STM32F4/serial_device.o
    0x0802e35a   0x00000088   Code   RO        26795    .text.uart_irq      BUILD/NUCLEO_F401RE/ARMC6/mbed-os/targets/TARGET_STM/TARGET_STM32F4/serial_device.o
    0x0802e3e2   0x00000086   Code   RO        21633    .text.update_present_time  BUILD/NUCLEO_F401RE/ARMC6/mbed-os/hal/source/mbed_ticker_api.o
    0x0802e468   0x00000012   Code   RO        27296    .text.us_ticker_clear_interrupt  BUILD/NUCLEO_F401RE/ARMC6/mbed-os/targets/TARGET_STM/us_ticker.o
    0x0802e47a   0x00000014   Code   RO        27294    .text.us_ticker_disable_interrupt  BUILD/NUCLEO_F401RE/ARMC6/mbed-os/targets/TARGET_STM/us_ticker.o
    0x0802e48e   0x00000022   Code   RO        27292    .text.us_ticker_fire_interrupt  BUILD/NUCLEO_F401RE/ARMC6/mbed-os/targets/TARGET_STM/us_ticker.o
    0x0802e4b0   0x0000000a   Code   RO        27280    .text.us_ticker_get_info  BUILD/NUCLEO_F401RE/ARMC6/mbed-os/targets/TARGET_STM/us_ticker.o
    0x0802e4ba   0x00000018   Code   RO        27286    .text.us_ticker_init  BUILD/NUCLEO_F401RE/ARMC6/mbed-os/targets/TARGET_STM/us_ticker.o
    0x0802e4d2   0x00000018   Code   RO        21663    .text.us_ticker_irq_handler  BUILD/NUCLEO_F401RE/ARMC6/mbed-os/hal/source/mbed_us_ticker_api.o
    0x0802e4ea   0x0000000c   Code   RO        27288    .text.us_ticker_read  BUILD/NUCLEO_F401RE/ARMC6/mbed-os/targets/TARGET_STM/us_ticker.o
    0x0802e4f6   0x0000001c   Code   RO        27290    .text.us_ticker_set_interrupt  BUILD/NUCLEO_F401RE/ARMC6/mbed-os/targets/TARGET_STM/us_ticker.o
    0x0802e512   0x00000002   PAD
    0x0802e514   0x00000016   Code   RO        27205    .text.wait_loop     BUILD/NUCLEO_F401RE/ARMC6/mbed-os/targets/TARGET_STM/sleep.o
    0x0802e52a   0x00000032   Code   RO        22456    .text.write         BUILD/NUCLEO_F401RE/ARMC6/mbed-os/platform/source/mbed_retarget.o
    0x0802e55c   0x0000003e   Code   RO        28360    CL$$btod_d2e        c:\ProgramData\Mbed Studio\mbed-studio-tools\ac6\bin\..\lib\armlib\c_w.l(btod.o)
    0x0802e59a   0x00000046   Code   RO        28362    CL$$btod_d2e_denorm_low  c:\ProgramData\Mbed Studio\mbed-studio-tools\ac6\bin\..\lib\armlib\c_w.l(btod.o)
    0x0802e5e0   0x00000060   Code   RO        28361    CL$$btod_d2e_norm_op1  c:\ProgramData\Mbed Studio\mbed-studio-tools\ac6\bin\..\lib\armlib\c_w.l(btod.o)
    0x0802e640   0x00000338   Code   RO        28370    CL$$btod_div_common  c:\ProgramData\Mbed Studio\mbed-studio-tools\ac6\bin\..\lib\armlib\c_w.l(btod.o)
    0x0802e978   0x000000dc   Code   RO        28367    CL$$btod_e2e        c:\ProgramData\Mbed Studio\mbed-studio-tools\ac6\bin\..\lib\armlib\c_w.l(btod.o)
    0x0802ea54   0x0000002a   Code   RO        28364    CL$$btod_ediv       c:\ProgramData\Mbed Studio\mbed-studio-tools\ac6\bin\..\lib\armlib\c_w.l(btod.o)
    0x0802ea7e   0x0000002a   Code   RO        28363    CL$$btod_emul       c:\ProgramData\Mbed Studio\mbed-studio-tools\ac6\bin\..\lib\armlib\c_w.l(btod.o)
    0x0802eaa8   0x00000244   Code   RO        28369    CL$$btod_mult_common  c:\ProgramData\Mbed Studio\mbed-studio-tools\ac6\bin\..\lib\armlib\c_w.l(btod.o)
    0x0802ecec   0x00000030   Code   RO        28494    i.__ARM_fpclassify  c:\ProgramData\Mbed Studio\mbed-studio-tools\ac6\bin\..\lib\armlib\m_wm.l(fpclassify.o)
    0x0802ed1c   0x0000000e   Code   RO        27482    i._is_digit         c:\ProgramData\Mbed Studio\mbed-studio-tools\ac6\bin\..\lib\armlib\c_w.l(__printf_wp.o)
    0x0802ed2a   0x00000018   Code   RO        27523    i.fgetc             c:\ProgramData\Mbed Studio\mbed-studio-tools\ac6\bin\..\lib\armlib\c_w.l(fgetc.o)
    0x0802ed42   0x0000001a   Code   RO        27529    i.fputc             c:\ProgramData\Mbed Studio\mbed-studio-tools\ac6\bin\..\lib\armlib\c_w.l(fputc.o)
    0x0802ed5c   0x0000002c   Code   RO        27906    locale$$code        c:\ProgramData\Mbed Studio\mbed-studio-tools\ac6\bin\..\lib\armlib\c_w.l(lc_ctype_c.o)
    0x0802ed88   0x0000002c   Code   RO        28411    locale$$code        c:\ProgramData\Mbed Studio\mbed-studio-tools\ac6\bin\..\lib\armlib\c_w.l(lc_numeric_c.o)
    0x0802edb4   0x0000001a   Code   RO        28451    x$fpl$fpinit        c:\ProgramData\Mbed Studio\mbed-studio-tools\ac6\bin\..\lib\armlib\fz_wm.l(fpinit.o)
    0x0802edce   0x00000004   Code   RO        27670    x$fpl$printf1       c:\ProgramData\Mbed Studio\mbed-studio-tools\ac6\bin\..\lib\armlib\fz_wm.l(printf1.o)
    0x0802edd2   0x00000004   Code   RO        27987    x$fpl$printf2       c:\ProgramData\Mbed Studio\mbed-studio-tools\ac6\bin\..\lib\armlib\fz_wm.l(printf2.o)
    0x0802edd6   0x00000000   Code   RO        27995    x$fpl$usenofp       c:\ProgramData\Mbed Studio\mbed-studio-tools\ac6\bin\..\lib\armlib\fz_wm.l(usenofp.o)
    0x0802edd6   0x00000002   PAD
    0x0802edd8   0x00000008   Data   RO        27443    .constdata          c:\ProgramData\Mbed Studio\mbed-studio-tools\ac6\bin\..\lib\armlib\c_w.l(_printf_wctomb.o)
    0x0802ede0   0x00000028   Data   RO        27470    .constdata          c:\ProgramData\Mbed Studio\mbed-studio-tools\ac6\bin\..\lib\armlib\c_w.l(_printf_hex_int_ll_ptr.o)
    0x0802ee08   0x00000011   Data   RO        27490    .constdata          c:\ProgramData\Mbed Studio\mbed-studio-tools\ac6\bin\..\lib\armlib\c_w.l(__printf_flags_ss_wp.o)
    0x0802ee19   0x00000026   Data   RO        28337    .constdata          c:\ProgramData\Mbed Studio\mbed-studio-tools\ac6\bin\..\lib\armlib\c_w.l(_printf_fp_hex.o)
    0x0802ee3f   0x00000001   PAD
    0x0802ee40   0x00000094   Data   RO        28358    .constdata          c:\ProgramData\Mbed Studio\mbed-studio-tools\ac6\bin\..\lib\armlib\c_w.l(bigflt0.o)
    0x0802eed4   0x000000a8   Data   RO          296    .rodata             BUILD/NUCLEO_F401RE/ARMC6/mbed-os/cmsis/CMSIS_5/CMSIS/RTOS2/RTX/Source/rtx_lib.o
    0x0802ef7c   0x00000010   Data   RO          705    .rodata..L__const.mbed_rtos_init_singleton_mutex.singleton_mutex_attr  BUILD/NUCLEO_F401RE/ARMC6/mbed-os/cmsis/device/rtos/source/mbed_rtos_rtx.o
    0x0802ef8c   0x00000010   Data   RO        26694    .rodata.AHBPrescTable  BUILD/NUCLEO_F401RE/ARMC6/mbed-os/targets/TARGET_STM/TARGET_STM32F4/STM32Cube_FW/system_stm32f4xx.o
    0x0802ef9c   0x00000008   Data   RO        26695    .rodata.APBPrescTable  BUILD/NUCLEO_F401RE/ARMC6/mbed-os/targets/TARGET_STM/TARGET_STM32F4/STM32Cube_FW/system_stm32f4xx.o
    0x0802efa4   0x00000048   Data   RO        26704    .rodata.PinMap_UART_RX  BUILD/NUCLEO_F401RE/ARMC6/mbed-os/targets/TARGET_STM/TARGET_STM32F4/TARGET_STM32F401xE/TARGET_NUCLEO_F401RE/PeripheralPins.o
    0x0802efec   0x00000048   Data   RO        26703    .rodata.PinMap_UART_TX  BUILD/NUCLEO_F401RE/ARMC6/mbed-os/targets/TARGET_STM/TARGET_STM32F4/TARGET_STM32F401xE/TARGET_NUCLEO_F401RE/PeripheralPins.o
    0x0802f034   0x0000003c   Data   RO        26711    .rodata.PinMap_USB_FS  BUILD/NUCLEO_F401RE/ARMC6/mbed-os/targets/TARGET_STM/TARGET_STM32F4/TARGET_STM32F401xE/TARGET_NUCLEO_F401RE/PeripheralPins.o
    0x0802f070   0x00000001   Data   RO        27757    .rodata._ZSt7nothrow  c:\ProgramData\Mbed Studio\mbed-studio-tools\ac6\bin\..\lib\libcxx\libcpp_w.l(new.cpp.o)
    0x0802f071   0x00000003   PAD
    0x0802f074   0x00000050   Data   RO        22580    .rodata._ZTV12DirectSerial  BUILD/NUCLEO_F401RE/ARMC6/mbed-os/platform/source/mbed_retarget.o
    0x0802f0c4   0x00000094   Data   RO        20136    .rodata._ZTV6USBCDC  BUILD/NUCLEO_F401RE/ARMC6/mbed-os/drivers/usb/source/USBCDC.o
    0x0802f158   0x00000018   Data   RO        19846    .rodata._ZTV7AsyncOp  BUILD/NUCLEO_F401RE/ARMC6/mbed-os/drivers/usb/source/AsyncOp.o
    0x0802f170   0x0000007c   Data   RO        26893    .rodata._ZTV8USBPhyHw  BUILD/NUCLEO_F401RE/ARMC6/mbed-os/targets/TARGET_STM/USBPhy_STM32.o
    0x0802f1ec   0x00000088   Data   RO        20382    .rodata._ZTV9USBDevice  BUILD/NUCLEO_F401RE/ARMC6/mbed-os/drivers/usb/source/USBDevice.o
    0x0802f274   0x0000010c   Data   RO        20829    .rodata._ZTV9USBSerial  BUILD/NUCLEO_F401RE/ARMC6/mbed-os/drivers/usb/source/USBSerial.o
    0x0802f380   0x00000050   Data   RO        21891    .rodata._ZTVN4mbed10FileHandleE  BUILD/NUCLEO_F401RE/ARMC6/mbed-os/platform/source/FileHandle.o
    0x0802f3d0   0x00000018   Data   RO        19639    .rodata._ZTVN4mbed10SerialBaseE  BUILD/NUCLEO_F401RE/ARMC6/mbed-os/drivers/source/SerialBase.o
    0x0802f3e8   0x00000010   Data   RO        19380    .rodata._ZTVN4mbed11InterruptInE  BUILD/NUCLEO_F401RE/ARMC6/mbed-os/drivers/source/InterruptIn.o
    0x0802f3f8   0x0000008c   Data   RO        19768    .rodata._ZTVN4mbed16UnbufferedSerialE  BUILD/NUCLEO_F401RE/ARMC6/mbed-os/drivers/source/UnbufferedSerial.o
    0x0802f484   0x00000070   Data   RO        21980    .rodata._ZTVN4mbed6StreamE  BUILD/NUCLEO_F401RE/ARMC6/mbed-os/platform/source/Stream.o
    0x0802f4f4   0x00000010   Data   RO        21886    .rodata._ZTVN4mbed8FileBaseE  BUILD/NUCLEO_F401RE/ARMC6/mbed-os/platform/source/FileBase.o
    0x0802f504   0x00000010   Data   RO        22883    .rodata._ZTVN4rtos6ThreadE  BUILD/NUCLEO_F401RE/ARMC6/mbed-os/rtos/source/Thread.o
    0x0802f514   0x00000018   Data   RO        20163    .rodata._ZTVN6USBCDC10AsyncWriteE  BUILD/NUCLEO_F401RE/ARMC6/mbed-os/drivers/usb/source/USBCDC.o
    0x0802f52c   0x00000018   Data   RO        20164    .rodata._ZTVN6USBCDC9AsyncReadE  BUILD/NUCLEO_F401RE/ARMC6/mbed-os/drivers/usb/source/USBCDC.o
    0x0802f544   0x00000018   Data   RO        20162    .rodata._ZTVN6USBCDC9AsyncWaitE  BUILD/NUCLEO_F401RE/ARMC6/mbed-os/drivers/usb/source/USBCDC.o
    0x0802f55c   0x00000018   Data   RO        22590    .rodata._ZZL15default_consolevE14console_pinmap  BUILD/NUCLEO_F401RE/ARMC6/mbed-os/platform/source/mbed_retarget.o
    0x0802f574   0x0000000c   Data   RO           62    .rodata._ZZN4mbed8CallbackIFvvEE8generateIN6events5EventIS1_EEvEEvOT_E3ops  BUILD/NUCLEO_F401RE/ARMC6/TimerTPL5010/TimerTPL5010.o
    0x0802f580   0x0000000c   Data   RO          100    .rodata._ZZN4mbed8CallbackIFvvEE8generateIPS1_vEEvOT_E3ops  BUILD/NUCLEO_F401RE/ARMC6/main.o
    0x0802f58c   0x0000000c   Data   RO           61    .rodata._ZZN4mbed8CallbackIFvvEE8generateIZNS2_C1IP12TimerTPL5010MS5_FvvELi0EEET_T0_EUlvE_vEEvOS9_E3ops  BUILD/NUCLEO_F401RE/ARMC6/TimerTPL5010/TimerTPL5010.o
    0x0802f598   0x0000000c   Data   RO        20082    .rodata._ZZN4mbed8CallbackIFvvEE8generateIZNS2_C1IP9USBDeviceMS5_FvvELi0EEET_T0_EUlvE_vEEvOS9_E3ops  BUILD/NUCLEO_F401RE/ARMC6/mbed-os/drivers/usb/source/USBAudio.o
    0x0802f5a4   0x0000000c   Data   RO           99    .rodata._ZZN4mbed8CallbackIFvvEE8generateIZNS2_C1IPN6events10EventQueueEMS6_FvvELi0EEET_T0_EUlvE_vEEvOSA_E3ops  BUILD/NUCLEO_F401RE/ARMC6/main.o
    0x0802f5b0   0x00000016   Data   RO        20140    .rodata._ZZN6USBCDC20string_iproduct_descEvE24stringIproductDescriptor  BUILD/NUCLEO_F401RE/ARMC6/mbed-os/drivers/usb/source/USBCDC.o
    0x0802f5c6   0x00000008   Data   RO        20139    .rodata._ZZN6USBCDC22string_iinterface_descEvE26stringIinterfaceDescriptor  BUILD/NUCLEO_F401RE/ARMC6/mbed-os/drivers/usb/source/USBCDC.o
    0x0802f5ce   0x00000002   PAD
    0x0802f5d0   0x00000044   Data   RO        26896    .rodata._ZZN8USBPhyHw14endpoint_tableEvE5table  BUILD/NUCLEO_F401RE/ARMC6/mbed-os/targets/TARGET_STM/USBPhy_STM32.o
    0x0802f614   0x00000004   Data   RO        20383    .rodata._ZZN9USBDevice18string_langid_descEvE24string_langid_descriptor  BUILD/NUCLEO_F401RE/ARMC6/mbed-os/drivers/usb/source/USBDevice.o
    0x0802f618   0x00000016   Data   RO        20385    .rodata._ZZN9USBDevice19string_iserial_descEvE25string_iserial_descriptor  BUILD/NUCLEO_F401RE/ARMC6/mbed-os/drivers/usb/source/USBDevice.o
    0x0802f62e   0x00000016   Data   RO        20388    .rodata._ZZN9USBDevice20string_iproduct_descEvE26string_iproduct_descriptor  BUILD/NUCLEO_F401RE/ARMC6/mbed-os/drivers/usb/source/USBDevice.o
    0x0802f644   0x00000008   Data   RO        20387    .rodata._ZZN9USBDevice22string_iinterface_descEvE28string_iinterface_descriptor  BUILD/NUCLEO_F401RE/ARMC6/mbed-os/drivers/usb/source/USBDevice.o
    0x0802f64c   0x00000012   Data   RO        20384    .rodata._ZZN9USBDevice25string_imanufacturer_descEvE31string_imanufacturer_descriptor  BUILD/NUCLEO_F401RE/ARMC6/mbed-os/drivers/usb/source/USBDevice.o
    0x0802f65e   0x00000006   Data   RO        20386    .rodata._ZZN9USBDevice26string_iconfiguration_descEvE32string_iconfiguration_descriptor  BUILD/NUCLEO_F401RE/ARMC6/mbed-os/drivers/usb/source/USBDevice.o
    0x0802f664   0x00000008   Data   RO        22576    .rodata.__stderr_name  BUILD/NUCLEO_F401RE/ARMC6/mbed-os/platform/source/mbed_retarget.o
    0x0802f66c   0x00000007   Data   RO        22574    .rodata.__stdin_name  BUILD/NUCLEO_F401RE/ARMC6/mbed-os/platform/source/mbed_retarget.o
    0x0802f673   0x00000008   Data   RO        22575    .rodata.__stdout_name  BUILD/NUCLEO_F401RE/ARMC6/mbed-os/platform/source/mbed_retarget.o
    0x0802f67b   0x00000001   PAD
    0x0802f67c   0x00000040   Data   RO        27082    .rodata.ll_pin_defines  BUILD/NUCLEO_F401RE/ARMC6/mbed-os/targets/TARGET_STM/pinmap.o
    0x0802f6bc   0x00000004   Data   RO          298    .rodata.osRtxUserSVC  BUILD/NUCLEO_F401RE/ARMC6/mbed-os/cmsis/CMSIS_5/CMSIS/RTOS2/RTX/Source/rtx_lib.o
    0x0802f6c0   0x00000024   Data   RO          293    .rodata.os_idle_thread_attr  BUILD/NUCLEO_F401RE/ARMC6/mbed-os/cmsis/CMSIS_5/CMSIS/RTOS2/RTX/Source/rtx_lib.o
    0x0802f6e4   0x00000018   Data   RO          295    .rodata.os_timer_mq_attr  BUILD/NUCLEO_F401RE/ARMC6/mbed-os/cmsis/CMSIS_5/CMSIS/RTOS2/RTX/Source/rtx_lib.o
    0x0802f6fc   0x00000024   Data   RO          294    .rodata.os_timer_thread_attr  BUILD/NUCLEO_F401RE/ARMC6/mbed-os/cmsis/CMSIS_5/CMSIS/RTOS2/RTX/Source/rtx_lib.o
    0x0802f720   0x000000c0   Data   RO        26755    .rodata.pin_lines_desc  BUILD/NUCLEO_F401RE/ARMC6/mbed-os/targets/TARGET_STM/TARGET_STM32F4/gpio_irq_device.o
    0x0802f7e0   0x00000062   Data   RO           16    .rodata.str1.1      BUILD/NUCLEO_F401RE/ARMC6/TimerTPL5010/TimerTPL5010.o
    0x0802f842   0x00000013   Data   RO          299    .rodata.str1.1      BUILD/NUCLEO_F401RE/ARMC6/mbed-os/cmsis/CMSIS_5/CMSIS/RTOS2/RTX/Source/rtx_lib.o
    0x0802f855   0x00000010   Data   RO          703    .rodata.str1.1      BUILD/NUCLEO_F401RE/ARMC6/mbed-os/cmsis/device/rtos/source/mbed_rtos_rtx.o
    0x0802f865   0x00000138   Data   RO          740    .rodata.str1.1      BUILD/NUCLEO_F401RE/ARMC6/mbed-os/cmsis/device/rtos/source/mbed_rtx_handlers.o
    0x0802f99d   0x00000056   Data   RO        18379    .rodata.str1.1      BUILD/NUCLEO_F401RE/ARMC6/mbed-os/connectivity/netsocket/source/nsapi_dns.o
    0x0802f9f3   0x00000029   Data   RO        19847    .rodata.str1.1      BUILD/NUCLEO_F401RE/ARMC6/mbed-os/drivers/usb/source/AsyncOp.o
    0x0802fa1c   0x00000028   Data   RO        20138    .rodata.str1.1      BUILD/NUCLEO_F401RE/ARMC6/mbed-os/drivers/usb/source/USBCDC.o
    0x0802fa44   0x0000013a   Data   RO        20380    .rodata.str1.1      BUILD/NUCLEO_F401RE/ARMC6/mbed-os/drivers/usb/source/USBDevice.o
    0x0802fb7e   0x000000c8   Data   RO        22135    .rodata.str1.1      BUILD/NUCLEO_F401RE/ARMC6/mbed-os/platform/source/TARGET_CORTEX_M/mbed_fault_handler.o
    0x0802fc46   0x0000015b   Data   RO        22319    .rodata.str1.1      BUILD/NUCLEO_F401RE/ARMC6/mbed-os/platform/source/mbed_error.o
    0x0802fda1   0x00000063   Data   RO        22584    .rodata.str1.1      BUILD/NUCLEO_F401RE/ARMC6/mbed-os/platform/source/mbed_retarget.o
    0x0802fe04   0x00000012   Data   RO        22775    .rodata.str1.1      BUILD/NUCLEO_F401RE/ARMC6/mbed-os/rtos/source/Mutex.o
    0x0802fe16   0x00000019   Data   RO        22800    .rodata.str1.1      BUILD/NUCLEO_F401RE/ARMC6/mbed-os/rtos/source/Semaphore.o
    0x0802fe2f   0x00000034   Data   RO        22843    .rodata.str1.1      BUILD/NUCLEO_F401RE/ARMC6/mbed-os/rtos/source/ThisThread.o
    0x0802fe63   0x0000001b   Data   RO        22882    .rodata.str1.1      BUILD/NUCLEO_F401RE/ARMC6/mbed-os/rtos/source/Thread.o
    0x0802fe7e   0x0000004c   Data   RO        26895    .rodata.str1.1      BUILD/NUCLEO_F401RE/ARMC6/mbed-os/targets/TARGET_STM/USBPhy_STM32.o
    0x0802feca   0x0000002a   Data   RO        27201    .rodata.str1.1      BUILD/NUCLEO_F401RE/ARMC6/mbed-os/targets/TARGET_STM/serial_api.o
    0x0802fef4   0x0000000b   Data   RO          286    .rodata.str1.4      BUILD/NUCLEO_F401RE/ARMC6/mbed-os/cmsis/CMSIS_5/CMSIS/RTOS2/RTX/Source/rtx_kernel.o
    0x0802feff   0x00000001   PAD
    0x0802ff00   0x00000008   Data   RO        21667    .rodata.us_data     BUILD/NUCLEO_F401RE/ARMC6/mbed-os/hal/source/mbed_us_ticker_api.o
    0x0802ff08   0x00000024   Data   RO        21669    .rodata.us_interface  BUILD/NUCLEO_F401RE/ARMC6/mbed-os/hal/source/mbed_us_ticker_api.o
    0x0802ff2c   0x00000008   Data   RO        27304    .rodata.us_ticker_get_info.info  BUILD/NUCLEO_F401RE/ARMC6/mbed-os/targets/TARGET_STM/us_ticker.o
    0x0802ff34   0x00000020   Data   RO        28615    Region$$Table       anon$$obj.o
    0x0802ff54   0x00000110   Data   RO        27905    locale$$data        c:\ProgramData\Mbed Studio\mbed-studio-tools\ac6\bin\..\lib\armlib\c_w.l(lc_ctype_c.o)
    0x08030064   0x0000001c   Data   RO        28410    locale$$data        c:\ProgramData\Mbed Studio\mbed-studio-tools\ac6\bin\..\lib\armlib\c_w.l(lc_numeric_c.o)
    0x08030080   0x00000004   Data   RO           90    .init_array         BUILD/NUCLEO_F401RE/ARMC6/main.o
    0x08030084   0x00000000   Data   RO        27637    .init_array         c:\ProgramData\Mbed Studio\mbed-studio-tools\ac6\bin\..\lib\armlib\c_w.l(init_aeabi.o)


    Execution Region RW_IRAM1 (Base: 0x20000198, Size: 0x00002da4, Max: 0xffffffff, ABSOLUTE)

    Base Addr    Size         Type   Attr      Idx    E Section Name        Object

    0x20000198   0x00000004   Data   RW        27553    .data               c:\ProgramData\Mbed Studio\mbed-studio-tools\ac6\bin\..\lib\armlib\c_w.l(stdio_streams.o)
    0x2000019c   0x00000004   Data   RW        27554    .data               c:\ProgramData\Mbed Studio\mbed-studio-tools\ac6\bin\..\lib\armlib\c_w.l(stdio_streams.o)
    0x200001a0   0x00000004   Data   RW        27555    .data               c:\ProgramData\Mbed Studio\mbed-studio-tools\ac6\bin\..\lib\armlib\c_w.l(stdio_streams.o)
    0x200001a4   0x00000004   Data   RW        27892    .data               c:\ProgramData\Mbed Studio\mbed-studio-tools\ac6\bin\..\lib\armlib\c_w.l(streamlock.o)
    0x200001a8   0x00000004   Data   RW        26693    .data.SystemCoreClock  BUILD/NUCLEO_F401RE/ARMC6/mbed-os/targets/TARGET_STM/TARGET_STM32F4/STM32Cube_FW/system_stm32f4xx.o
    0x200001ac   0x00000040   Data   RW        22589    .data._ZL11filehandles  BUILD/NUCLEO_F401RE/ARMC6/mbed-os/platform/source/mbed_retarget.o
    0x200001ec   0x00000004   Data   RW          749    .data._ZL14idle_hook_fptr  BUILD/NUCLEO_F401RE/ARMC6/mbed-os/cmsis/device/rtos/source/mbed_rtx_idle.o
    0x200001f0   0x00000004   Data   RW        21668    .data.irq_handler   BUILD/NUCLEO_F401RE/ARMC6/mbed-os/hal/source/mbed_us_ticker_api.o
    0x200001f4   0x000000a4   Data   RW          287    .data.os            BUILD/NUCLEO_F401RE/ARMC6/mbed-os/cmsis/CMSIS_5/CMSIS/RTOS2/RTX/Source/rtx_kernel.o
    0x20000298   0x00000001   Data   RW        24445    .data.uwTickFreq    BUILD/NUCLEO_F401RE/ARMC6/mbed-os/targets/TARGET_STM/TARGET_STM32F4/STM32Cube_FW/STM32F4xx_HAL_Driver/stm32f4xx_hal.o
    0x20000299   0x00000003   PAD
    0x2000029c   0x00000004   Data   RW        24444    .data.uwTickPrio    BUILD/NUCLEO_F401RE/ARMC6/mbed-os/targets/TARGET_STM/TARGET_STM32F4/STM32Cube_FW/STM32F4xx_HAL_Driver/stm32f4xx_hal.o
    0x200002a0   0x00000054   Zero   RW        27550    .bss                c:\ProgramData\Mbed Studio\mbed-studio-tools\ac6\bin\..\lib\armlib\c_w.l(stdio_streams.o)
    0x200002f4   0x00000054   Zero   RW        27551    .bss                c:\ProgramData\Mbed Studio\mbed-studio-tools\ac6\bin\..\lib\armlib\c_w.l(stdio_streams.o)
    0x20000348   0x00000054   Zero   RW        27552    .bss                c:\ProgramData\Mbed Studio\mbed-studio-tools\ac6\bin\..\lib\armlib\c_w.l(stdio_streams.o)
    0x2000039c   0x00000060   Zero   RW        27784    .bss                c:\ProgramData\Mbed Studio\mbed-studio-tools\ac6\bin\..\lib\armlib\c_w.l(libspace.o)
    0x200003fc   0x00000048   Zero   RW        27305    .bss.TimMasterHandle  BUILD/NUCLEO_F401RE/ARMC6/mbed-os/targets/TARGET_STM/us_ticker.o
    0x20000444   0x00000004   Zero   RW        26892    .bss._ZGVZ11get_usb_phyvE6usbphy  BUILD/NUCLEO_F401RE/ARMC6/mbed-os/targets/TARGET_STM/USBPhy_STM32.o
    0x20000448   0x00000004   Zero   RW        22592    .bss._ZGVZL15default_consolevE7console  BUILD/NUCLEO_F401RE/ARMC6/mbed-os/platform/source/mbed_retarget.o
    0x2000044c   0x00000010   Zero   RW        22582    .bss._ZL13stdio_in_prev  BUILD/NUCLEO_F401RE/ARMC6/mbed-os/platform/source/mbed_retarget.o
    0x2000045c   0x00000010   Zero   RW        22583    .bss._ZL14stdio_out_prev  BUILD/NUCLEO_F401RE/ARMC6/mbed-os/platform/source/mbed_retarget.o
    0x2000046c   0x00000028   Zero   RW        22579    .bss._ZL16filehandle_mutex  BUILD/NUCLEO_F401RE/ARMC6/mbed-os/platform/source/mbed_retarget.o
    0x20000494   0x00000004   Zero   RW        26894    .bss._ZL8instance   BUILD/NUCLEO_F401RE/ARMC6/mbed-os/targets/TARGET_STM/USBPhy_STM32.o
    0x20000498   0x00000004   Zero   RW        21827    .bss._ZN10CThunkBase17_cthunk_free_realE  BUILD/NUCLEO_F401RE/ARMC6/mbed-os/platform/source/CThunkBase.o
    0x2000049c   0x00000004   Zero   RW        21883    .bss._ZN4mbed8FileBase5_headE  BUILD/NUCLEO_F401RE/ARMC6/mbed-os/platform/source/FileBase.o
    0x200004a0   0x00000028   Zero   RW        21884    .bss._ZN4mbed8FileBase6_mutexE  BUILD/NUCLEO_F401RE/ARMC6/mbed-os/platform/source/FileBase.o
    0x200004c8   0x00000004   Zero   RW        21885    .bss._ZN4mbed8FileBase8_defaultE  BUILD/NUCLEO_F401RE/ARMC6/mbed-os/platform/source/FileBase.o
    0x200004cc   0x00000424   Zero   RW        26891    .bss._ZZ11get_usb_phyvE6usbphy  BUILD/NUCLEO_F401RE/ARMC6/mbed-os/targets/TARGET_STM/USBPhy_STM32.o
    0x200008f0   0x00000004   Zero   RW        22591    .bss._ZZL15default_consolevE7console  BUILD/NUCLEO_F401RE/ARMC6/mbed-os/platform/source/mbed_retarget.o
    0x200008f4   0x00000004   Zero   RW        22747    .bss._ZZN4rtos6Kernel4impl14get_tick_countEvE6tick_h  BUILD/NUCLEO_F401RE/ARMC6/mbed-os/rtos/source/Kernel.o
    0x200008f8   0x00000004   Zero   RW        22748    .bss._ZZN4rtos6Kernel4impl14get_tick_countEvE6tick_l  BUILD/NUCLEO_F401RE/ARMC6/mbed-os/rtos/source/Kernel.o
    0x200008fc   0x00000002   Zero   RW        20381    .bss._ZZN9USBDevice19_request_get_statusEvE6status  BUILD/NUCLEO_F401RE/ARMC6/mbed-os/drivers/usb/source/USBDevice.o
    0x200008fe   0x00000002   PAD
    0x20000900   0x00001000   Zero   RW          700    .bss._main_stack    BUILD/NUCLEO_F401RE/ARMC6/mbed-os/cmsis/device/rtos/source/mbed_rtos_rtx.o
    0x20001900   0x00000024   Zero   RW          701    .bss._main_thread_attr  BUILD/NUCLEO_F401RE/ARMC6/mbed-os/cmsis/device/rtos/source/mbed_rtos_rtx.o
    0x20001924   0x00000020   Zero   RW          673    .bss._static_mutexes  BUILD/NUCLEO_F401RE/ARMC6/mbed-os/cmsis/device/rtos/TOOLCHAIN_ARM_STD/mbed_boot_arm_std.o
    0x20001944   0x000000e0   Zero   RW          674    .bss._static_mutexes_mem  BUILD/NUCLEO_F401RE/ARMC6/mbed-os/cmsis/device/rtos/TOOLCHAIN_ARM_STD/mbed_boot_arm_std.o
    0x20001a24   0x00000214   Zero   RW        26946    .bss.channels       BUILD/NUCLEO_F401RE/ARMC6/mbed-os/targets/TARGET_STM/gpio_irq_api.o
    0x20001c38   0x00000001   Zero   RW        21510    .bss.critical_interrupts_enabled  BUILD/NUCLEO_F401RE/ARMC6/mbed-os/hal/source/mbed_critical_section_api.o
    0x20001c39   0x00000003   PAD
    0x20001c3c   0x00000004   Zero   RW        22268    .bss.critical_section_reentrancy_counter  BUILD/NUCLEO_F401RE/ARMC6/mbed-os/platform/source/mbed_critical.o
    0x20001c40   0x00000002   Zero   RW        22409    .bss.deep_sleep_lock  BUILD/NUCLEO_F401RE/ARMC6/mbed-os/platform/source/mbed_power_mgmt.o
    0x20001c42   0x00000002   PAD
    0x20001c44   0x000000e8   Zero   RW           85    .bss.ecard          BUILD/NUCLEO_F401RE/ARMC6/main.o
    0x20001d2c   0x00000004   Zero   RW        22316    .bss.error_count    BUILD/NUCLEO_F401RE/ARMC6/mbed-os/platform/source/mbed_error.o
    0x20001d30   0x00000004   Zero   RW        22317    .bss.error_hook     BUILD/NUCLEO_F401RE/ARMC6/mbed-os/platform/source/mbed_error.o
    0x20001d34   0x00000004   PAD
    0x20001d38   0x00000038   Zero   RW        21670    .bss.events         BUILD/NUCLEO_F401RE/ARMC6/mbed-os/hal/source/mbed_us_ticker_api.o
    0x20001d70   0x00000034   Zero   RW        22315    .bss.first_error_ctx  BUILD/NUCLEO_F401RE/ARMC6/mbed-os/platform/source/mbed_error.o
    0x20001da4   0x00000001   Zero   RW        22318    .bss.halt_in_progress  BUILD/NUCLEO_F401RE/ARMC6/mbed-os/platform/source/mbed_error.o
    0x20001da5   0x00000001   PAD
    0x20001da6   0x00000002   Zero   RW        26945    .bss.irq_channel_used  BUILD/NUCLEO_F401RE/ARMC6/mbed-os/targets/TARGET_STM/gpio_irq_api.o
    0x20001da8   0x00000004   Zero   RW        26798    .bss.irq_handler    BUILD/NUCLEO_F401RE/ARMC6/mbed-os/targets/TARGET_STM/TARGET_STM32F4/serial_device.o
    0x20001dac   0x00000004   Zero   RW        26947    .bss.irq_handler    BUILD/NUCLEO_F401RE/ARMC6/mbed-os/targets/TARGET_STM/gpio_irq_api.o
    0x20001db0   0x0000005c   Zero   RW           89    .bss.isr_queue      BUILD/NUCLEO_F401RE/ARMC6/main.o
    0x20001e0c   0x000000bc   Zero   RW           87    .bss.isr_thread     BUILD/NUCLEO_F401RE/ARMC6/main.o
    0x20001ec8   0x00000034   Zero   RW        22314    .bss.last_error_ctx  BUILD/NUCLEO_F401RE/ARMC6/mbed-os/platform/source/mbed_error.o
    0x20001efc   0x0000001c   Zero   RW           83    .bss.led            BUILD/NUCLEO_F401RE/ARMC6/main.o
    0x20001f18   0x00000001   Zero   RW        22313    .bss.mbed_error_in_progress  BUILD/NUCLEO_F401RE/ARMC6/mbed-os/platform/source/mbed_error.o
    0x20001f19   0x00000003   PAD
    0x20001f1c   0x00000054   Zero   RW        22136    .bss.mbed_fault_context  BUILD/NUCLEO_F401RE/ARMC6/mbed-os/platform/source/TARGET_CORTEX_M/mbed_fault_handler.o
    0x20001f70   0x00000004   Zero   RW        22578    .bss.mbed_heap_size  BUILD/NUCLEO_F401RE/ARMC6/mbed-os/platform/source/mbed_retarget.o
    0x20001f74   0x00000004   Zero   RW        22577    .bss.mbed_heap_start  BUILD/NUCLEO_F401RE/ARMC6/mbed-os/platform/source/mbed_retarget.o
    0x20001f78   0x00000004   Zero   RW        27074    .bss.mbed_sdk_inited  BUILD/NUCLEO_F401RE/ARMC6/mbed-os/targets/TARGET_STM/mbed_overrides.o
    0x20001f7c   0x00000004   Zero   RW          691    .bss.mbed_stack_isr_size  BUILD/NUCLEO_F401RE/ARMC6/mbed-os/cmsis/device/rtos/source/mbed_boot.o
    0x20001f80   0x00000004   Zero   RW          690    .bss.mbed_stack_isr_start  BUILD/NUCLEO_F401RE/ARMC6/mbed-os/cmsis/device/rtos/source/mbed_boot.o
    0x20001f84   0x00000040   Zero   RW          292    .bss.os             BUILD/NUCLEO_F401RE/ARMC6/mbed-os/cmsis/CMSIS_5/CMSIS/RTOS2/RTX/Source/rtx_lib.o
    0x20001fc4   0x00000001   Zero   RW          653    .bss.os             BUILD/NUCLEO_F401RE/ARMC6/mbed-os/cmsis/CMSIS_5/CMSIS/RTOS2/Source/os_systick.o
    0x20001fc5   0x00000003   PAD
    0x20001fc8   0x000001f0   Zero   RW          672    .bss.os.libspace    BUILD/NUCLEO_F401RE/ARMC6/mbed-os/cmsis/device/rtos/TOOLCHAIN_ARM_STD/mbed_boot_arm_std.o
    0x200021b8   0x00000034   Zero   RW          303    .bss.os.msgqueue.cb  BUILD/NUCLEO_F401RE/ARMC6/mbed-os/cmsis/CMSIS_5/CMSIS/RTOS2/RTX/Source/rtx_lib.o
    0x200021ec   0x00000050   Zero   RW          304    .bss.os.msgqueue.mem  BUILD/NUCLEO_F401RE/ARMC6/mbed-os/cmsis/CMSIS_5/CMSIS/RTOS2/RTX/Source/rtx_lib.o
    0x2000223c   0x00000088   Zero   RW          300    .bss.os.thread.cb   BUILD/NUCLEO_F401RE/ARMC6/mbed-os/cmsis/CMSIS_5/CMSIS/RTOS2/RTX/Source/rtx_lib.o
    0x200022c4   0x00000044   Zero   RW          702    .bss.os.thread.cb   BUILD/NUCLEO_F401RE/ARMC6/mbed-os/cmsis/device/rtos/source/mbed_rtos_rtx.o
    0x20002308   0x00000200   Zero   RW          301    .bss.os.thread.idle.stack  BUILD/NUCLEO_F401RE/ARMC6/mbed-os/cmsis/CMSIS_5/CMSIS/RTOS2/RTX/Source/rtx_lib.o
    0x20002508   0x00000300   Zero   RW          302    .bss.os.thread.timer.stack  BUILD/NUCLEO_F401RE/ARMC6/mbed-os/cmsis/CMSIS_5/CMSIS/RTOS2/RTX/Source/rtx_lib.o
    0x20002808   0x00000001   Zero   RW          675    .bss.os_kernel_is_active.os_kernel_active  BUILD/NUCLEO_F401RE/ARMC6/mbed-os/cmsis/device/rtos/TOOLCHAIN_ARM_STD/mbed_boot_arm_std.o
    0x20002809   0x00000003   PAD
    0x2000280c   0x00000474   Zero   RW           86    .bss.pc             BUILD/NUCLEO_F401RE/ARMC6/main.o
    0x20002c80   0x00000002   Zero   RW        26959    .bss.prev_tick_remainder  BUILD/NUCLEO_F401RE/ARMC6/mbed-os/targets/TARGET_STM/hal_tick_overrides.o
    0x20002c82   0x00000002   PAD
    0x20002c84   0x00000004   Zero   RW        26958    .bss.prev_time      BUILD/NUCLEO_F401RE/ARMC6/mbed-os/targets/TARGET_STM/hal_tick_overrides.o
    0x20002c88   0x0000000c   Zero   RW        26797    .bss.serial_irq_ids  BUILD/NUCLEO_F401RE/ARMC6/mbed-os/targets/TARGET_STM/TARGET_STM32F4/serial_device.o
    0x20002c94   0x00000004   Zero   RW          706    .bss.singleton_mutex_id  BUILD/NUCLEO_F401RE/ARMC6/mbed-os/cmsis/device/rtos/source/mbed_rtos_rtx.o
    0x20002c98   0x0000001c   Zero   RW          704    .bss.singleton_mutex_obj  BUILD/NUCLEO_F401RE/ARMC6/mbed-os/cmsis/device/rtos/source/mbed_rtos_rtx.o
    0x20002cb4   0x00000001   Zero   RW        21509    .bss.state_saved    BUILD/NUCLEO_F401RE/ARMC6/mbed-os/hal/source/mbed_critical_section_api.o
    0x20002cb5   0x00000003   PAD
    0x20002cb8   0x0000004c   Zero   RW        27202    .bss.stdio_uart     BUILD/NUCLEO_F401RE/ARMC6/mbed-os/targets/TARGET_STM/serial_api.o
    0x20002d04   0x00000004   Zero   RW        27200    .bss.stdio_uart_inited  BUILD/NUCLEO_F401RE/ARMC6/mbed-os/targets/TARGET_STM/serial_api.o
    0x20002d08   0x00000004   Zero   RW          739    .bss.terminate_hook  BUILD/NUCLEO_F401RE/ARMC6/mbed-os/cmsis/device/rtos/source/mbed_rtx_handlers.o
    0x20002d0c   0x00000004   Zero   RW        27307    .bss.timer_ccr1_reg  BUILD/NUCLEO_F401RE/ARMC6/mbed-os/targets/TARGET_STM/us_ticker.o
    0x20002d10   0x00000004   Zero   RW        27306    .bss.timer_cnt_reg  BUILD/NUCLEO_F401RE/ARMC6/mbed-os/targets/TARGET_STM/us_ticker.o
    0x20002d14   0x00000004   Zero   RW        27308    .bss.timer_dier_reg  BUILD/NUCLEO_F401RE/ARMC6/mbed-os/targets/TARGET_STM/us_ticker.o
    0x20002d18   0x00000004   Zero   RW        26960    .bss.total_ticks    BUILD/NUCLEO_F401RE/ARMC6/mbed-os/targets/TARGET_STM/hal_tick_overrides.o
    0x20002d1c   0x00000098   Zero   RW           84    .bss.tpl5010        BUILD/NUCLEO_F401RE/ARMC6/main.o
    0x20002db4   0x000000cc   Zero   RW        26799    .bss.uart_handlers  BUILD/NUCLEO_F401RE/ARMC6/mbed-os/targets/TARGET_STM/TARGET_STM32F4/serial_device.o
    0x20002e80   0x000000bc   Zero   RW           88    .bss.usb_thread     BUILD/NUCLEO_F401RE/ARMC6/main.o


    Execution Region ARM_LIB_HEAP (Base: 0x20002f40, Size: 0x00014cc0, Max: 0x00014cc0, ABSOLUTE)

    Base Addr    Size         Type   Attr      Idx    E Section Name        Object

    0x20002f40   0x00014cc0   Zero   RW            1    ARM_LIB_HEAP.bss    anon$$obj.o


    Execution Region ARM_LIB_STACK (Base: 0x20017c00, Size: 0x00000400, Max: 0x00000400, ABSOLUTE)

    Base Addr    Size         Type   Attr      Idx    E Section Name        Object

    0x20017c00   0x00000400   Zero   RW            2    ARM_LIB_STACK.bss   anon$$obj.o


==============================================================================

Image component sizes


      Code (inc. data)   RO Data    RW Data    ZI Data      Debug   

     48888       2846       4628        248      97280      37420   Object Totals
         0          0         32          0      86208          0   (incl. Generated)
       132          0          4          3         26          0   (incl. Padding)
     11596        536        556         16        348       8724   Library Totals
        22          0          4          0          0          0   (incl. Padding)

==============================================================================


      Code (inc. data)   RO Data    RW Data    ZI Data      Debug   

     60484       3382       5184        264      97628      39468   Grand Totals
     60484       3382       5184        264      97628      39468   ELF Image Totals
     60484       3382       5184        264          0          0   ROM Totals

==============================================================================

    Total RO  Size (Code + RO Data)                65668 (  64.13kB)
    Total RW  Size (RW Data + ZI Data)             97892 (  95.60kB)
    Total ROM Size (Code + RO Data + RW Data)      65932 (  64.39kB)

==============================================================================

